49.118.188.222 - - [26/Apr/2019:23:59:54 +0800]  "POST /interface/example_cvs/save_form_id HTTP/1.1" 200 46 "https://servicewechat.com/wx578fdf80110e543b/37/page-frame.html" "Mozilla/5.0 (Linux; Android 9; Redmi Note 7 Pro Build/PKQ1.181203.001; wv) AppleWebKit/537.36 (KHTML, like Gecko) Version/4.0 Chrome/71.0.3578.99 Mobile Safari/537.36 MicroMessenger/7.0.4.1420(0x27000437) Process/appbrand2 NetType/WIFI Language/zh_CN" -
218.19.145.82 - - [26/Apr/2019:23:59:54 +0800]  "GET /example_entries?locale=zh-CN&lang=cn&tag=%E6%89%A7%E7%85%A7%2F%E5%9F%B9%E8%AE%AD&example_type=%E5%85%B6%E4%BB%96& HTTP/1.1" 304 0 "https://www.wondercv.com/zh-CN/cvs/JrbxJEo/other" "Mozilla/5.0 (Windows NT 10.0; WOW64) AppleWebKit/537.36 (KHTML, like Gecko) Chrome/70.0.3538.25 Safari/537.36" HIT
218.19.145.82 - - [26/Apr/2019:23:59:54 +0800]  "GET /example_entries?locale=zh-CN&lang=cn&tag=%E6%89%A7%E7%85%A7%2F%E5%9F%B9%E8%AE%AD&example_type=%E5%85%B6%E4%BB%96&_=1556294333646 HTTP/1.1" 301 194 "https://www.wondercv.com/zh-CN/cvs/JrbxJEo/other" "Mozilla/5.0 (Windows NT 10.0; WOW64) AppleWebKit/537.36 (KHTML, like Gecko) Chrome/70.0.3538.25 Safari/537.36" -
117.158.213.174 - - [26/Apr/2019:23:59:54 +0800]  "GET /assets/application-d90fe7c6e241e748d4b67f1ca4996de0e21a87f62b4bfd7de471ba2896fa9930.css HTTP/1.1" 302 170 "https://www.wondercv.com/zh-CN/cvs?miniprogram_unionid=ocVLM1KTQZWgxCmcc54MRhDUPETo" "Mozilla/5.0 (Linux; Android 7.1.1; PRO 6 Build/NMF26O; wv) AppleWebKit/537.36 (KHTML, like Gecko) Version/4.0 Chrome/67.0.3396.87 XWEB/673 MMWEBSDK/190301 Mobile Safari/537.36 MMWEBID/7178 MicroMessenger/7.0.4.1420(0x27000439) Process/appbrand2 NetType/WIFI Language/zh_CN miniProgram" -
117.158.213.174 - - [26/Apr/2019:23:59:54 +0800]  "GET /assets/application-3e5f44e19e50027709573ede0932e044413fda22d1cf07a0cbd1d3284c17dd64.js HTTP/1.1" 302 170 "https://www.wondercv.com/zh-CN/cvs?miniprogram_unionid=ocVLM1KTQZWgxCmcc54MRhDUPETo" "Mozilla/5.0 (Linux; Android 7.1.1; PRO 6 Build/NMF26O; wv) AppleWebKit/537.36 (KHTML, like Gecko) Version/4.0 Chrome/67.0.3396.87 XWEB/673 MMWEBSDK/190301 Mobile Safari/537.36 MMWEBID/7178 MicroMessenger/7.0.4.1420(0x27000439) Process/appbrand2 NetType/WIFI Language/zh_CN miniProgram" -
218.19.145.82 - - [26/Apr/2019:23:59:54 +0800]  "GET /example_entries?locale=zh-CN&lang=cn&tag=%E6%89%A7%E7%85%A7%2F%E5%9F%B9%E8%AE%AD&example_type=%E5%85%B6%E4%BB%96& HTTP/1.1" 304 0 "https://www.wondercv.com/zh-CN/cvs/JrbxJEo/other" "Mozilla/5.0 (Windows NT 10.0; WOW64) AppleWebKit/537.36 (KHTML, like Gecko) Chrome/70.0.3538.25 Safari/537.36" HIT
114.135.249.75 - - [26/Apr/2019:23:59:54 +0800]  "POST /zh-CN/cvs/iDomfQU/profiles HTTP/1.1" 200 1165 "https://www.wondercv.com/zh-CN/cvs/iDomfQU/editor" "Mozilla/5.0 (Windows NT 10.0; Win64; x64) AppleWebKit/537.36 (KHTML, like Gecko) Chrome/73.0.3683.103 Safari/537.36" -
117.136.32.57 - - [26/Apr/2019:23:59:54 +0800]  "GET /assets/v2_editor-e4c4559fc59e507247da12660e9b49b26acd0a19acda784480ccb898626a3916.css HTTP/1.1" 302 170 "https://www.wondercv.com/zh-CN/cvs/LgPY7xY/editor" "Mozilla/5.0 (Linux; Android 8.0.0; MI 5s Plus Build/OPR1.170623.032; wv) AppleWebKit/537.36 (KHTML, like Gecko) Version/4.0 Chrome/67.0.3396.87 XWEB/673 MMWEBSDK/190102 Mobile Safari/537.36 MMWEBID/5845 MicroMessenger/7.0.3.1400(0x2700033C) Process/appbrand0 NetType/4G Language/zh_CN miniProgram" -
123.115.68.219 - - [26/Apr/2019:23:59:55 +0800]  "GET /universities.json?term=Zhengzhou+ HTTP/1.1" 200 33 "https://www.wondercv.com/zh-CN/cvs/Xooyb_Q/editor" "Mozilla/5.0 (Windows NT 6.1) AppleWebKit/537.36 (KHTML, like Gecko) Chrome/70.0.3538.25 Safari/537.36 Core/1.70.3650.400 QQBrowser/10.4.3341.400" -
64.125.43.171 - - [26/Apr/2019:23:59:55 +0800]  "GET /assets/tinymce/plugins/link/plugin.js HTTP/1.1" 200 6990 "https://www.wondercv.com/zh-CN/cvs/2TR0IBw/works" "Mozilla/5.0 (Windows NT 6.1; WOW64) AppleWebKit/537.36 (KHTML, like Gecko) Chrome/74.0.3729.108 Safari/537.36" -
222.70.27.59 - - [26/Apr/2019:23:59:55 +0800]  "DELETE /zh-CN/cvs/1582839/certificates/destroy_all HTTP/1.1" 200 511 "https://www.wondercv.com/zh-CN/cvs/VRpVzSg/other" "Mozilla/5.0 (Windows NT 10.0; WOW64) AppleWebKit/537.36 (KHTML, like Gecko) Chrome/63.0.3239.26 Safari/537.36 Core/1.63.6726.400 QQBrowser/10.2.2265.400" -
64.125.43.171 - - [26/Apr/2019:23:59:55 +0800]  "GET /assets/tinymce/plugins/autoresize/plugin.js HTTP/1.1" 200 1903 "https://www.wondercv.com/zh-CN/cvs/2TR0IBw/works" "Mozilla/5.0 (Windows NT 6.1; WOW64) AppleWebKit/537.36 (KHTML, like Gecko) Chrome/74.0.3729.108 Safari/537.36" -
64.125.43.171 - - [26/Apr/2019:23:59:55 +0800]  "GET /assets/tinymce/plugins/paste/plugin.js HTTP/1.1" 200 17750 "https://www.wondercv.com/zh-CN/cvs/2TR0IBw/works" "Mozilla/5.0 (Windows NT 6.1; WOW64) AppleWebKit/537.36 (KHTML, like Gecko) Chrome/74.0.3729.108 Safari/537.36" -
112.43.40.78 - - [26/Apr/2019:23:59:55 +0800]  "GET /assets/application-d90fe7c6e241e748d4b67f1ca4996de0e21a87f62b4bfd7de471ba2896fa9930.css HTTP/1.1" 302 170 "https://www.wondercv.com/zh-CN/cvs" "Mozilla/5.0 (Windows NT 10.0; WOW64) AppleWebKit/537.36 (KHTML, like Gecko) Chrome/63.0.3239.26 Safari/537.36 Core/1.63.6735.400 QQBrowser/10.2.2614.400" -
207.46.13.188 - - [26/Apr/2019:23:59:55 +0800]  "GET /zh-CN/job/applications/TUVRZlg/job_detail_show/ HTTP/1.1" 301 194 "-" "Mozilla/5.0 (compatible; bingbot/2.0; +http://www.bing.com/bingbot.htm)" -
153.0.3.93 - - [26/Apr/2019:23:59:55 +0800]  "POST /zh-CN/template_matches HTTP/1.1" 200 102 "https://www.wondercv.com/zh-CN/template_matches/new?client=android" "Mozilla/5.0 (Linux; Android 8.1.0; V1813A Build/O11019; wv) AppleWebKit/537.36 (KHTML, like Gecko) Version/4.0 Chrome/62.0.3202.84 Mobile Safari/537.36android_wondercv_app&android_app_version=2.2.0" -
123.15.57.142 - - [26/Apr/2019:23:59:55 +0800]  "POST /zh-CN/cvs/1577566/orgs/2083945 HTTP/1.1" 200 181 "https://www.wondercv.com/zh-CN/cvs/mm_adcg/editor" "Mozilla/5.0 (Windows NT 10.0; Win64; x64) AppleWebKit/537.36 (KHTML, like Gecko) Chrome/73.0.3683.103 Safari/537.36" -
49.118.188.222 - - [26/Apr/2019:23:59:55 +0800]  "GET /interface/example_cvs/cv_show?cv_id=293&unionId=ocVLM1ON94YhAfEQPYNAUpEUev0Y&industry=&search_word= HTTP/1.1" 200 3945 "https://servicewechat.com/wx578fdf80110e543b/37/page-frame.html" "Mozilla/5.0 (Linux; Android 9; Redmi Note 7 Pro Build/PKQ1.181203.001; wv) AppleWebKit/537.36 (KHTML, like Gecko) Version/4.0 Chrome/71.0.3578.99 Mobile Safari/537.36 MicroMessenger/7.0.4.1420(0x27000437) Process/appbrand2 NetType/WIFI Language/zh_CN" -
64.125.43.171 - - [26/Apr/2019:23:59:55 +0800]  "GET /assets/tinymce/plugins/table/plugin.js HTTP/1.1" 200 46897 "https://www.wondercv.com/zh-CN/cvs/2TR0IBw/works" "Mozilla/5.0 (Windows NT 6.1; WOW64) AppleWebKit/537.36 (KHTML, like Gecko) Chrome/74.0.3729.108 Safari/537.36" -
117.136.32.57 - - [26/Apr/2019:23:59:55 +0800]  "GET /assets/application-3e5f44e19e50027709573ede0932e044413fda22d1cf07a0cbd1d3284c17dd64.js HTTP/1.1" 302 170 "https://www.wondercv.com/zh-CN/cvs/LgPY7xY/editor" "Mozilla/5.0 (Linux; Android 8.0.0; MI 5s Plus Build/OPR1.170623.032; wv) AppleWebKit/537.36 (KHTML, like Gecko) Version/4.0 Chrome/67.0.3396.87 XWEB/673 MMWEBSDK/190102 Mobile Safari/537.36 MMWEBID/5845 MicroMessenger/7.0.3.1400(0x2700033C) Process/appbrand0 NetType/4G Language/zh_CN miniProgram" -
42.112.42.230 - - [26/Apr/2019:23:59:55 +0800]  "GET /?_c=google&_p=tyc&_k=3060 HTTP/1.1" 200 18855 "https://www.google.com/" "Mozilla/5.0 (Windows NT 10.0; Win64; x64) AppleWebKit/537.36 (KHTML, like Gecko) Chrome/64.0.3282.140 Safari/537.36 Edge/17.17134" -
116.25.41.125 - - [26/Apr/2019:23:59:56 +0800]  "POST /zh-CN/signin/scan/check HTTP/1.1" 200 50 "https://www.wondercv.com/zh-CN/signin?type=login" "Mozilla/5.0 (Macintosh; Intel Mac OS X 10_14_0) AppleWebKit/537.36 (KHTML, like Gecko) Chrome/73.0.3683.86 Safari/537.36" -
140.207.54.80 - - [26/Apr/2019:23:59:56 +0800]  "POST /wechat?signature=8630d0cb6b572bafb501ead29ecb044f2aab7f9d&timestamp=1556294395&nonce=122753966&openid=oodHF0rk9qoax37ZDJ0zUSpDIXfk HTTP/1.1" 200 252 "-" "Mozilla/4.0" -
112.43.40.78 - - [26/Apr/2019:23:59:56 +0800]  "GET /assets/application-3e5f44e19e50027709573ede0932e044413fda22d1cf07a0cbd1d3284c17dd64.js HTTP/1.1" 302 170 "https://www.wondercv.com/zh-CN/cvs" "Mozilla/5.0 (Windows NT 10.0; WOW64) AppleWebKit/537.36 (KHTML, like Gecko) Chrome/63.0.3239.26 Safari/537.36 Core/1.63.6735.400 QQBrowser/10.2.2614.400" -
123.115.68.219 - - [26/Apr/2019:23:59:56 +0800]  "GET /universities.json?term=Zhengzhou+u HTTP/1.1" 200 33 "https://www.wondercv.com/zh-CN/cvs/Xooyb_Q/editor" "Mozilla/5.0 (Windows NT 6.1) AppleWebKit/537.36 (KHTML, like Gecko) Chrome/70.0.3538.25 Safari/537.36 Core/1.70.3650.400 QQBrowser/10.4.3341.400" -
77.180.231.93 - - [26/Apr/2019:23:59:56 +0800]  "POST /zh-CN/cvs/1582384/works/2187638 HTTP/1.1" 200 169 "https://www.wondercv.com/zh-CN/cvs/GPzuS4w/editor" "Mozilla/5.0 (Macintosh; Intel Mac OS X 10_14_0) AppleWebKit/537.36 (KHTML, like Gecko) Chrome/73.0.3683.103 Safari/537.36" -
218.17.40.45 - - [26/Apr/2019:23:59:56 +0800]  "POST /zh-CN/signin/scan/check HTTP/1.1" 200 50 "https://www.wondercv.com/zh-CN/signin?type=reg" "Mozilla/5.0 (Windows NT 10.0; WOW64) AppleWebKit/537.36 (KHTML, like Gecko) Chrome/58.0.3029.110 Safari/537.36 SE 2.X MetaSr 1.0" -
61.185.224.242 - - [26/Apr/2019:23:59:56 +0800]  "GET /zh-CN/cvs HTTP/1.1" 200 22647 "https://www.wondercv.com/zh-CN/cvs/_uwbTq0/editor" "Mozilla/5.0 (Windows NT 10.0; WOW64) AppleWebKit/537.36 (KHTML, like Gecko) Chrome/73.0.3683.86 Safari/537.36" -
106.17.40.92 - - [26/Apr/2019:23:59:56 +0800]  "POST /zh-CN/cvs/j2n431I/custom_sections/2071920 HTTP/1.1" 200 5173 "https://www.wondercv.com/zh-CN/cvs/j2n431I/custom_sections/2071920/edit" "Mozilla/5.0 (Windows NT 10.0; WOW64) AppleWebKit/537.36 (KHTML, like Gecko) Chrome/63.0.3239.132 Safari/537.36" -
218.19.145.82 - - [26/Apr/2019:23:59:56 +0800]  "GET /example_entries?locale=zh-CN&lang=cn&tag=%E6%89%A7%E7%85%A7%2F%E5%9F%B9%E8%AE%AD&example_type=%E5%85%B6%E4%BB%96&_=1556294333647 HTTP/1.1" 301 194 "https://www.wondercv.com/zh-CN/cvs/JrbxJEo/other" "Mozilla/5.0 (Windows NT 10.0; WOW64) AppleWebKit/537.36 (KHTML, like Gecko) Chrome/70.0.3538.25 Safari/537.36" -
218.19.145.82 - - [26/Apr/2019:23:59:56 +0800]  "GET /example_entries?locale=zh-CN&lang=cn&tag=%E6%89%A7%E7%85%A7%2F%E5%9F%B9%E8%AE%AD&example_type=%E5%85%B6%E4%BB%96& HTTP/1.1" 304 0 "https://www.wondercv.com/zh-CN/cvs/JrbxJEo/other" "Mozilla/5.0 (Windows NT 10.0; WOW64) AppleWebKit/537.36 (KHTML, like Gecko) Chrome/70.0.3538.25 Safari/537.36" HIT
61.185.224.242 - - [26/Apr/2019:23:59:56 +0800]  "GET /assets/application-d90fe7c6e241e748d4b67f1ca4996de0e21a87f62b4bfd7de471ba2896fa9930.css HTTP/1.1" 302 170 "https://www.wondercv.com/zh-CN/cvs" "Mozilla/5.0 (Windows NT 10.0; WOW64) AppleWebKit/537.36 (KHTML, like Gecko) Chrome/73.0.3683.86 Safari/537.36" -
61.185.224.242 - - [26/Apr/2019:23:59:56 +0800]  "GET /assets/application-3e5f44e19e50027709573ede0932e044413fda22d1cf07a0cbd1d3284c17dd64.js HTTP/1.1" 302 170 "https://www.wondercv.com/zh-CN/cvs" "Mozilla/5.0 (Windows NT 10.0; WOW64) AppleWebKit/537.36 (KHTML, like Gecko) Chrome/73.0.3683.86 Safari/537.36" -
114.254.13.207 - - [26/Apr/2019:23:59:56 +0800]  "GET /zh-CN/cvs/yFDjW5M/works HTTP/1.1" 200 21056 "https://www.wondercv.com/zh-CN/cvs/yFDjW5M/editor" "Mozilla/5.0 (iPad; CPU OS 12_2 like Mac OS X) AppleWebKit/605.1.15 (KHTML, like Gecko) CriOS/73.0.3683.68 Mobile/15E148 Safari/605.1" -
114.254.13.207 - - [26/Apr/2019:23:59:56 +0800]  "GET /assets/v2_guide-d8dbaf07292bd37b5b2d333e27c3af26d2d2643bc9366b80314d0ef0f5729b60.css HTTP/1.1" 302 170 "https://www.wondercv.com/zh-CN/cvs/yFDjW5M/works" "Mozilla/5.0 (iPad; CPU OS 12_2 like Mac OS X) AppleWebKit/605.1.15 (KHTML, like Gecko) CriOS/73.0.3683.68 Mobile/15E148 Safari/605.1" -
114.254.13.207 - - [26/Apr/2019:23:59:56 +0800]  "GET /assets/application-3e5f44e19e50027709573ede0932e044413fda22d1cf07a0cbd1d3284c17dd64.js HTTP/1.1" 302 170 "https://www.wondercv.com/zh-CN/cvs/yFDjW5M/works" "Mozilla/5.0 (iPad; CPU OS 12_2 like Mac OS X) AppleWebKit/605.1.15 (KHTML, like Gecko) CriOS/73.0.3683.68 Mobile/15E148 Safari/605.1" -
114.254.13.207 - - [26/Apr/2019:23:59:57 +0800]  "GET /verbs?type=%E4%B8%AA%E4%BA%BA%E6%88%90%E5%B0%B1&display=%E4%B8%AD%E6%96%87&_=1556294397019 HTTP/1.1" 301 194 "https://www.wondercv.com/zh-CN/cvs/yFDjW5M/works" "Mozilla/5.0 (iPad; CPU OS 12_2 like Mac OS X) AppleWebKit/605.1.15 (KHTML, like Gecko) CriOS/73.0.3683.68 Mobile/15E148 Safari/605.1" -
114.254.13.207 - - [26/Apr/2019:23:59:57 +0800]  "GET /verbs?type=%E4%B8%AA%E4%BA%BA%E6%88%90%E5%B0%B1&display=%E4%B8%AD%E6%96%87&_=1556294397020 HTTP/1.1" 301 194 "https://www.wondercv.com/zh-CN/cvs/yFDjW5M/works" "Mozilla/5.0 (iPad; CPU OS 12_2 like Mac OS X) AppleWebKit/605.1.15 (KHTML, like Gecko) CriOS/73.0.3683.68 Mobile/15E148 Safari/605.1" -
64.125.43.171 - - [26/Apr/2019:23:59:57 +0800]  "GET /assets/tinymce/skins/lightgray/skin.min.css HTTP/1.1" 200 7609 "https://www.wondercv.com/zh-CN/cvs/2TR0IBw/works" "Mozilla/5.0 (Windows NT 6.1; WOW64) AppleWebKit/537.36 (KHTML, like Gecko) Chrome/74.0.3729.108 Safari/537.36" -
114.254.13.207 - - [26/Apr/2019:23:59:57 +0800]  "GET /verbs?type=%E4%B8%AA%E4%BA%BA%E6%88%90%E5%B0%B1&display=%E4%B8%AD%E6%96%87& HTTP/1.1" 200 396 "https://www.wondercv.com/zh-CN/cvs/yFDjW5M/works" "Mozilla/5.0 (iPad; CPU OS 12_2 like Mac OS X) AppleWebKit/605.1.15 (KHTML, like Gecko) CriOS/73.0.3683.68 Mobile/15E148 Safari/605.1" HIT
114.254.13.207 - - [26/Apr/2019:23:59:57 +0800]  "GET /verbs?type=%E4%B8%AA%E4%BA%BA%E6%88%90%E5%B0%B1&display=%E4%B8%AD%E6%96%87& HTTP/1.1" 200 396 "https://www.wondercv.com/zh-CN/cvs/yFDjW5M/works" "Mozilla/5.0 (iPad; CPU OS 12_2 like Mac OS X) AppleWebKit/605.1.15 (KHTML, like Gecko) CriOS/73.0.3683.68 Mobile/15E148 Safari/605.1" HIT
64.125.43.171 - - [26/Apr/2019:23:59:57 +0800]  "GET /assets/tinymce/skins/lightgray/content.min.css HTTP/1.1" 200 1191 "https://www.wondercv.com/zh-CN/cvs/2TR0IBw/works" "Mozilla/5.0 (Windows NT 6.1; WOW64) AppleWebKit/537.36 (KHTML, like Gecko) Chrome/74.0.3729.108 Safari/537.36" -
42.112.42.230 - - [26/Apr/2019:23:59:57 +0800]  "GET /assets/welcome-819871e4bec4d104d4a04334eb79faac20da027a68b026959e01b68d7cfdb6ea.css HTTP/1.1" 302 170 "https://www.wondercv.com/?_c=google&_p=tyc&_k=3060" "Mozilla/5.0 (Windows NT 10.0; Win64; x64) AppleWebKit/537.36 (KHTML, like Gecko) Chrome/64.0.3282.140 Safari/537.36 Edge/17.17134" -
123.115.68.219 - - [26/Apr/2019:23:59:57 +0800]  "GET /universities.json?term=Zhengzhou+uni HTTP/1.1" 200 33 "https://www.wondercv.com/zh-CN/cvs/Xooyb_Q/editor" "Mozilla/5.0 (Windows NT 6.1) AppleWebKit/537.36 (KHTML, like Gecko) Chrome/70.0.3538.25 Safari/537.36 Core/1.70.3650.400 QQBrowser/10.4.3341.400" -
42.112.42.230 - - [26/Apr/2019:23:59:57 +0800]  "GET /assets/welcome-8141fad96fd901b00140145ddef5cb9279f381de377728d4049a9c531d1c0d2d.js HTTP/1.1" 302 170 "https://www.wondercv.com/?_c=google&_p=tyc&_k=3060" "Mozilla/5.0 (Windows NT 10.0; Win64; x64) AppleWebKit/537.36 (KHTML, like Gecko) Chrome/64.0.3282.140 Safari/537.36 Edge/17.17134" -
49.118.188.222 - - [26/Apr/2019:23:59:57 +0800]  "GET /interface/example_cvs?pageNo=3&workTime=&industry=&pageSize=10&unionId=ocVLM1ON94YhAfEQPYNAUpEUev0Y HTTP/1.1" 200 985 "https://servicewechat.com/wx578fdf80110e543b/37/page-frame.html" "Mozilla/5.0 (Linux; Android 9; Redmi Note 7 Pro Build/PKQ1.181203.001; wv) AppleWebKit/537.36 (KHTML, like Gecko) Version/4.0 Chrome/71.0.3578.99 Mobile Safari/537.36 MicroMessenger/7.0.4.1420(0x27000437) Process/appbrand2 NetType/WIFI Language/zh_CN" -
106.38.241.125 - - [26/Apr/2019:23:59:57 +0800]  "GET /en/blog/mjuu0bub HTTP/1.1" 200 15737 "-" "Sogou web spider/4.0(+http://www.sogou.com/docs/help/webmasters.htm#07)" -
106.34.154.4 - - [26/Apr/2019:23:59:57 +0800]  "GET /companies.json?term=%E7%84%A6%E4%BD%9C%E5%B8%82%E4%BA%BA%E6%B0%91 HTTP/1.1" 200 33 "https://www.wondercv.com/zh-CN/cvs/nPaVJFM/works?client=android" "Mozilla/5.0 (Linux; Android 8.0.0; DUK-AL20 Build/HUAWEIDUK-AL20; wv) AppleWebKit/537.36 (KHTML, like Gecko) Version/4.0 Chrome/68.0.3440.91 Mobile Safari/537.36android_wondercv_app&android_app_version=2.2.0" -
111.164.173.188 - - [26/Apr/2019:23:59:57 +0800]  "GET /zh-CN/campus_recruiting/user_show?_=1556294390831&category=%E4%BA%92%E8%81%94%E7%BD%91&is_hot=&page=2 HTTP/1.1" 200 2557 "https://www.wondercv.com/zh-CN/campus_recruiting/user_show" "Mozilla/5.0 (Windows NT 10.0; Win64; x64) AppleWebKit/537.36 (KHTML, like Gecko) Chrome/73.0.3683.103 Safari/537.36" -
117.136.32.57 - - [26/Apr/2019:23:59:57 +0800]  "POST /zh-CN/account/users/1407518/wx_personal_qr HTTP/1.1" 200 86 "https://www.wondercv.com/zh-CN/cvs/LgPY7xY/editor" "Mozilla/5.0 (Linux; Android 8.0.0; MI 5s Plus Build/OPR1.170623.032; wv) AppleWebKit/537.36 (KHTML, like Gecko) Version/4.0 Chrome/67.0.3396.87 XWEB/673 MMWEBSDK/190102 Mobile Safari/537.36 MMWEBID/5845 MicroMessenger/7.0.3.1400(0x2700033C) Process/appbrand0 NetType/4G Language/zh_CN miniProgram" -
123.4.52.4 - - [26/Apr/2019:23:59:57 +0800]  "GET /universities.json?term=%E4%B8%9C%E5%8C%97%E5%B8%88%E8%8C%83%E5%A4%A7%E5%AD%A6 HTTP/1.1" 200 86 "https://www.wondercv.com/zh-CN/cvs/UUUz8P8/edus" "Mozilla/5.0 (Linux; Android 5.1.1; vivo X6S A Build/LMY47V; wv) AppleWebKit/537.36 (KHTML, like Gecko) Version/4.0 Chrome/67.0.3396.87 XWEB/673 MMWEBSDK/180803 Mobile Safari/537.36 MMWEBID/9678 MicroMessenger/6.7.3.1360(0x260703E6) NetType/WIFI Language/zh_CN Process/appbrand0 miniProgram" -
119.127.55.18 - - [26/Apr/2019:23:59:57 +0800]  "POST /zh-CN/account/users/1296871/wx_personal_qr HTTP/1.1" 200 86 "https://www.wondercv.com/zh-CN/cvs/L2kzskw/editor" "Mozilla/5.0 (Linux; Android 8.1.0; SM-G6200 Build/OPM1.171019.026; wv) AppleWebKit/537.36 (KHTML, like Gecko) Version/4.0 Chrome/67.0.3396.87 XWEB/673 MMWEBSDK/190102 Mobile Safari/537.36 MMWEBID/9382 MicroMessenger/7.0.3.1400(0x2700033C) Process/appbrand3 NetType/WIFI Language/zh_CN miniProgram" -
64.125.43.171 - - [26/Apr/2019:23:59:57 +0800]  "GET /assets/tinymce/skins/lightgray/fonts/tinymce.woff HTTP/1.1" 200 17484 "https://www.wondercv.com/assets/tinymce/skins/lightgray/skin.min.css" "Mozilla/5.0 (Windows NT 6.1; WOW64) AppleWebKit/537.36 (KHTML, like Gecko) Chrome/74.0.3729.108 Safari/537.36" -
116.25.41.125 - - [26/Apr/2019:23:59:58 +0800]  "POST /zh-CN/signin/scan/check HTTP/1.1" 200 87 "https://www.wondercv.com/zh-CN/signin?type=login" "Mozilla/5.0 (Macintosh; Intel Mac OS X 10_14_0) AppleWebKit/537.36 (KHTML, like Gecko) Chrome/73.0.3683.86 Safari/537.36" -
58.62.42.97 - - [26/Apr/2019:23:59:58 +0800]  "POST /zh-CN/cvs/0H4ZYMc/update_format HTTP/1.1" 200 399 "https://www.wondercv.com/zh-CN/cvs/0H4ZYMc/editor" "Mozilla/5.0 (Windows NT 10.0; Win64; x64) AppleWebKit/537.36 (KHTML, like Gecko) Chrome/73.0.3683.103 Safari/537.36" -
106.34.154.4 - - [26/Apr/2019:23:59:58 +0800]  "GET /companies.json?term=%E7%84%A6%E4%BD%9C%E5%B8%82%E4%BA%BA%E6%B0%91%E5%8C%BB%E9%99%A2 HTTP/1.1" 200 33 "https://www.wondercv.com/zh-CN/cvs/nPaVJFM/works?client=android" "Mozilla/5.0 (Linux; Android 8.0.0; DUK-AL20 Build/HUAWEIDUK-AL20; wv) AppleWebKit/537.36 (KHTML, like Gecko) Version/4.0 Chrome/68.0.3440.91 Mobile Safari/537.36android_wondercv_app&android_app_version=2.2.0" -
218.17.40.45 - - [26/Apr/2019:23:59:58 +0800]  "POST /zh-CN/signin/scan/check HTTP/1.1" 200 50 "https://www.wondercv.com/zh-CN/signin?type=reg" "Mozilla/5.0 (Windows NT 10.0; WOW64) AppleWebKit/537.36 (KHTML, like Gecko) Chrome/58.0.3029.110 Safari/537.36 SE 2.X MetaSr 1.0" -
123.115.68.219 - - [26/Apr/2019:23:59:58 +0800]  "GET /universities.json?term=Zhengzhou+univ HTTP/1.1" 200 33 "https://www.wondercv.com/zh-CN/cvs/Xooyb_Q/editor" "Mozilla/5.0 (Windows NT 6.1) AppleWebKit/537.36 (KHTML, like Gecko) Chrome/70.0.3538.25 Safari/537.36 Core/1.70.3650.400 QQBrowser/10.4.3341.400" -
116.25.41.125 - - [26/Apr/2019:23:59:58 +0800]  "GET /zh-CN/cvs HTTP/1.1" 200 22308 "https://www.wondercv.com/zh-CN/signin?type=login" "Mozilla/5.0 (Macintosh; Intel Mac OS X 10_14_0) AppleWebKit/537.36 (KHTML, like Gecko) Chrome/73.0.3683.86 Safari/537.36" -
116.25.41.125 - - [26/Apr/2019:23:59:58 +0800]  "GET /assets/application-d90fe7c6e241e748d4b67f1ca4996de0e21a87f62b4bfd7de471ba2896fa9930.css HTTP/1.1" 302 170 "https://www.wondercv.com/zh-CN/cvs" "Mozilla/5.0 (Macintosh; Intel Mac OS X 10_14_0) AppleWebKit/537.36 (KHTML, like Gecko) Chrome/73.0.3683.86 Safari/537.36" -
116.25.41.125 - - [26/Apr/2019:23:59:59 +0800]  "GET /assets/application-3e5f44e19e50027709573ede0932e044413fda22d1cf07a0cbd1d3284c17dd64.js HTTP/1.1" 302 170 "https://www.wondercv.com/zh-CN/cvs" "Mozilla/5.0 (Macintosh; Intel Mac OS X 10_14_0) AppleWebKit/537.36 (KHTML, like Gecko) Chrome/73.0.3683.86 Safari/537.36" -
123.115.68.219 - - [26/Apr/2019:23:59:59 +0800]  "GET /universities.json?term=Zhengzhou+univer HTTP/1.1" 200 33 "https://www.wondercv.com/zh-CN/cvs/Xooyb_Q/editor" "Mozilla/5.0 (Windows NT 6.1) AppleWebKit/537.36 (KHTML, like Gecko) Chrome/70.0.3538.25 Safari/537.36 Core/1.70.3650.400 QQBrowser/10.4.3341.400" -
180.155.57.111 - - [26/Apr/2019:23:59:59 +0800]  "GET /zh-CN/cvs/O9Y3VcY/share HTTP/1.1" 200 16740 "-" "Mozilla/5.0 (iPhone; CPU iPhone OS 12_0 like Mac OS X) AppleWebKit/605.1.15 (KHTML, like Gecko) Mobile/16A366 MicroMessenger/7.0.3(0x17000321) NetType/WIFI Language/zh_CN miniProgram" -
180.155.57.111 - - [26/Apr/2019:23:59:59 +0800]  "GET /assets/v2_editor-e4c4559fc59e507247da12660e9b49b26acd0a19acda784480ccb898626a3916.css HTTP/1.1" 302 170 "https://www.wondercv.com/zh-CN/cvs/O9Y3VcY/share" "Mozilla/5.0 (iPhone; CPU iPhone OS 12_0 like Mac OS X) AppleWebKit/605.1.15 (KHTML, like Gecko) Mobile/16A366 MicroMessenger/7.0.3(0x17000321) NetType/WIFI Language/zh_CN miniProgram" -
1.50.107.55 - - [26/Apr/2019:23:59:59 +0800]  "GET /zh-CN/cvs?client=android HTTP/1.1" 200 10309 "-" "Mozilla/5.0 (Linux; Android 9; COL-AL10 Build/HUAWEICOL-AL10; wv) AppleWebKit/537.36 (KHTML, like Gecko) Version/4.0 Chrome/71.0.3578.99 Mobile Safari/537.36android_wondercv_app&android_app_version=2.2.0" -
5.151.220.226 - - [26/Apr/2019:23:59:59 +0800]  "GET /example_entries?locale=zh-CN&lang=cn&tag=%E6%B4%BB%E5%8A%A8&example_type=%E5%85%B6%E4%BB%96&_=1556294202029 HTTP/1.1" 301 194 "https://www.wondercv.com/zh-CN/cvs/R5a9asc/other" "Mozilla/5.0 (iPhone; CPU iPhone OS 12_1_4 like Mac OS X) AppleWebKit/605.1.15 (KHTML, like Gecko) Mobile/16D57 MicroMessenger/7.0.3(0x17000321) NetType/WIFI Language/zh_CN miniProgram" -
1.50.107.55 - - [26/Apr/2019:23:59:59 +0800]  "GET /assets/application-d90fe7c6e241e748d4b67f1ca4996de0e21a87f62b4bfd7de471ba2896fa9930.css HTTP/1.1" 302 170 "https://www.wondercv.com/zh-CN/cvs?client=android" "Mozilla/5.0 (Linux; Android 9; COL-AL10 Build/HUAWEICOL-AL10; wv) AppleWebKit/537.36 (KHTML, like Gecko) Version/4.0 Chrome/71.0.3578.99 Mobile Safari/537.36android_wondercv_app&android_app_version=2.2.0" -
180.155.57.111 - - [26/Apr/2019:23:59:59 +0800]  "GET /assets/welcome-819871e4bec4d104d4a04334eb79faac20da027a68b026959e01b68d7cfdb6ea.css HTTP/1.1" 302 170 "https://www.wondercv.com/zh-CN/cvs/O9Y3VcY/share" "Mozilla/5.0 (iPhone; CPU iPhone OS 12_0 like Mac OS X) AppleWebKit/605.1.15 (KHTML, like Gecko) Mobile/16A366 MicroMessenger/7.0.3(0x17000321) NetType/WIFI Language/zh_CN miniProgram" -
180.155.57.111 - - [26/Apr/2019:23:59:59 +0800]  "GET /assets/application-3e5f44e19e50027709573ede0932e044413fda22d1cf07a0cbd1d3284c17dd64.js HTTP/1.1" 302 170 "https://www.wondercv.com/zh-CN/cvs/O9Y3VcY/share" "Mozilla/5.0 (iPhone; CPU iPhone OS 12_0 like Mac OS X) AppleWebKit/605.1.15 (KHTML, like Gecko) Mobile/16A366 MicroMessenger/7.0.3(0x17000321) NetType/WIFI Language/zh_CN miniProgram" -
117.136.79.2 - - [26/Apr/2019:23:59:59 +0800]  "GET /zh-CN/cvs?client=android HTTP/1.1" 200 10312 "-" "Mozilla/5.0 (Linux; Android 7.1.2; vivo X9s Plus Build/N2G47H; wv) AppleWebKit/537.36 (KHTML, like Gecko) Version/4.0 Chrome/55.0.2883.91 Mobile Safari/537.36android_wondercv_app&android_app_version=2.2.0" -
5.151.220.226 - - [26/Apr/2019:23:59:59 +0800]  "GET /example_entries?locale=zh-CN&lang=cn&tag=%E6%B4%BB%E5%8A%A8&example_type=%E5%85%B6%E4%BB%96& HTTP/1.1" 200 769 "https://www.wondercv.com/zh-CN/cvs/R5a9asc/other" "Mozilla/5.0 (iPhone; CPU iPhone OS 12_1_4 like Mac OS X) AppleWebKit/605.1.15 (KHTML, like Gecko) Mobile/16D57 MicroMessenger/7.0.3(0x17000321) NetType/WIFI Language/zh_CN miniProgram" HIT
119.127.55.18 - - [26/Apr/2019:23:59:59 +0800]  "GET /zh-CN/cvs/L2kzskw/profiles HTTP/1.1" 200 16375 "https://www.wondercv.com/zh-CN/cvs/L2kzskw/editor" "Mozilla/5.0 (Linux; Android 8.1.0; SM-G6200 Build/OPM1.171019.026; wv) AppleWebKit/537.36 (KHTML, like Gecko) Version/4.0 Chrome/67.0.3396.87 XWEB/673 MMWEBSDK/190102 Mobile Safari/537.36 MMWEBID/9382 MicroMessenger/7.0.3.1400(0x2700033C) Process/appbrand3 NetType/WIFI Language/zh_CN miniProgram" -
116.25.41.125 - - [26/Apr/2019:23:59:59 +0800]  "POST /zh-CN/account/users/38695/wx_personal_qr HTTP/1.1" 200 86 "https://www.wondercv.com/zh-CN/cvs" "Mozilla/5.0 (Macintosh; Intel Mac OS X 10_14_0) AppleWebKit/537.36 (KHTML, like Gecko) Chrome/73.0.3683.86 Safari/537.36" -
117.136.45.69 - - [27/Apr/2019:00:00:00 +0800]  "GET /zh-CN/email/conversations/681877 HTTP/1.1" 302 123 "-" "Mozilla/5.0 (Linux; Android 9; ONEPLUS A6000 Build/PKQ1.180716.001; wv) AppleWebKit/537.36 (KHTML, like Gecko) Version/4.0 Chrome/66.0.3359.126 MQQBrowser/6.2 TBS/044607 Mobile Safari/537.36 MMWEBID/842 MicroMessenger/7.0.4.1420(0x27000436) Process/tools NetType/4G Language/zh_CN" -
220.181.108.147 - - [27/Apr/2019:00:00:00 +0800]  "GET /en/blog/oqc8kgjb HTTP/1.1" 200 55547 "-" "Mozilla/5.0 (compatible; Baiduspider/2.0; +http://www.baidu.com/search/spider.html)" -
117.136.45.69 - - [27/Apr/2019:00:00:00 +0800]  "GET /zh-CN/signin?type=reg HTTP/1.1" 200 11757 "-" "Mozilla/5.0 (Linux; Android 9; ONEPLUS A6000 Build/PKQ1.180716.001; wv) AppleWebKit/537.36 (KHTML, like Gecko) Version/4.0 Chrome/66.0.3359.126 MQQBrowser/6.2 TBS/044607 Mobile Safari/537.36 MMWEBID/842 MicroMessenger/7.0.4.1420(0x27000436) Process/tools NetType/4G Language/zh_CN" -
117.136.45.69 - - [27/Apr/2019:00:00:00 +0800]  "GET /assets/signin-b362885eedc0449fab53387f970c1594159f59a6ca01290b4b064fb78c82fb73.css HTTP/1.1" 302 170 "https://www.wondercv.com/zh-CN/signin?type=reg" "Mozilla/5.0 (Linux; Android 9; ONEPLUS A6000 Build/PKQ1.180716.001; wv) AppleWebKit/537.36 (KHTML, like Gecko) Version/4.0 Chrome/66.0.3359.126 MQQBrowser/6.2 TBS/044607 Mobile Safari/537.36 MMWEBID/842 MicroMessenger/7.0.4.1420(0x27000436) Process/tools NetType/4G Language/zh_CN" -
222.70.27.59 - - [27/Apr/2019:00:00:00 +0800]  "DELETE /zh-CN/cvs/1582839/certificates/destroy_all HTTP/1.1" 200 511 "https://www.wondercv.com/zh-CN/cvs/VRpVzSg/other" "Mozilla/5.0 (Windows NT 10.0; WOW64) AppleWebKit/537.36 (KHTML, like Gecko) Chrome/63.0.3239.26 Safari/537.36 Core/1.63.6726.400 QQBrowser/10.2.2265.400" -
117.136.45.69 - - [27/Apr/2019:00:00:00 +0800]  "GET /assets/signin-16104c483d9ed82d48adb20eb51051330731bf287bb17f613fce7e4ceb68accf.js HTTP/1.1" 200 39936 "https://www.wondercv.com/zh-CN/signin?type=reg" "Mozilla/5.0 (Linux; Android 9; ONEPLUS A6000 Build/PKQ1.180716.001; wv) AppleWebKit/537.36 (KHTML, like Gecko) Version/4.0 Chrome/66.0.3359.126 MQQBrowser/6.2 TBS/044607 Mobile Safari/537.36 MMWEBID/842 MicroMessenger/7.0.4.1420(0x27000436) Process/tools NetType/4G Language/zh_CN" -
218.17.40.45 - - [27/Apr/2019:00:00:00 +0800]  "POST /zh-CN/signin/scan/check HTTP/1.1" 200 50 "https://www.wondercv.com/zh-CN/signin?type=reg" "Mozilla/5.0 (Windows NT 10.0; WOW64) AppleWebKit/537.36 (KHTML, like Gecko) Chrome/58.0.3029.110 Safari/537.36 SE 2.X MetaSr 1.0" -
23.106.180.67 - - [27/Apr/2019:00:00:00 +0800]  "GET /zh-CN/emails/my HTTP/1.1" 301 194 "http://www.wondercv.com/zh-CN/emails/my" "Mozilla/5.0 (Windows NT 6.1; WOW64; Trident/7.0; rv:11.0) like Gecko" -
119.127.55.18 - - [27/Apr/2019:00:00:00 +0800]  "GET /verbs?type=%E4%B8%AA%E4%BA%BA%E6%88%90%E5%B0%B1&display=%E4%B8%AD%E6%96%87&_=1556294400212 HTTP/1.1" 301 194 "https://www.wondercv.com/zh-CN/cvs/L2kzskw/profiles" "Mozilla/5.0 (Linux; Android 8.1.0; SM-G6200 Build/OPM1.171019.026; wv) AppleWebKit/537.36 (KHTML, like Gecko) Version/4.0 Chrome/67.0.3396.87 XWEB/673 MMWEBSDK/190102 Mobile Safari/537.36 MMWEBID/9382 MicroMessenger/7.0.3.1400(0x2700033C) Process/appbrand3 NetType/WIFI Language/zh_CN miniProgram" -
119.127.55.18 - - [27/Apr/2019:00:00:00 +0800]  "GET /verbs?type=%E4%B8%AA%E4%BA%BA%E6%88%90%E5%B0%B1&display=%E4%B8%AD%E6%96%87&_=1556294400213 HTTP/1.1" 301 194 "https://www.wondercv.com/zh-CN/cvs/L2kzskw/profiles" "Mozilla/5.0 (Linux; Android 8.1.0; SM-G6200 Build/OPM1.171019.026; wv) AppleWebKit/537.36 (KHTML, like Gecko) Version/4.0 Chrome/67.0.3396.87 XWEB/673 MMWEBSDK/190102 Mobile Safari/537.36 MMWEBID/9382 MicroMessenger/7.0.3.1400(0x2700033C) Process/appbrand3 NetType/WIFI Language/zh_CN miniProgram" -
183.63.97.158 - - [27/Apr/2019:00:00:00 +0800]  "GET /professions/intention_search?utf8=%E2%9C%93&name=%E8%B4%A2%E5%8A%A1%E7%AE%A1%E7%90%86 HTTP/1.1" 200 230 "https://www.wondercv.com/zh-CN/template_matches/new" "Mozilla/5.0 (Windows NT 10.0; WOW64) AppleWebKit/537.36 (KHTML, like Gecko) Chrome/70.0.3538.25 Safari/537.36" -
123.115.68.219 - - [27/Apr/2019:00:00:00 +0800]  "GET /universities.json?term=Zhengzhou+universi HTTP/1.1" 200 33 "https://www.wondercv.com/zh-CN/cvs/Xooyb_Q/editor" "Mozilla/5.0 (Windows NT 6.1) AppleWebKit/537.36 (KHTML, like Gecko) Chrome/70.0.3538.25 Safari/537.36 Core/1.70.3650.400 QQBrowser/10.4.3341.400" -
180.155.57.111 - - [27/Apr/2019:00:00:00 +0800]  "GET /zh-CN/cvs/O9Y3VcY/share HTTP/1.1" 200 16738 "-" "Mozilla/5.0 (iPhone; CPU iPhone OS 12_0 like Mac OS X) AppleWebKit/605.1.15 (KHTML, like Gecko) Mobile/16A366 MicroMessenger/7.0.3(0x17000321) NetType/WIFI Language/zh_CN miniProgram" -
112.96.179.195 - - [27/Apr/2019:00:00:00 +0800]  "GET /zh-CN/cvs/tNahPMo/profiles/age_birthday_opts.json?new_date=2001%2F3%2F1 HTTP/1.1" 200 80 "https://www.wondercv.com/zh-CN/cvs/tNahPMo/profiles?client=ios" "Mozilla/5.0 (iPhone; CPU iPhone OS 12_1 like Mac OS X) AppleWebKit/605.1.15 (KHTML, like Gecko) Mobile/16B92/wondercv_ios/app_version=2.3.1" -
180.155.57.111 - - [27/Apr/2019:00:00:00 +0800]  "GET /assets/v2_editor-e4c4559fc59e507247da12660e9b49b26acd0a19acda784480ccb898626a3916.css HTTP/1.1" 302 170 "https://www.wondercv.com/zh-CN/cvs/O9Y3VcY/share" "Mozilla/5.0 (iPhone; CPU iPhone OS 12_0 like Mac OS X) AppleWebKit/605.1.15 (KHTML, like Gecko) Mobile/16A366 MicroMessenger/7.0.3(0x17000321) NetType/WIFI Language/zh_CN miniProgram" -
180.155.57.111 - - [27/Apr/2019:00:00:00 +0800]  "GET /assets/welcome-819871e4bec4d104d4a04334eb79faac20da027a68b026959e01b68d7cfdb6ea.css HTTP/1.1" 302 170 "https://www.wondercv.com/zh-CN/cvs/O9Y3VcY/share" "Mozilla/5.0 (iPhone; CPU iPhone OS 12_0 like Mac OS X) AppleWebKit/605.1.15 (KHTML, like Gecko) Mobile/16A366 MicroMessenger/7.0.3(0x17000321) NetType/WIFI Language/zh_CN miniProgram" -
180.155.57.111 - - [27/Apr/2019:00:00:00 +0800]  "GET /assets/application-3e5f44e19e50027709573ede0932e044413fda22d1cf07a0cbd1d3284c17dd64.js HTTP/1.1" 302 170 "https://www.wondercv.com/zh-CN/cvs/O9Y3VcY/share" "Mozilla/5.0 (iPhone; CPU iPhone OS 12_0 like Mac OS X) AppleWebKit/605.1.15 (KHTML, like Gecko) Mobile/16A366 MicroMessenger/7.0.3(0x17000321) NetType/WIFI Language/zh_CN miniProgram" -
27.156.27.128 - - [27/Apr/2019:00:00:00 +0800]  "DELETE /zh-CN/cvs/1582547/custom_sections/2073883?index=2 HTTP/1.1" 200 7485 "https://www.wondercv.com/zh-CN/cvs/yN2bD7o/editor" "Mozilla/5.0 (Windows NT 10.0; WOW64) AppleWebKit/537.36 (KHTML, like Gecko) Chrome/72.0.3626.119 Safari/537.36" -
123.115.68.219 - - [27/Apr/2019:00:00:01 +0800]  "GET /universities.json?term=Zhengzhou+university HTTP/1.1" 200 33 "https://www.wondercv.com/zh-CN/cvs/Xooyb_Q/editor" "Mozilla/5.0 (Windows NT 6.1) AppleWebKit/537.36 (KHTML, like Gecko) Chrome/70.0.3538.25 Safari/537.36 Core/1.70.3650.400 QQBrowser/10.4.3341.400" -
180.155.57.111 - - [27/Apr/2019:00:00:01 +0800]  "POST /zh-CN/account/users/current/wx_personal_qr HTTP/1.1" 200 86 "https://www.wondercv.com/zh-CN/cvs/O9Y3VcY/share" "Mozilla/5.0 (iPhone; CPU iPhone OS 12_0 like Mac OS X) AppleWebKit/605.1.15 (KHTML, like Gecko) Mobile/16A366 MicroMessenger/7.0.3(0x17000321) NetType/WIFI Language/zh_CN miniProgram" -
61.158.148.85 - - [27/Apr/2019:00:00:01 +0800]  "POST /zh-CN/cvs/bqVziCk/edus/updates HTTP/1.1" 200 188 "https://www.wondercv.com/zh-CN/cvs/bqVziCk/edus" "Mozilla/5.0 (Windows NT 10.0; WOW64) AppleWebKit/537.36 (KHTML, like Gecko) Chrome/63.0.3239.26 Safari/537.36 Core/1.63.5467.400 QQBrowser/10.1.1503.400" -
117.136.79.2 - - [27/Apr/2019:00:00:01 +0800]  "GET /assets/application-d90fe7c6e241e748d4b67f1ca4996de0e21a87f62b4bfd7de471ba2896fa9930.css HTTP/1.1" 302 170 "https://www.wondercv.com/zh-CN/cvs?client=android" "Mozilla/5.0 (Linux; Android 7.1.2; vivo X9s Plus Build/N2G47H; wv) AppleWebKit/537.36 (KHTML, like Gecko) Version/4.0 Chrome/55.0.2883.91 Mobile Safari/537.36android_wondercv_app&android_app_version=2.2.0" -
23.106.180.67 - - [27/Apr/2019:00:00:01 +0800]  "GET /zh-CN/emails/my HTTP/1.1" 200 22757 "http://www.wondercv.com/zh-CN/emails/my" "Mozilla/5.0 (Windows NT 6.1; WOW64; Trident/7.0; rv:11.0) like Gecko" -
117.136.79.2 - - [27/Apr/2019:00:00:01 +0800]  "GET /assets/application-3e5f44e19e50027709573ede0932e044413fda22d1cf07a0cbd1d3284c17dd64.js HTTP/1.1" 302 170 "https://www.wondercv.com/zh-CN/cvs?client=android" "Mozilla/5.0 (Linux; Android 7.1.2; vivo X9s Plus Build/N2G47H; wv) AppleWebKit/537.36 (KHTML, like Gecko) Version/4.0 Chrome/55.0.2883.91 Mobile Safari/537.36android_wondercv_app&android_app_version=2.2.0" -
58.62.42.97 - - [27/Apr/2019:00:00:01 +0800]  "GET /example_entries?lang=cn&tag=%E5%85%A8%E9%83%A8&example_type=%E6%95%99%E8%82%B2%E7%BB%8F%E5%8E%86&template=stu_cn&_=1556289710033 HTTP/1.1" 301 194 "https://www.wondercv.com/zh-CN/cvs/0H4ZYMc/editor" "Mozilla/5.0 (Windows NT 10.0; Win64; x64) AppleWebKit/537.36 (KHTML, like Gecko) Chrome/73.0.3683.103 Safari/537.36" -
58.62.42.97 - - [27/Apr/2019:00:00:01 +0800]  "GET /example_entries?lang=cn&tag=%E5%85%A8%E9%83%A8&example_type=%E6%95%99%E8%82%B2%E7%BB%8F%E5%8E%86&template=stu_cn& HTTP/1.1" 200 1337 "https://www.wondercv.com/zh-CN/cvs/0H4ZYMc/editor" "Mozilla/5.0 (Windows NT 10.0; Win64; x64) AppleWebKit/537.36 (KHTML, like Gecko) Chrome/73.0.3683.103 Safari/537.36" HIT
61.158.148.85 - - [27/Apr/2019:00:00:02 +0800]  "GET /zh-CN/cvs/bqVziCk/works HTTP/1.1" 200 21008 "https://www.wondercv.com/zh-CN/cvs/bqVziCk/edus" "Mozilla/5.0 (Windows NT 10.0; WOW64) AppleWebKit/537.36 (KHTML, like Gecko) Chrome/63.0.3239.26 Safari/537.36 Core/1.63.5467.400 QQBrowser/10.1.1503.400" -
123.115.68.219 - - [27/Apr/2019:00:00:02 +0800]  "GET /universities.json?term=Zhengzhou+university HTTP/1.1" 304 0 "https://www.wondercv.com/zh-CN/cvs/Xooyb_Q/editor" "Mozilla/5.0 (Windows NT 6.1) AppleWebKit/537.36 (KHTML, like Gecko) Chrome/70.0.3538.25 Safari/537.36 Core/1.70.3650.400 QQBrowser/10.4.3341.400" -
61.158.148.85 - - [27/Apr/2019:00:00:02 +0800]  "GET /assets/v2_guide-d8dbaf07292bd37b5b2d333e27c3af26d2d2643bc9366b80314d0ef0f5729b60.css HTTP/1.1" 302 170 "https://www.wondercv.com/zh-CN/cvs/bqVziCk/works" "Mozilla/5.0 (Windows NT 10.0; WOW64) AppleWebKit/537.36 (KHTML, like Gecko) Chrome/63.0.3239.26 Safari/537.36 Core/1.63.5467.400 QQBrowser/10.1.1503.400" -
218.17.40.45 - - [27/Apr/2019:00:00:02 +0800]  "POST /zh-CN/signin/scan/check HTTP/1.1" 200 50 "https://www.wondercv.com/zh-CN/signin?type=reg" "Mozilla/5.0 (Windows NT 10.0; WOW64) AppleWebKit/537.36 (KHTML, like Gecko) Chrome/58.0.3029.110 Safari/537.36 SE 2.X MetaSr 1.0" -
113.65.211.97 - - [27/Apr/2019:00:00:02 +0800]  "GET /example_entries?lang=cn&tag=%E5%85%A8%E9%83%A8&example_type=%E9%A1%B9%E7%9B%AE%E7%BB%8F%E5%8E%86&template=programmer_cn&_=1556289992443 HTTP/1.1" 301 194 "https://www.wondercv.com/zh-CN/cvs/ZR1tvaM/editor" "Mozilla/5.0 (Macintosh; Intel Mac OS X 10_14_4) AppleWebKit/537.36 (KHTML, like Gecko) Chrome/74.0.3729.108 Safari/537.36" -
113.65.211.97 - - [27/Apr/2019:00:00:02 +0800]  "GET /example_entries?lang=cn&tag=%E5%85%A8%E9%83%A8&example_type=%E9%A1%B9%E7%9B%AE%E7%BB%8F%E5%8E%86&template=programmer_cn& HTTP/1.1" 304 0 "https://www.wondercv.com/zh-CN/cvs/ZR1tvaM/editor" "Mozilla/5.0 (Macintosh; Intel Mac OS X 10_14_4) AppleWebKit/537.36 (KHTML, like Gecko) Chrome/74.0.3729.108 Safari/537.36" HIT
119.127.55.18 - - [27/Apr/2019:00:00:02 +0800]  "POST /zh-CN/account/users/1296871/wx_personal_qr HTTP/1.1" 200 86 "https://www.wondercv.com/zh-CN/cvs/L2kzskw/editor" "Mozilla/5.0 (Linux; Android 8.1.0; SM-G6200 Build/OPM1.171019.026; wv) AppleWebKit/537.36 (KHTML, like Gecko) Version/4.0 Chrome/67.0.3396.87 XWEB/673 MMWEBSDK/190102 Mobile Safari/537.36 MMWEBID/9382 MicroMessenger/7.0.3.1400(0x2700033C) Process/appbrand3 NetType/WIFI Language/zh_CN miniProgram" -
221.4.34.103 - - [27/Apr/2019:00:00:02 +0800]  "GET /example_entries?lang=cn&tag=%E5%85%A8%E9%83%A8&example_type=%E7%A0%94%E7%A9%B6%E7%BB%8F%E5%8E%86&template=grad_cn&_=1556272818634 HTTP/1.1" 301 194 "https://www.wondercv.com/zh-CN/cvs/ZO5QKYo/editor" "Mozilla/5.0 (Windows NT 10.0; WOW64) AppleWebKit/537.36 (KHTML, like Gecko) Chrome/55.0.2883.87 Safari/537.36" -
1.50.107.55 - - [27/Apr/2019:00:00:02 +0800]  "GET /assets/application-3e5f44e19e50027709573ede0932e044413fda22d1cf07a0cbd1d3284c17dd64.js HTTP/1.1" 302 170 "https://www.wondercv.com/zh-CN/cvs?client=android" "Mozilla/5.0 (Linux; Android 9; COL-AL10 Build/HUAWEICOL-AL10; wv) AppleWebKit/537.36 (KHTML, like Gecko) Version/4.0 Chrome/71.0.3578.99 Mobile Safari/537.36android_wondercv_app&android_app_version=2.2.0" -
61.158.148.85 - - [27/Apr/2019:00:00:02 +0800]  "GET /assets/application-3e5f44e19e50027709573ede0932e044413fda22d1cf07a0cbd1d3284c17dd64.js HTTP/1.1" 302 170 "https://www.wondercv.com/zh-CN/cvs/bqVziCk/works" "Mozilla/5.0 (Windows NT 10.0; WOW64) AppleWebKit/537.36 (KHTML, like Gecko) Chrome/63.0.3239.26 Safari/537.36 Core/1.63.5467.400 QQBrowser/10.1.1503.400" -
64.125.43.171 - - [27/Apr/2019:00:00:02 +0800]  "GET /companies.json?term=SJ+Grant+Thornton HTTP/1.1" 200 33 "https://www.wondercv.com/zh-CN/cvs/2TR0IBw/works" "Mozilla/5.0 (Windows NT 6.1; WOW64) AppleWebKit/537.36 (KHTML, like Gecko) Chrome/74.0.3729.108 Safari/537.36" -
58.62.42.97 - - [27/Apr/2019:00:00:03 +0800]  "POST /zh-CN/cvs/1582105/edus/2101130 HTTP/1.1" 200 292 "https://www.wondercv.com/zh-CN/cvs/0H4ZYMc/editor" "Mozilla/5.0 (Windows NT 10.0; Win64; x64) AppleWebKit/537.36 (KHTML, like Gecko) Chrome/73.0.3683.103 Safari/537.36" -
123.115.68.219 - - [27/Apr/2019:00:00:03 +0800]  "GET /universities.json?term=Zhengzhou+university+ HTTP/1.1" 200 33 "https://www.wondercv.com/zh-CN/cvs/Xooyb_Q/editor" "Mozilla/5.0 (Windows NT 6.1) AppleWebKit/537.36 (KHTML, like Gecko) Chrome/70.0.3538.25 Safari/537.36 Core/1.70.3650.400 QQBrowser/10.4.3341.400" -
183.53.19.202 - - [27/Apr/2019:00:00:03 +0800]  "GET /cities.json?term=sg HTTP/1.1" 304 0 "https://www.wondercv.com/zh-CN/cvs/uOp0y5Y/orgs" "Mozilla/5.0 (Windows NT 10.0; Win64; x64) AppleWebKit/537.36 (KHTML, like Gecko) Chrome/68.0.3423.2 Safari/537.36" -
61.158.148.85 - - [27/Apr/2019:00:00:03 +0800]  "GET /verbs?type=%E4%B8%AA%E4%BA%BA%E6%88%90%E5%B0%B1&display=%E4%B8%AD%E6%96%87&_=1556294202560 HTTP/1.1" 301 194 "https://www.wondercv.com/zh-CN/cvs/bqVziCk/works" "Mozilla/5.0 (Windows NT 10.0; WOW64) AppleWebKit/537.36 (KHTML, like Gecko) Chrome/63.0.3239.26 Safari/537.36 Core/1.63.5467.400 QQBrowser/10.1.1503.400" -
61.158.148.85 - - [27/Apr/2019:00:00:03 +0800]  "GET /verbs?type=%E4%B8%AA%E4%BA%BA%E6%88%90%E5%B0%B1&display=%E4%B8%AD%E6%96%87&_=1556294202561 HTTP/1.1" 301 194 "https://www.wondercv.com/zh-CN/cvs/bqVziCk/works" "Mozilla/5.0 (Windows NT 10.0; WOW64) AppleWebKit/537.36 (KHTML, like Gecko) Chrome/63.0.3239.26 Safari/537.36 Core/1.63.5467.400 QQBrowser/10.1.1503.400" -
61.136.46.246 - - [27/Apr/2019:00:00:03 +0800]  "POST /verify_tokens?locale=zh-CN HTTP/1.1" 200 5 "https://www.wondercv.com/zh-CN/signin?type=login" "Mozilla/5.0 (iPhone; CPU iPhone OS 6_0 like Mac OS X) AppleWebKit/536.26 (KHTML, like Gecko) Version/6.0 Mobile/10A5376e Safari/8536.25" -
123.4.52.4 - - [27/Apr/2019:00:00:03 +0800]  "POST /zh-CN/cvs/UUUz8P8/edus/updates HTTP/1.1" 200 189 "https://www.wondercv.com/zh-CN/cvs/UUUz8P8/edus" "Mozilla/5.0 (Linux; Android 5.1.1; vivo X6S A Build/LMY47V; wv) AppleWebKit/537.36 (KHTML, like Gecko) Version/4.0 Chrome/67.0.3396.87 XWEB/673 MMWEBSDK/180803 Mobile Safari/537.36 MMWEBID/9678 MicroMessenger/6.7.3.1360(0x260703E6) NetType/WIFI Language/zh_CN Process/appbrand0 miniProgram" -
77.180.231.93 - - [27/Apr/2019:00:00:03 +0800]  "GET /companies.json?term=Helis+%26+Associations+Consultancy&lang=en HTTP/1.1" 200 33 "https://www.wondercv.com/zh-CN/cvs/GPzuS4w/editor" "Mozilla/5.0 (Macintosh; Intel Mac OS X 10_14_0) AppleWebKit/537.36 (KHTML, like Gecko) Chrome/73.0.3683.103 Safari/537.36" -
221.4.34.103 - - [27/Apr/2019:00:00:03 +0800]  "GET /example_entries?lang=cn&tag=%E5%85%A8%E9%83%A8&example_type=%E7%A0%94%E7%A9%B6%E7%BB%8F%E5%8E%86&template=grad_cn& HTTP/1.1" 304 0 "https://www.wondercv.com/zh-CN/cvs/ZO5QKYo/editor" "Mozilla/5.0 (Windows NT 10.0; WOW64) AppleWebKit/537.36 (KHTML, like Gecko) Chrome/55.0.2883.87 Safari/537.36" HIT
61.158.148.85 - - [27/Apr/2019:00:00:03 +0800]  "GET /verbs?type=%E4%B8%AA%E4%BA%BA%E6%88%90%E5%B0%B1&display=%E4%B8%AD%E6%96%87& HTTP/1.1" 304 0 "https://www.wondercv.com/zh-CN/cvs/bqVziCk/works" "Mozilla/5.0 (Windows NT 10.0; WOW64) AppleWebKit/537.36 (KHTML, like Gecko) Chrome/63.0.3239.26 Safari/537.36 Core/1.63.5467.400 QQBrowser/10.1.1503.400" HIT
183.53.19.202 - - [27/Apr/2019:00:00:03 +0800]  "GET /cities.json?term=%E9%9F%B6%E5%85%B3 HTTP/1.1" 304 0 "https://www.wondercv.com/zh-CN/cvs/uOp0y5Y/orgs" "Mozilla/5.0 (Windows NT 10.0; Win64; x64) AppleWebKit/537.36 (KHTML, like Gecko) Chrome/68.0.3423.2 Safari/537.36" -
61.185.224.242 - - [27/Apr/2019:00:00:03 +0800]  "GET /zh-CN/cvs/4WUpkeQ/editor HTTP/1.1" 200 44308 "https://www.wondercv.com/zh-CN/cvs" "Mozilla/5.0 (Windows NT 10.0; WOW64) AppleWebKit/537.36 (KHTML, like Gecko) Chrome/73.0.3683.86 Safari/537.36" -
61.158.148.85 - - [27/Apr/2019:00:00:03 +0800]  "GET /verbs?type=%E4%B8%AA%E4%BA%BA%E6%88%90%E5%B0%B1&display=%E4%B8%AD%E6%96%87& HTTP/1.1" 304 0 "https://www.wondercv.com/zh-CN/cvs/bqVziCk/works" "Mozilla/5.0 (Windows NT 10.0; WOW64) AppleWebKit/537.36 (KHTML, like Gecko) Chrome/63.0.3239.26 Safari/537.36 Core/1.63.5467.400 QQBrowser/10.1.1503.400" HIT
61.185.224.242 - - [27/Apr/2019:00:00:03 +0800]  "GET /assets/v2_editor-e4c4559fc59e507247da12660e9b49b26acd0a19acda784480ccb898626a3916.css HTTP/1.1" 302 170 "https://www.wondercv.com/zh-CN/cvs/4WUpkeQ/editor" "Mozilla/5.0 (Windows NT 10.0; WOW64) AppleWebKit/537.36 (KHTML, like Gecko) Chrome/73.0.3683.86 Safari/537.36" -
123.115.68.219 - - [27/Apr/2019:00:00:03 +0800]  "GET /universities.json?term=Zhengzhou+university+%E8%97%95%E7%B2%89 HTTP/1.1" 200 33 "https://www.wondercv.com/zh-CN/cvs/Xooyb_Q/editor" "Mozilla/5.0 (Windows NT 6.1) AppleWebKit/537.36 (KHTML, like Gecko) Chrome/70.0.3538.25 Safari/537.36 Core/1.70.3650.400 QQBrowser/10.4.3341.400" -
61.185.224.242 - - [27/Apr/2019:00:00:03 +0800]  "GET /assets/application-3e5f44e19e50027709573ede0932e044413fda22d1cf07a0cbd1d3284c17dd64.js HTTP/1.1" 302 170 "https://www.wondercv.com/zh-CN/cvs/4WUpkeQ/editor" "Mozilla/5.0 (Windows NT 10.0; WOW64) AppleWebKit/537.36 (KHTML, like Gecko) Chrome/73.0.3683.86 Safari/537.36" -
14.24.66.247 - - [27/Apr/2019:00:00:04 +0800]  "GET /professions/intention_search?utf8=%E2%9C%93&name=%E6%95%99%E5%B8%88 HTTP/1.1" 200 338 "https://www.wondercv.com/zh-CN/template_matches/new" "Mozilla/5.0 (iPhone; CPU iPhone OS 12_1_4 like Mac OS X) AppleWebKit/605.1.15 (KHTML, like Gecko) Mobile/16D57 MicroMessenger/7.0.3(0x17000321) NetType/4G Language/zh_CN miniProgram" -
123.4.52.4 - - [27/Apr/2019:00:00:04 +0800]  "GET /zh-CN/cvs/UUUz8P8/orgs HTTP/1.1" 200 19253 "https://www.wondercv.com/zh-CN/cvs/UUUz8P8/edus" "Mozilla/5.0 (Linux; Android 5.1.1; vivo X6S A Build/LMY47V; wv) AppleWebKit/537.36 (KHTML, like Gecko) Version/4.0 Chrome/67.0.3396.87 XWEB/673 MMWEBSDK/180803 Mobile Safari/537.36 MMWEBID/9678 MicroMessenger/6.7.3.1360(0x260703E6) NetType/WIFI Language/zh_CN Process/appbrand0 miniProgram" -
123.4.52.4 - - [27/Apr/2019:00:00:04 +0800]  "GET /assets/v2_guide-d8dbaf07292bd37b5b2d333e27c3af26d2d2643bc9366b80314d0ef0f5729b60.css HTTP/1.1" 302 170 "https://www.wondercv.com/zh-CN/cvs/UUUz8P8/orgs" "Mozilla/5.0 (Linux; Android 5.1.1; vivo X6S A Build/LMY47V; wv) AppleWebKit/537.36 (KHTML, like Gecko) Version/4.0 Chrome/67.0.3396.87 XWEB/673 MMWEBSDK/180803 Mobile Safari/537.36 MMWEBID/9678 MicroMessenger/6.7.3.1360(0x260703E6) NetType/WIFI Language/zh_CN Process/appbrand0 miniProgram" -
123.4.52.4 - - [27/Apr/2019:00:00:04 +0800]  "GET /assets/application-3e5f44e19e50027709573ede0932e044413fda22d1cf07a0cbd1d3284c17dd64.js HTTP/1.1" 302 170 "https://www.wondercv.com/zh-CN/cvs/UUUz8P8/orgs" "Mozilla/5.0 (Linux; Android 5.1.1; vivo X6S A Build/LMY47V; wv) AppleWebKit/537.36 (KHTML, like Gecko) Version/4.0 Chrome/67.0.3396.87 XWEB/673 MMWEBSDK/180803 Mobile Safari/537.36 MMWEBID/9678 MicroMessenger/6.7.3.1360(0x260703E6) NetType/WIFI Language/zh_CN Process/appbrand0 miniProgram" -
218.17.40.45 - - [27/Apr/2019:00:00:04 +0800]  "POST /zh-CN/signin/scan/check HTTP/1.1" 200 50 "https://www.wondercv.com/zh-CN/signin?type=reg" "Mozilla/5.0 (Windows NT 10.0; WOW64) AppleWebKit/537.36 (KHTML, like Gecko) Chrome/58.0.3029.110 Safari/537.36 SE 2.X MetaSr 1.0" -
111.196.246.186 - - [27/Apr/2019:00:00:04 +0800]  "GET /companies.json?term=jing HTTP/1.1" 200 33 "https://www.wondercv.com/zh-CN/cvs/ui0OpqE/works" "Mozilla/5.0 (Windows NT 10.0; WOW64) AppleWebKit/537.36 (KHTML, like Gecko) Chrome/69.0.3497.100 Safari/537.36" -
129.31.169.10 - - [27/Apr/2019:00:00:04 +0800]  "GET /assets/tinymce/skins/lightgray/fonts/tinymce.woff HTTP/1.1" 200 17484 "https://www.wondercv.com/zh-CN/cvs/xSIMFds/editor" "Mozilla/5.0 (Windows NT 10.0; Win64; x64) AppleWebKit/537.36 (KHTML, like Gecko) Chrome/64.0.3282.140 Safari/537.36 Edge/18.17763" -
123.15.57.142 - - [27/Apr/2019:00:00:04 +0800]  "POST /zh-CN/cvs/1577566/orgs/2083824 HTTP/1.1" 200 180 "https://www.wondercv.com/zh-CN/cvs/mm_adcg/editor" "Mozilla/5.0 (Windows NT 10.0; Win64; x64) AppleWebKit/537.36 (KHTML, like Gecko) Chrome/73.0.3683.103 Safari/537.36" -
121.32.153.67 - - [27/Apr/2019:00:00:04 +0800]  "GET /welcome/en_cv?_c=baidu&_p=pcywc&_k=2117 HTTP/1.1" 200 19768 "https://www.baidu.com/baidu.php?sc.K600000F3Z4zzZ2Y9useIXLVRA5EnWIXXjNrOby65dTn0cEGF2h96TBzOKIN2xT0RrYPa6xA1W4s6Hp-7rAiMNwYilKl-45q0I3ItATLPEk3U14gvRXwz1QeuoiC3lMLuBvjrUnD4GeDCQAewm-5FgDBzfW7zHn4GrARDz868qcIq__3gKMqT-5adsWKpt1evgDAxrjTzyE3qgP7ds.7b_NR2Ar5Od663rj6t8KYNzuCxCwKsFCs8YG6H7zsOwL4myQvTyjoz3vnTrW69ltEpkbootN2s1f_I5AEFkR.U1Yk0ZDqYlQrkQ1zs5oRv_Oxd_UgqsKspynqn0KY5I57YrrdkPrB1_itt_jl0A-V5HczPfKM5yq-TZns0ZNG5yF9pywd0ZKGujYY0APGujY3P0KVIjYknjD4g1DsnHIxnHDsPH7xn1msnfKopHYs0ZFY5H61r0K-pyfqnWmdnWwxnHfYPdtznHDkrNtzrjTLP7tzrjTzP7tzrj61ndtzrjR3PNtzPWndn0KBpHYznjwxnHRd0AdW5HDsnj7xrjD3rjbsP1bdg1Dsn-ts0Z7spyfqn0Kkmv-b5H00ThIYmyTqn0K9mWYsg100ugFM5H00TZ0qn0K8IM0qna3snj0snj0sn0KVIZ0qn0KbuAqs5H00ThCqn0KbugmqTAn0uMfqn0KspjYs0Aq15H00mMTqnHD0UMfqn0K1XWY0mgPxpywW5gK1QyIlUMn0IZN15HDsPWm3nW6dPj63PWmYPW6knHD10ZF-TgfqnHRdPWc4PjfsnHnkP6K1pyfqm1cLnAP9uyDsnj0kPHm3u0KWTvYqnWm3wWKAwRR3njT3PRmzP6K9m1Yk0ZK85HD0TydY5H00Tyd15H00XMfqnfKVmdqhThqV5HKxn7tsg100uA78IyF-gLK_my4GuZnqn7tsg1nYnWmkPHwxn0Ksmgwxuhk9u1Ys0AwWpyfqn0K-IA-b5iYk0A71TAPW5H00IgKGUhPW5H00Tydh5HDv0AuWIgfqn0KhXh6qn0Khmgfqn0KlTAkdT1Ys0A7buhk9u1Yk0Akhm1Ys0AqY5H00ULFsIjYsc10Wc10Wn0KWThnqnHRdn1b&word=%E8%8B%B1%E6%96%87%E7%AE%80%E5%8E%86%E5%9C%A8%E7%BA%BF%E5%88%B6%E4%BD%9C&ck=8475.3.121.327.178.287.403.323&shh=www.baidu.com&us=1.0.1.0.1.331.0&bc=110101" "Mozilla/5.0 (Macintosh; Intel Mac OS X 10_14_3) AppleWebKit/605.1.15 (KHTML, like Gecko) Version/12.0.3 Safari/605.1.15" -
221.4.34.103 - - [27/Apr/2019:00:00:04 +0800]  "POST /zh-CN/cvs/1494751/custom_sections/1956783/custom_section_infos/2693627 HTTP/1.1" 200 170 "https://www.wondercv.com/zh-CN/cvs/ZO5QKYo/editor" "Mozilla/5.0 (Windows NT 10.0; WOW64) AppleWebKit/537.36 (KHTML, like Gecko) Chrome/55.0.2883.87 Safari/537.36" -
121.32.153.67 - - [27/Apr/2019:00:00:04 +0800]  "GET /assets/welcome-819871e4bec4d104d4a04334eb79faac20da027a68b026959e01b68d7cfdb6ea.css HTTP/1.1" 302 170 "https://www.wondercv.com/welcome/en_cv?_c=baidu&_p=pcywc&_k=2117" "Mozilla/5.0 (Macintosh; Intel Mac OS X 10_14_3) AppleWebKit/605.1.15 (KHTML, like Gecko) Version/12.0.3 Safari/605.1.15" -
77.180.231.93 - - [27/Apr/2019:00:00:04 +0800]  "POST /zh-CN/cvs/1582384/works/2187637 HTTP/1.1" 200 169 "https://www.wondercv.com/zh-CN/cvs/GPzuS4w/editor" "Mozilla/5.0 (Macintosh; Intel Mac OS X 10_14_0) AppleWebKit/537.36 (KHTML, like Gecko) Chrome/73.0.3683.103 Safari/537.36" -
121.32.153.67 - - [27/Apr/2019:00:00:04 +0800]  "GET /assets/welcome-8141fad96fd901b00140145ddef5cb9279f381de377728d4049a9c531d1c0d2d.js HTTP/1.1" 302 170 "https://www.wondercv.com/welcome/en_cv?_c=baidu&_p=pcywc&_k=2117" "Mozilla/5.0 (Macintosh; Intel Mac OS X 10_14_3) AppleWebKit/605.1.15 (KHTML, like Gecko) Version/12.0.3 Safari/605.1.15" -
129.31.169.10 - - [27/Apr/2019:00:00:04 +0800]  "GET /example_entries?lang=en&tag=%E5%85%A8%E9%83%A8&example_type=%E6%95%99%E8%82%B2%E7%BB%8F%E5%8E%86&template=zero_en&_=1556294316975 HTTP/1.1" 301 194 "https://www.wondercv.com/zh-CN/cvs/xSIMFds/editor" "Mozilla/5.0 (Windows NT 10.0; Win64; x64) AppleWebKit/537.36 (KHTML, like Gecko) Chrome/64.0.3282.140 Safari/537.36 Edge/18.17763" -
