222.70.27.59 - - [26/Apr/2019:23:59:16 +0800]  "GET /assets/v2_guide-d8dbaf07292bd37b5b2d333e27c3af26d2d2643bc9366b80314d0ef0f5729b60.css HTTP/1.1" 302 170 "https://www.wondercv.com/zh-CN/cvs/VRpVzSg/other" "Mozilla/5.0 (Windows NT 10.0; WOW64) AppleWebKit/537.36 (KHTML, like Gecko) Chrome/63.0.3239.26 Safari/537.36 Core/1.63.6726.400 QQBrowser/10.2.2265.400" -
218.197.153.119 - - [26/Apr/2019:23:59:16 +0800]  "POST /zh-CN/cvs/VX3AILg/auto_sort HTTP/1.1" 200 7322 "https://www.wondercv.com/zh-CN/cvs/VX3AILg/editor" "Mozilla/5.0 (Windows NT 10.0; Win64; x64) AppleWebKit/537.36 (KHTML, like Gecko) Chrome/73.0.3683.86 Safari/537.36" -
117.136.29.181 - - [26/Apr/2019:23:59:16 +0800]  "GET /assets/application-3e5f44e19e50027709573ede0932e044413fda22d1cf07a0cbd1d3284c17dd64.js HTTP/1.1" 302 170 "https://www.wondercv.com/zh-CN/account/users/mobile_account_index?client=android" "Mozilla/5.0 (Linux; Android 8.0.0; LDN-AL20 Build/HUAWEILDN-AL20; wv) AppleWebKit/537.36 (KHTML, like Gecko) Version/4.0 Chrome/68.0.3440.91 Mobile Safari/537.36android_wondercv_app&android_app_version=2.2.0" -
117.136.36.247 - - [26/Apr/2019:23:59:16 +0800]  "GET /zh-CN/cvs/f424QBE/orgs HTTP/1.1" 200 17679 "https://www.wondercv.com/zh-CN/cvs/f424QBE/works" "Mozilla/5.0 (Linux; Android 8.0.0; MI 6 Build/OPR1.170623.027; wv) AppleWebKit/537.36 (KHTML, like Gecko) Version/4.0 Chrome/67.0.3396.87 XWEB/673 MMWEBSDK/21 Mobile Safari/537.36 MicroMessenger/6.7.1321(0x26070030) NetType/4G Language/zh_CN MicroMessenger/6.7.1321(0x26070030) NetType/4G Language/zh_CN miniProgram" -
123.114.98.242 - - [26/Apr/2019:23:59:16 +0800]  "GET /universities.json?term=%E9%9F%A9%E5%9B%BD%E5%BB%BA%E5%9B%BD%E5%A4%A7%E5%AD%A6 HTTP/1.1" 304 0 "https://www.wondercv.com/zh-CN/cvs/b_2Y8zE/edus" "Mozilla/5.0 (Macintosh; Intel Mac OS X 10_14_4) AppleWebKit/605.1.15 (KHTML, like Gecko) Version/12.1 Safari/605.1.15" -
124.72.119.33 - - [26/Apr/2019:23:59:16 +0800]  "GET /zh-CN/admin/ios_open_ads/ios_get_ad HTTP/1.1" 304 0 "-" "wondercv/2.3.1 (iPhone; iOS 12.1.2; Scale/3.00)" HIT
31.205.252.150 - - [26/Apr/2019:23:59:16 +0800]  "GET /assets/welcome-819871e4bec4d104d4a04334eb79faac20da027a68b026959e01b68d7cfdb6ea.css HTTP/1.1" 302 170 "https://www.wondercv.com/welcome/en_cv?_c=baidu&_p=pcywc&_k=2124" "Mozilla/5.0 (Macintosh; Intel Mac OS X 10_13_5) AppleWebKit/537.36 (KHTML, like Gecko) Chrome/72.0.3626.119 Safari/537.36" -
112.43.40.78 - - [26/Apr/2019:23:59:16 +0800]  "POST /zh-CN/template_matches HTTP/1.1" 200 67 "https://www.wondercv.com/zh-CN/template_matches/new" "Mozilla/5.0 (Windows NT 10.0; WOW64) AppleWebKit/537.36 (KHTML, like Gecko) Chrome/63.0.3239.26 Safari/537.36 Core/1.63.6735.400 QQBrowser/10.2.2614.400" -
222.70.27.59 - - [26/Apr/2019:23:59:16 +0800]  "GET /assets/application-3e5f44e19e50027709573ede0932e044413fda22d1cf07a0cbd1d3284c17dd64.js HTTP/1.1" 302 170 "https://www.wondercv.com/zh-CN/cvs/VRpVzSg/other" "Mozilla/5.0 (Windows NT 10.0; WOW64) AppleWebKit/537.36 (KHTML, like Gecko) Chrome/63.0.3239.26 Safari/537.36 Core/1.63.6726.400 QQBrowser/10.2.2265.400" -
117.136.36.247 - - [26/Apr/2019:23:59:16 +0800]  "GET /assets/v2_guide-d8dbaf07292bd37b5b2d333e27c3af26d2d2643bc9366b80314d0ef0f5729b60.css HTTP/1.1" 302 170 "https://www.wondercv.com/zh-CN/cvs/f424QBE/orgs" "Mozilla/5.0 (Linux; Android 8.0.0; MI 6 Build/OPR1.170623.027; wv) AppleWebKit/537.36 (KHTML, like Gecko) Version/4.0 Chrome/67.0.3396.87 XWEB/673 MMWEBSDK/21 Mobile Safari/537.36 MicroMessenger/6.7.1321(0x26070030) NetType/4G Language/zh_CN MicroMessenger/6.7.1321(0x26070030) NetType/4G Language/zh_CN miniProgram" -
36.23.99.215 - - [26/Apr/2019:23:59:16 +0800]  "POST /zh-CN/signin/scan/check HTTP/1.1" 200 50 "https://www.wondercv.com/?_c=baidu&_p=pcczc&_k=0610" "Mozilla/5.0 (Windows NT 10.0; Win64; x64) AppleWebKit/537.36 (KHTML, like Gecko) Chrome/64.0.3282.140 Safari/537.36 Edge/17.17134" -
123.114.98.242 - - [26/Apr/2019:23:59:16 +0800]  "GET /universities.json?term=%E9%9F%A9%E5%9B%BD%E5%BB%BA%E5%9B%BD%E5%A4%A7%E5%AD%A69 HTTP/1.1" 200 33 "https://www.wondercv.com/zh-CN/cvs/b_2Y8zE/edus" "Mozilla/5.0 (Macintosh; Intel Mac OS X 10_14_4) AppleWebKit/605.1.15 (KHTML, like Gecko) Version/12.1 Safari/605.1.15" -
180.160.193.194 - - [26/Apr/2019:23:59:16 +0800]  "POST /zh-CN/signin/scan/check HTTP/1.1" 200 50 "https://www.wondercv.com/zh-CN/signin?type=login" "Mozilla/5.0 (Macintosh; Intel Mac OS X 10_14_3) AppleWebKit/537.36 (KHTML, like Gecko) Chrome/73.0.3683.103 Safari/537.36" -
111.206.221.109 - - [26/Apr/2019:23:59:16 +0800]  "GET /assets/application-d90fe7c6e241e748d4b67f1ca4996de0e21a87f62b4bfd7de471ba2896fa9930.css HTTP/1.1" 302 170 "https://www.wondercv.com/zh-CN/job/applications/HnmYhMQ/job_detail_show/" "Mozilla/5.0 (iPhone; CPU iPhone OS 9_1 like Mac OS X) AppleWebKit/601.1.46 (KHTML, like Gecko) Version/9.0 Mobile/13B143 Safari/601.1 (compatible; Baiduspider-render/2.0; +http://www.baidu.com/search/spider.html)" -
117.136.29.181 - - [26/Apr/2019:23:59:17 +0800]  "GET /zh-CN/cvs?client=android HTTP/1.1" 200 10310 "-" "Mozilla/5.0 (Linux; Android 8.0.0; LDN-AL20 Build/HUAWEILDN-AL20; wv) AppleWebKit/537.36 (KHTML, like Gecko) Version/4.0 Chrome/68.0.3440.91 Mobile Safari/537.36android_wondercv_app&android_app_version=2.2.0" -
117.136.36.247 - - [26/Apr/2019:23:59:17 +0800]  "GET /assets/application-3e5f44e19e50027709573ede0932e044413fda22d1cf07a0cbd1d3284c17dd64.js HTTP/1.1" 302 170 "https://www.wondercv.com/zh-CN/cvs/f424QBE/orgs" "Mozilla/5.0 (Linux; Android 8.0.0; MI 6 Build/OPR1.170623.027; wv) AppleWebKit/537.36 (KHTML, like Gecko) Version/4.0 Chrome/67.0.3396.87 XWEB/673 MMWEBSDK/21 Mobile Safari/537.36 MicroMessenger/6.7.1321(0x26070030) NetType/4G Language/zh_CN MicroMessenger/6.7.1321(0x26070030) NetType/4G Language/zh_CN miniProgram" -
126.247.213.123 - - [26/Apr/2019:23:59:17 +0800]  "POST /zh-CN/account/users/390047/wx_personal_qr HTTP/1.1" 422 0 "https://www.wondercv.com/zh-CN/cvs/DPoQ86A/editor?client=ios" "Mozilla/5.0 (iPhone; CPU iPhone OS 12_1_4 like Mac OS X) AppleWebKit/605.1.15 (KHTML, like Gecko) Mobile/16D57/wondercv_ios/app_version=2.3.1" -
61.158.148.85 - - [26/Apr/2019:23:59:17 +0800]  "GET /cities.json?term=+ HTTP/1.1" 200 33 "https://www.wondercv.com/zh-CN/cvs/bqVziCk/edus" "Mozilla/5.0 (Windows NT 10.0; WOW64) AppleWebKit/537.36 (KHTML, like Gecko) Chrome/63.0.3239.26 Safari/537.36 Core/1.63.5467.400 QQBrowser/10.1.1503.400" -
182.148.166.173 - - [26/Apr/2019:23:59:17 +0800]  "GET /professions/intention_search?utf8=%E2%9C%93&name=%E6%B4%BB%E5%8A%A8%E7%AD%96%E5%88%92 HTTP/1.1" 200 230 "https://www.wondercv.com/zh-CN/template_matches/new" "Mozilla/5.0 (Windows NT 10.0; Win64; x64) AppleWebKit/537.36 (KHTML, like Gecko) Chrome/64.0.3282.140 Safari/537.36 Edge/17.17134" -
111.164.173.188 - - [26/Apr/2019:23:59:17 +0800]  "GET /campus_recruiting/user_show?category=%E4%BA%92%E8%81%94%E7%BD%91&is_hot=&_=1556294346868 HTTP/1.1" 200 2545 "https://www.wondercv.com/zh-CN/campus_recruiting/user_show" "Mozilla/5.0 (Windows NT 10.0; Win64; x64) AppleWebKit/537.36 (KHTML, like Gecko) Chrome/73.0.3683.103 Safari/537.36" -
5.151.220.226 - - [26/Apr/2019:23:59:17 +0800]  "GET /example_entries?lang=cn&tag=%E6%89%A7%E7%85%A7%2F%E5%9F%B9%E8%AE%AD&example_type=%E5%85%B6%E4%BB%96&template=stu_cn&_=1556294202024 HTTP/1.1" 301 194 "https://www.wondercv.com/zh-CN/cvs/R5a9asc/other" "Mozilla/5.0 (iPhone; CPU iPhone OS 12_1_4 like Mac OS X) AppleWebKit/605.1.15 (KHTML, like Gecko) Mobile/16D57 MicroMessenger/7.0.3(0x17000321) NetType/WIFI Language/zh_CN miniProgram" -
222.70.27.59 - - [26/Apr/2019:23:59:17 +0800]  "GET /verbs?type=%E4%B8%AA%E4%BA%BA%E6%88%90%E5%B0%B1&display=%E4%B8%AD%E6%96%87&_=1556294365168 HTTP/1.1" 301 194 "https://www.wondercv.com/zh-CN/cvs/VRpVzSg/other" "Mozilla/5.0 (Windows NT 10.0; WOW64) AppleWebKit/537.36 (KHTML, like Gecko) Chrome/63.0.3239.26 Safari/537.36 Core/1.63.6726.400 QQBrowser/10.2.2265.400" -
124.64.16.214 - - [26/Apr/2019:23:59:17 +0800]  "GET /zh-CN/cvs/EU-EZ5I/editor HTTP/1.1" 200 36109 "https://www.wondercv.com/zh-CN/cvs?miniprogram_unionid=ocVLM1LleA_eDpoNtf56hGAd4ci0" "Mozilla/5.0 (iPhone; CPU iPhone OS 12_2 like Mac OS X) AppleWebKit/605.1.15 (KHTML, like Gecko) Mobile/15E148 MicroMessenger/7.0.3(0x17000321) NetType/4G Language/zh_CN miniProgram" -
114.221.190.31 - - [26/Apr/2019:23:59:17 +0800]  "GET /zh-CN/cvs HTTP/1.1" 200 22247 "https://www.wondercv.com/zh-CN/comp_recruit_infos/2023" "Mozilla/5.0 (Windows NT 10.0; WOW64; Trident/7.0; rv:11.0) like Gecko" -
112.96.176.37 - - [26/Apr/2019:23:59:17 +0800]  "POST /zh-CN/cvs/1582599/custom_sections/2073533/custom_section_infos HTTP/1.1" 404 9087 "https://www.wondercv.com/zh-CN/cvs/3IBb-v4/editor" "Mozilla/5.0 (Windows NT 10.0; Win64; x64) AppleWebKit/537.36 (KHTML, like Gecko) Chrome/64.0.3282.140 Safari/537.36 Edge/18.17763" -
117.136.36.247 - - [26/Apr/2019:23:59:17 +0800]  "GET /verbs?type=%E4%B8%AA%E4%BA%BA%E6%88%90%E5%B0%B1&display=%E4%B8%AD%E6%96%87&_=1556294355695 HTTP/1.1" 301 194 "https://www.wondercv.com/zh-CN/cvs/f424QBE/orgs" "Mozilla/5.0 (Linux; Android 8.0.0; MI 6 Build/OPR1.170623.027; wv) AppleWebKit/537.36 (KHTML, like Gecko) Version/4.0 Chrome/67.0.3396.87 XWEB/673 MMWEBSDK/21 Mobile Safari/537.36 MicroMessenger/6.7.1321(0x26070030) NetType/4G Language/zh_CN MicroMessenger/6.7.1321(0x26070030) NetType/4G Language/zh_CN miniProgram" -
222.70.27.59 - - [26/Apr/2019:23:59:17 +0800]  "GET /verbs?type=%E4%B8%AA%E4%BA%BA%E6%88%90%E5%B0%B1&display=%E4%B8%AD%E6%96%87&_=1556294365169 HTTP/1.1" 301 194 "https://www.wondercv.com/zh-CN/cvs/VRpVzSg/other" "Mozilla/5.0 (Windows NT 10.0; WOW64) AppleWebKit/537.36 (KHTML, like Gecko) Chrome/63.0.3239.26 Safari/537.36 Core/1.63.6726.400 QQBrowser/10.2.2265.400" -
222.70.27.59 - - [26/Apr/2019:23:59:17 +0800]  "GET /verbs?type=%E4%B8%AA%E4%BA%BA%E6%88%90%E5%B0%B1&display=%E4%B8%AD%E6%96%87& HTTP/1.1" 304 0 "https://www.wondercv.com/zh-CN/cvs/VRpVzSg/other" "Mozilla/5.0 (Windows NT 10.0; WOW64) AppleWebKit/537.36 (KHTML, like Gecko) Chrome/63.0.3239.26 Safari/537.36 Core/1.63.6726.400 QQBrowser/10.2.2265.400" HIT
112.96.179.195 - - [26/Apr/2019:23:59:17 +0800]  "GET /zh-CN/cvs/tNahPMo/profiles?client=ios HTTP/1.1" 200 16090 "-" "Mozilla/5.0 (iPhone; CPU iPhone OS 12_1 like Mac OS X) AppleWebKit/605.1.15 (KHTML, like Gecko) Mobile/16B92/wondercv_ios/app_version=2.3.1" -
117.136.29.181 - - [26/Apr/2019:23:59:17 +0800]  "GET /assets/application-d90fe7c6e241e748d4b67f1ca4996de0e21a87f62b4bfd7de471ba2896fa9930.css HTTP/1.1" 302 170 "https://www.wondercv.com/zh-CN/cvs?client=android" "Mozilla/5.0 (Linux; Android 8.0.0; LDN-AL20 Build/HUAWEILDN-AL20; wv) AppleWebKit/537.36 (KHTML, like Gecko) Version/4.0 Chrome/68.0.3440.91 Mobile Safari/537.36android_wondercv_app&android_app_version=2.2.0" -
123.114.98.242 - - [26/Apr/2019:23:59:17 +0800]  "GET /universities.json?term=%E9%9F%A9%E5%9B%BD%E5%BB%BA%E5%9B%BD%E5%A4%A7%E5%AD%A6( HTTP/1.1" 304 0 "https://www.wondercv.com/zh-CN/cvs/b_2Y8zE/edus" "Mozilla/5.0 (Macintosh; Intel Mac OS X 10_14_4) AppleWebKit/605.1.15 (KHTML, like Gecko) Version/12.1 Safari/605.1.15" -
117.136.36.247 - - [26/Apr/2019:23:59:17 +0800]  "GET /verbs?type=%E4%B8%AA%E4%BA%BA%E6%88%90%E5%B0%B1&display=%E4%B8%AD%E6%96%87&_=1556294355696 HTTP/1.1" 301 194 "https://www.wondercv.com/zh-CN/cvs/f424QBE/orgs" "Mozilla/5.0 (Linux; Android 8.0.0; MI 6 Build/OPR1.170623.027; wv) AppleWebKit/537.36 (KHTML, like Gecko) Version/4.0 Chrome/67.0.3396.87 XWEB/673 MMWEBSDK/21 Mobile Safari/537.36 MicroMessenger/6.7.1321(0x26070030) NetType/4G Language/zh_CN MicroMessenger/6.7.1321(0x26070030) NetType/4G Language/zh_CN miniProgram" -
61.158.148.85 - - [26/Apr/2019:23:59:17 +0800]  "GET /cities.json?term=%E9%83%91%E5%B7%9E HTTP/1.1" 304 0 "https://www.wondercv.com/zh-CN/cvs/bqVziCk/edus" "Mozilla/5.0 (Windows NT 10.0; WOW64) AppleWebKit/537.36 (KHTML, like Gecko) Chrome/63.0.3239.26 Safari/537.36 Core/1.63.5467.400 QQBrowser/10.1.1503.400" -
124.64.16.214 - - [26/Apr/2019:23:59:17 +0800]  "GET /assets/v2_editor-e4c4559fc59e507247da12660e9b49b26acd0a19acda784480ccb898626a3916.css HTTP/1.1" 302 170 "https://www.wondercv.com/zh-CN/cvs/EU-EZ5I/editor" "Mozilla/5.0 (iPhone; CPU iPhone OS 12_2 like Mac OS X) AppleWebKit/605.1.15 (KHTML, like Gecko) Mobile/15E148 MicroMessenger/7.0.3(0x17000321) NetType/4G Language/zh_CN miniProgram" -
128.119.202.180 - - [26/Apr/2019:23:59:17 +0800]  "GET /zh-CN/cvs HTTP/1.1" 200 22660 "https://www.wondercv.com/zh-CN/cvs/em9m95I/editor?from=recommands###" "Mozilla/5.0 (Macintosh; Intel Mac OS X 10_13_3) AppleWebKit/604.5.6 (KHTML, like Gecko) Version/11.0.3 Safari/604.5.6" -
222.70.27.59 - - [26/Apr/2019:23:59:17 +0800]  "GET /verbs?type=%E4%B8%AA%E4%BA%BA%E6%88%90%E5%B0%B1&display=%E4%B8%AD%E6%96%87& HTTP/1.1" 304 0 "https://www.wondercv.com/zh-CN/cvs/VRpVzSg/other" "Mozilla/5.0 (Windows NT 10.0; WOW64) AppleWebKit/537.36 (KHTML, like Gecko) Chrome/63.0.3239.26 Safari/537.36 Core/1.63.6726.400 QQBrowser/10.2.2265.400" HIT
117.136.29.181 - - [26/Apr/2019:23:59:17 +0800]  "GET /assets/application-3e5f44e19e50027709573ede0932e044413fda22d1cf07a0cbd1d3284c17dd64.js HTTP/1.1" 302 170 "https://www.wondercv.com/zh-CN/cvs?client=android" "Mozilla/5.0 (Linux; Android 8.0.0; LDN-AL20 Build/HUAWEILDN-AL20; wv) AppleWebKit/537.36 (KHTML, like Gecko) Version/4.0 Chrome/68.0.3440.91 Mobile Safari/537.36android_wondercv_app&android_app_version=2.2.0" -
112.96.176.37 - - [26/Apr/2019:23:59:17 +0800]  "POST /zh-CN/cvs/1582599/custom_sections/2073533/custom_section_infos HTTP/1.1" 404 9090 "https://www.wondercv.com/zh-CN/cvs/3IBb-v4/editor" "Mozilla/5.0 (Windows NT 10.0; Win64; x64) AppleWebKit/537.36 (KHTML, like Gecko) Chrome/64.0.3282.140 Safari/537.36 Edge/18.17763" -
114.221.190.31 - - [26/Apr/2019:23:59:17 +0800]  "GET /assets/application-d90fe7c6e241e748d4b67f1ca4996de0e21a87f62b4bfd7de471ba2896fa9930.css HTTP/1.1" 302 170 "https://www.wondercv.com/zh-CN/cvs" "Mozilla/5.0 (Windows NT 10.0; WOW64; Trident/7.0; rv:11.0) like Gecko" -
117.136.46.120 - - [26/Apr/2019:23:59:17 +0800]  "GET /zh-CN/cvs/RlHk3kk/edus HTTP/1.1" 200 18308 "https://www.wondercv.com/zh-CN/cvs/RlHk3kk/editor" "Mozilla/5.0 (iPhone; CPU iPhone OS 12_1_2 like Mac OS X) AppleWebKit/605.1.15 (KHTML, like Gecko) Mobile/16C101 MicroMessenger/7.0.3(0x17000321) NetType/4G Language/zh_CN miniProgram" -
124.64.16.214 - - [26/Apr/2019:23:59:17 +0800]  "GET /assets/application-3e5f44e19e50027709573ede0932e044413fda22d1cf07a0cbd1d3284c17dd64.js HTTP/1.1" 302 170 "https://www.wondercv.com/zh-CN/cvs/EU-EZ5I/editor" "Mozilla/5.0 (iPhone; CPU iPhone OS 12_2 like Mac OS X) AppleWebKit/605.1.15 (KHTML, like Gecko) Mobile/15E148 MicroMessenger/7.0.3(0x17000321) NetType/4G Language/zh_CN miniProgram" -
183.63.97.158 - - [26/Apr/2019:23:59:17 +0800]  "POST /zh-CN/signin/scan/check HTTP/1.1" 200 50 "https://www.wondercv.com/zh-CN/cvs?utm_campaign=%E7%9F%A5%E4%B9%8E&utm_medium=%E7%9F%A5%E4%B9%8E%E6%96%87%E7%AB%A0&utm_source=%E7%9F%A5%E4%B9%8E%E5%B9%BF%E5%91%8A%E5%B9%B3%E5%8F%B0&gio_link_id=DPW61LRn" "Mozilla/5.0 (Windows NT 10.0; WOW64) AppleWebKit/537.36 (KHTML, like Gecko) Chrome/70.0.3538.25 Safari/537.36" -
117.136.36.247 - - [26/Apr/2019:23:59:17 +0800]  "GET /verbs?type=%E4%B8%AA%E4%BA%BA%E6%88%90%E5%B0%B1&display=%E4%B8%AD%E6%96%87& HTTP/1.1" 304 0 "https://www.wondercv.com/zh-CN/cvs/f424QBE/orgs" "Mozilla/5.0 (Linux; Android 8.0.0; MI 6 Build/OPR1.170623.027; wv) AppleWebKit/537.36 (KHTML, like Gecko) Version/4.0 Chrome/67.0.3396.87 XWEB/673 MMWEBSDK/21 Mobile Safari/537.36 MicroMessenger/6.7.1321(0x26070030) NetType/4G Language/zh_CN MicroMessenger/6.7.1321(0x26070030) NetType/4G Language/zh_CN miniProgram" HIT
112.96.179.195 - - [26/Apr/2019:23:59:17 +0800]  "GET /assets/v2_guide-d8dbaf07292bd37b5b2d333e27c3af26d2d2643bc9366b80314d0ef0f5729b60.css HTTP/1.1" 302 170 "https://www.wondercv.com/zh-CN/cvs/tNahPMo/profiles?client=ios" "Mozilla/5.0 (iPhone; CPU iPhone OS 12_1 like Mac OS X) AppleWebKit/605.1.15 (KHTML, like Gecko) Mobile/16B92/wondercv_ios/app_version=2.3.1" -
218.204.3.77 - - [26/Apr/2019:23:59:17 +0800]  "GET /zh-CN/signin?type=login HTTP/1.1" 200 11756 "-" "Mozilla/5.0 (Linux; Android 8.1.0; vivo X9s Build/OPM1.171019.019; wv) AppleWebKit/537.36 (KHTML, like Gecko) Version/4.0 Chrome/66.0.3359.126 MQQBrowser/6.2 TBS/044607 Mobile Safari/537.36 MMWEBID/8150 MicroMessenger/7.0.3.1400(0x2700033C) Process/tools NetType/4G Language/zh_CN" -
112.43.40.78 - - [26/Apr/2019:23:59:17 +0800]  "GET /zh-CN/cvs HTTP/1.1" 200 21547 "https://www.wondercv.com/zh-CN/template_matches/new" "Mozilla/5.0 (Windows NT 10.0; WOW64) AppleWebKit/537.36 (KHTML, like Gecko) Chrome/63.0.3239.26 Safari/537.36 Core/1.63.6735.400 QQBrowser/10.2.2614.400" -
183.192.94.141 - - [26/Apr/2019:23:59:17 +0800]  "GET /interface/example_cvs?pageNo=1&workTime=&industry=&pageSize=10&unionId=ocVLM1PRr3D7fKaXPhmK28KkKo5c HTTP/1.1" 200 551 "https://servicewechat.com/wx578fdf80110e543b/37/page-frame.html" "Mozilla/5.0 (Linux; Android 9; PAR-AL00 Build/HUAWEIPAR-AL00; wv) AppleWebKit/537.36 (KHTML, like Gecko) Version/4.0 Chrome/71.0.3578.99 Mobile Safari/537.36 MicroMessenger/7.0.4.1420(0x27000439) Process/appbrand2 NetType/WIFI Language/zh_CN" -
117.136.36.247 - - [26/Apr/2019:23:59:17 +0800]  "GET /verbs?type=%E4%B8%AA%E4%BA%BA%E6%88%90%E5%B0%B1&display=%E4%B8%AD%E6%96%87& HTTP/1.1" 304 0 "https://www.wondercv.com/zh-CN/cvs/f424QBE/orgs" "Mozilla/5.0 (Linux; Android 8.0.0; MI 6 Build/OPR1.170623.027; wv) AppleWebKit/537.36 (KHTML, like Gecko) Version/4.0 Chrome/67.0.3396.87 XWEB/673 MMWEBSDK/21 Mobile Safari/537.36 MicroMessenger/6.7.1321(0x26070030) NetType/4G Language/zh_CN MicroMessenger/6.7.1321(0x26070030) NetType/4G Language/zh_CN miniProgram" HIT
183.192.94.141 - - [26/Apr/2019:23:59:17 +0800]  "GET /interface/example_cvs?pageNo=1&workTime=&industry=&pageSize=10&unionId=ocVLM1PRr3D7fKaXPhmK28KkKo5c HTTP/1.1" 200 551 "https://servicewechat.com/wx578fdf80110e543b/37/page-frame.html" "Mozilla/5.0 (Linux; Android 9; PAR-AL00 Build/HUAWEIPAR-AL00; wv) AppleWebKit/537.36 (KHTML, like Gecko) Version/4.0 Chrome/71.0.3578.99 Mobile Safari/537.36 MicroMessenger/7.0.4.1420(0x27000439) Process/appbrand2 NetType/WIFI Language/zh_CN" -
112.96.179.195 - - [26/Apr/2019:23:59:17 +0800]  "GET /assets/application-3e5f44e19e50027709573ede0932e044413fda22d1cf07a0cbd1d3284c17dd64.js HTTP/1.1" 302 170 "https://www.wondercv.com/zh-CN/cvs/tNahPMo/profiles?client=ios" "Mozilla/5.0 (iPhone; CPU iPhone OS 12_1 like Mac OS X) AppleWebKit/605.1.15 (KHTML, like Gecko) Mobile/16B92/wondercv_ios/app_version=2.3.1" -
117.136.46.120 - - [26/Apr/2019:23:59:17 +0800]  "GET /assets/v2_guide-d8dbaf07292bd37b5b2d333e27c3af26d2d2643bc9366b80314d0ef0f5729b60.css HTTP/1.1" 302 170 "https://www.wondercv.com/zh-CN/cvs/RlHk3kk/edus" "Mozilla/5.0 (iPhone; CPU iPhone OS 12_1_2 like Mac OS X) AppleWebKit/605.1.15 (KHTML, like Gecko) Mobile/16C101 MicroMessenger/7.0.3(0x17000321) NetType/4G Language/zh_CN miniProgram" -
114.221.190.31 - - [26/Apr/2019:23:59:17 +0800]  "GET /assets/application-3e5f44e19e50027709573ede0932e044413fda22d1cf07a0cbd1d3284c17dd64.js HTTP/1.1" 302 170 "https://www.wondercv.com/zh-CN/cvs" "Mozilla/5.0 (Windows NT 10.0; WOW64; Trident/7.0; rv:11.0) like Gecko" -
218.204.3.77 - - [26/Apr/2019:23:59:17 +0800]  "GET /assets/signin-b362885eedc0449fab53387f970c1594159f59a6ca01290b4b064fb78c82fb73.css HTTP/1.1" 302 170 "https://www.wondercv.com/zh-CN/signin?type=login" "Mozilla/5.0 (Linux; Android 8.1.0; vivo X9s Build/OPM1.171019.019; wv) AppleWebKit/537.36 (KHTML, like Gecko) Version/4.0 Chrome/66.0.3359.126 MQQBrowser/6.2 TBS/044607 Mobile Safari/537.36 MMWEBID/8150 MicroMessenger/7.0.3.1400(0x2700033C) Process/tools NetType/4G Language/zh_CN" -
124.64.16.214 - - [26/Apr/2019:23:59:17 +0800]  "GET /assets/tinymce/plugins/link/plugin.js HTTP/1.1" 200 6990 "https://www.wondercv.com/zh-CN/cvs/EU-EZ5I/editor" "Mozilla/5.0 (iPhone; CPU iPhone OS 12_2 like Mac OS X) AppleWebKit/605.1.15 (KHTML, like Gecko) Mobile/15E148 MicroMessenger/7.0.3(0x17000321) NetType/4G Language/zh_CN miniProgram" -
124.64.16.214 - - [26/Apr/2019:23:59:17 +0800]  "GET /assets/tinymce/themes/modern/theme.js HTTP/1.1" 200 13069 "https://www.wondercv.com/zh-CN/cvs/EU-EZ5I/editor" "Mozilla/5.0 (iPhone; CPU iPhone OS 12_2 like Mac OS X) AppleWebKit/605.1.15 (KHTML, like Gecko) Mobile/15E148 MicroMessenger/7.0.3(0x17000321) NetType/4G Language/zh_CN miniProgram" -
124.64.16.214 - - [26/Apr/2019:23:59:18 +0800]  "GET /assets/tinymce/skins/lightgray/skin.min.css HTTP/1.1" 200 7609 "https://www.wondercv.com/zh-CN/cvs/EU-EZ5I/editor" "Mozilla/5.0 (iPhone; CPU iPhone OS 12_2 like Mac OS X) AppleWebKit/605.1.15 (KHTML, like Gecko) Mobile/15E148 MicroMessenger/7.0.3(0x17000321) NetType/4G Language/zh_CN miniProgram" -
124.64.16.214 - - [26/Apr/2019:23:59:18 +0800]  "GET /assets/tinymce/skins/lightgray/content.min.css HTTP/1.1" 200 1191 "-" "Mozilla/5.0 (iPhone; CPU iPhone OS 12_2 like Mac OS X) AppleWebKit/605.1.15 (KHTML, like Gecko) Mobile/15E148 MicroMessenger/7.0.3(0x17000321) NetType/4G Language/zh_CN miniProgram" -
117.136.46.120 - - [26/Apr/2019:23:59:18 +0800]  "GET /assets/application-3e5f44e19e50027709573ede0932e044413fda22d1cf07a0cbd1d3284c17dd64.js HTTP/1.1" 302 170 "https://www.wondercv.com/zh-CN/cvs/RlHk3kk/edus" "Mozilla/5.0 (iPhone; CPU iPhone OS 12_1_2 like Mac OS X) AppleWebKit/605.1.15 (KHTML, like Gecko) Mobile/16C101 MicroMessenger/7.0.3(0x17000321) NetType/4G Language/zh_CN miniProgram" -
112.96.176.37 - - [26/Apr/2019:23:59:18 +0800]  "POST /zh-CN/cvs/1582599/custom_sections/2073533/custom_section_infos HTTP/1.1" 404 9088 "https://www.wondercv.com/zh-CN/cvs/3IBb-v4/editor" "Mozilla/5.0 (Windows NT 10.0; Win64; x64) AppleWebKit/537.36 (KHTML, like Gecko) Chrome/64.0.3282.140 Safari/537.36 Edge/18.17763" -
112.43.40.78 - - [26/Apr/2019:23:59:18 +0800]  "POST /zh-CN/template_matches HTTP/1.1" 200 67 "https://www.wondercv.com/zh-CN/template_matches/new" "Mozilla/5.0 (Windows NT 10.0; WOW64) AppleWebKit/537.36 (KHTML, like Gecko) Chrome/63.0.3239.26 Safari/537.36 Core/1.63.6735.400 QQBrowser/10.2.2614.400" -
5.151.220.226 - - [26/Apr/2019:23:59:18 +0800]  "GET /example_entries?lang=cn&tag=%E6%89%A7%E7%85%A7%2F%E5%9F%B9%E8%AE%AD&example_type=%E5%85%B6%E4%BB%96&template=stu_cn& HTTP/1.1" 200 730 "https://www.wondercv.com/zh-CN/cvs/R5a9asc/other" "Mozilla/5.0 (iPhone; CPU iPhone OS 12_1_4 like Mac OS X) AppleWebKit/605.1.15 (KHTML, like Gecko) Mobile/16D57 MicroMessenger/7.0.3(0x17000321) NetType/WIFI Language/zh_CN miniProgram" MISS
112.43.40.78 - - [26/Apr/2019:23:59:18 +0800]  "GET /assets/application-d90fe7c6e241e748d4b67f1ca4996de0e21a87f62b4bfd7de471ba2896fa9930.css HTTP/1.1" 302 170 "https://www.wondercv.com/zh-CN/cvs" "Mozilla/5.0 (Windows NT 10.0; WOW64) AppleWebKit/537.36 (KHTML, like Gecko) Chrome/63.0.3239.26 Safari/537.36 Core/1.63.6735.400 QQBrowser/10.2.2614.400" -
124.72.119.33 - - [26/Apr/2019:23:59:18 +0800]  "GET /zh-CN/cvs?client=ios HTTP/1.1" 200 19960 "-" "Mozilla/5.0 (iPhone; CPU iPhone OS 12_1_2 like Mac OS X) AppleWebKit/605.1.15 (KHTML, like Gecko) Mobile/16C101" -
128.119.202.180 - - [26/Apr/2019:23:59:18 +0800]  "GET /assets/application-d90fe7c6e241e748d4b67f1ca4996de0e21a87f62b4bfd7de471ba2896fa9930.css HTTP/1.1" 302 170 "https://www.wondercv.com/zh-CN/cvs" "Mozilla/5.0 (Macintosh; Intel Mac OS X 10_13_3) AppleWebKit/604.5.6 (KHTML, like Gecko) Version/11.0.3 Safari/604.5.6" -
128.119.202.180 - - [26/Apr/2019:23:59:18 +0800]  "GET /assets/application-3e5f44e19e50027709573ede0932e044413fda22d1cf07a0cbd1d3284c17dd64.js HTTP/1.1" 302 170 "https://www.wondercv.com/zh-CN/cvs" "Mozilla/5.0 (Macintosh; Intel Mac OS X 10_13_3) AppleWebKit/604.5.6 (KHTML, like Gecko) Version/11.0.3 Safari/604.5.6" -
131.227.215.127 - - [26/Apr/2019:23:59:18 +0800]  "POST /zh-CN/cvs/1582663/custom_sections/2073632/custom_section_infos/2854856 HTTP/1.1" 200 174 "https://www.wondercv.com/zh-CN/cvs/9-TOh4s/editor" "Mozilla/5.0 (Macintosh; Intel Mac OS X 10_14_3) AppleWebKit/537.36 (KHTML, like Gecko) Chrome/73.0.3683.103 Safari/537.36" -
123.114.98.242 - - [26/Apr/2019:23:59:18 +0800]  "GET /universities.json?term=%E9%9F%A9%E5%9B%BD%E5%BB%BA%E5%9B%BD%E5%A4%A7%E5%AD%A6(%EA%B1%B4 HTTP/1.1" 200 33 "https://www.wondercv.com/zh-CN/cvs/b_2Y8zE/edus" "Mozilla/5.0 (Macintosh; Intel Mac OS X 10_14_4) AppleWebKit/605.1.15 (KHTML, like Gecko) Version/12.1 Safari/605.1.15" -
124.72.119.33 - - [26/Apr/2019:23:59:18 +0800]  "GET /assets/application-d90fe7c6e241e748d4b67f1ca4996de0e21a87f62b4bfd7de471ba2896fa9930.css HTTP/1.1" 302 170 "https://www.wondercv.com/zh-CN/cvs?client=ios" "Mozilla/5.0 (iPhone; CPU iPhone OS 12_1_2 like Mac OS X) AppleWebKit/605.1.15 (KHTML, like Gecko) Mobile/16C101" -
218.204.3.77 - - [26/Apr/2019:23:59:18 +0800]  "GET /assets/signin-16104c483d9ed82d48adb20eb51051330731bf287bb17f613fce7e4ceb68accf.js HTTP/1.1" 200 39936 "https://www.wondercv.com/zh-CN/signin?type=login" "Mozilla/5.0 (Linux; Android 8.1.0; vivo X9s Build/OPM1.171019.019; wv) AppleWebKit/537.36 (KHTML, like Gecko) Version/4.0 Chrome/66.0.3359.126 MQQBrowser/6.2 TBS/044607 Mobile Safari/537.36 MMWEBID/8150 MicroMessenger/7.0.3.1400(0x2700033C) Process/tools NetType/4G Language/zh_CN" -
112.96.179.195 - - [26/Apr/2019:23:59:18 +0800]  "GET /verbs?type=%E4%B8%AA%E4%BA%BA%E6%88%90%E5%B0%B1&display=%E4%B8%AD%E6%96%87&_=1556294358338 HTTP/1.1" 301 194 "https://www.wondercv.com/zh-CN/cvs/tNahPMo/profiles?client=ios" "Mozilla/5.0 (iPhone; CPU iPhone OS 12_1 like Mac OS X) AppleWebKit/605.1.15 (KHTML, like Gecko) Mobile/16B92/wondercv_ios/app_version=2.3.1" -
112.96.179.195 - - [26/Apr/2019:23:59:18 +0800]  "GET /verbs?type=%E4%B8%AA%E4%BA%BA%E6%88%90%E5%B0%B1&display=%E4%B8%AD%E6%96%87&_=1556294358339 HTTP/1.1" 301 194 "https://www.wondercv.com/zh-CN/cvs/tNahPMo/profiles?client=ios" "Mozilla/5.0 (iPhone; CPU iPhone OS 12_1 like Mac OS X) AppleWebKit/605.1.15 (KHTML, like Gecko) Mobile/16B92/wondercv_ios/app_version=2.3.1" -
124.72.119.33 - - [26/Apr/2019:23:59:18 +0800]  "GET /assets/application-3e5f44e19e50027709573ede0932e044413fda22d1cf07a0cbd1d3284c17dd64.js HTTP/1.1" 302 170 "https://www.wondercv.com/zh-CN/cvs?client=ios" "Mozilla/5.0 (iPhone; CPU iPhone OS 12_1_2 like Mac OS X) AppleWebKit/605.1.15 (KHTML, like Gecko) Mobile/16C101" -
112.96.179.195 - - [26/Apr/2019:23:59:18 +0800]  "GET /verbs?type=%E4%B8%AA%E4%BA%BA%E6%88%90%E5%B0%B1&display=%E4%B8%AD%E6%96%87& HTTP/1.1" 200 396 "https://www.wondercv.com/zh-CN/cvs/tNahPMo/profiles?client=ios" "Mozilla/5.0 (iPhone; CPU iPhone OS 12_1 like Mac OS X) AppleWebKit/605.1.15 (KHTML, like Gecko) Mobile/16B92/wondercv_ios/app_version=2.3.1" HIT
112.96.179.195 - - [26/Apr/2019:23:59:18 +0800]  "GET /verbs?type=%E4%B8%AA%E4%BA%BA%E6%88%90%E5%B0%B1&display=%E4%B8%AD%E6%96%87& HTTP/1.1" 200 396 "https://www.wondercv.com/zh-CN/cvs/tNahPMo/profiles?client=ios" "Mozilla/5.0 (iPhone; CPU iPhone OS 12_1 like Mac OS X) AppleWebKit/605.1.15 (KHTML, like Gecko) Mobile/16B92/wondercv_ios/app_version=2.3.1" HIT
117.136.46.120 - - [26/Apr/2019:23:59:18 +0800]  "GET /verbs?type=%E4%B8%AA%E4%BA%BA%E6%88%90%E5%B0%B1&display=%E4%B8%AD%E8%8B%B1%E6%96%87%E5%AF%B9%E7%85%A7&_=1556294358499 HTTP/1.1" 301 194 "https://www.wondercv.com/zh-CN/cvs/RlHk3kk/edus" "Mozilla/5.0 (iPhone; CPU iPhone OS 12_1_2 like Mac OS X) AppleWebKit/605.1.15 (KHTML, like Gecko) Mobile/16C101 MicroMessenger/7.0.3(0x17000321) NetType/4G Language/zh_CN miniProgram" -
117.136.46.120 - - [26/Apr/2019:23:59:18 +0800]  "GET /verbs?type=%E4%B8%AA%E4%BA%BA%E6%88%90%E5%B0%B1&display=%E4%B8%AD%E8%8B%B1%E6%96%87%E5%AF%B9%E7%85%A7&_=1556294358498 HTTP/1.1" 301 194 "https://www.wondercv.com/zh-CN/cvs/RlHk3kk/edus" "Mozilla/5.0 (iPhone; CPU iPhone OS 12_1_2 like Mac OS X) AppleWebKit/605.1.15 (KHTML, like Gecko) Mobile/16C101 MicroMessenger/7.0.3(0x17000321) NetType/4G Language/zh_CN miniProgram" -
112.43.40.78 - - [26/Apr/2019:23:59:18 +0800]  "GET /assets/application-3e5f44e19e50027709573ede0932e044413fda22d1cf07a0cbd1d3284c17dd64.js HTTP/1.1" 302 170 "https://www.wondercv.com/zh-CN/cvs" "Mozilla/5.0 (Windows NT 10.0; WOW64) AppleWebKit/537.36 (KHTML, like Gecko) Chrome/63.0.3239.26 Safari/537.36 Core/1.63.6735.400 QQBrowser/10.2.2614.400" -
112.96.176.37 - - [26/Apr/2019:23:59:18 +0800]  "POST /zh-CN/cvs/1582599/custom_sections/2073533/custom_section_infos HTTP/1.1" 404 9088 "https://www.wondercv.com/zh-CN/cvs/3IBb-v4/editor" "Mozilla/5.0 (Windows NT 10.0; Win64; x64) AppleWebKit/537.36 (KHTML, like Gecko) Chrome/64.0.3282.140 Safari/537.36 Edge/18.17763" -
218.106.145.18 - - [26/Apr/2019:23:59:18 +0800]  "POST /zh-CN/cvs/1576309/edus/2093754 HTTP/1.1" 200 262 "https://www.wondercv.com/zh-CN/cvs/gKDnhOg/editor" "Mozilla/5.0 (Windows NT 10.0; Win64; x64) AppleWebKit/537.36 (KHTML, like Gecko) Chrome/73.0.3683.75 Safari/537.36" -
126.247.213.123 - - [26/Apr/2019:23:59:18 +0800]  "GET /verbs?type=%E4%B8%AA%E4%BA%BA%E6%88%90%E5%B0%B1&display=%E4%B8%AD%E6%96%87& HTTP/1.1" 200 396 "https://www.wondercv.com/zh-CN/cvs/DPoQ86A/edus?client=ios" "Mozilla/5.0 (iPhone; CPU iPhone OS 12_1_4 like Mac OS X) AppleWebKit/605.1.15 (KHTML, like Gecko) Mobile/16D57/wondercv_ios/app_version=2.3.1" HIT
36.23.99.215 - - [26/Apr/2019:23:59:18 +0800]  "POST /zh-CN/signin/scan/check HTTP/1.1" 200 50 "https://www.wondercv.com/?_c=baidu&_p=pcczc&_k=0610" "Mozilla/5.0 (Windows NT 10.0; Win64; x64) AppleWebKit/537.36 (KHTML, like Gecko) Chrome/64.0.3282.140 Safari/537.36 Edge/17.17134" -
117.136.46.120 - - [26/Apr/2019:23:59:18 +0800]  "GET /verbs?type=%E4%B8%AA%E4%BA%BA%E6%88%90%E5%B0%B1&display=%E4%B8%AD%E8%8B%B1%E6%96%87%E5%AF%B9%E7%85%A7& HTTP/1.1" 200 595 "https://www.wondercv.com/zh-CN/cvs/RlHk3kk/edus" "Mozilla/5.0 (iPhone; CPU iPhone OS 12_1_2 like Mac OS X) AppleWebKit/605.1.15 (KHTML, like Gecko) Mobile/16C101 MicroMessenger/7.0.3(0x17000321) NetType/4G Language/zh_CN miniProgram" HIT
117.136.46.120 - - [26/Apr/2019:23:59:18 +0800]  "GET /verbs?type=%E4%B8%AA%E4%BA%BA%E6%88%90%E5%B0%B1&display=%E4%B8%AD%E8%8B%B1%E6%96%87%E5%AF%B9%E7%85%A7& HTTP/1.1" 200 595 "https://www.wondercv.com/zh-CN/cvs/RlHk3kk/edus" "Mozilla/5.0 (iPhone; CPU iPhone OS 12_1_2 like Mac OS X) AppleWebKit/605.1.15 (KHTML, like Gecko) Mobile/16C101 MicroMessenger/7.0.3(0x17000321) NetType/4G Language/zh_CN miniProgram" HIT
180.160.193.194 - - [26/Apr/2019:23:59:18 +0800]  "POST /zh-CN/signin/scan/check HTTP/1.1" 200 50 "https://www.wondercv.com/zh-CN/signin?type=login" "Mozilla/5.0 (Macintosh; Intel Mac OS X 10_14_3) AppleWebKit/537.36 (KHTML, like Gecko) Chrome/73.0.3683.103 Safari/537.36" -
123.114.98.242 - - [26/Apr/2019:23:59:18 +0800]  "GET /universities.json?term=%E9%9F%A9%E5%9B%BD%E5%BB%BA%E5%9B%BD%E5%A4%A7%E5%AD%A6(%EA%B1%B4%EA%B5%AD HTTP/1.1" 200 33 "https://www.wondercv.com/zh-CN/cvs/b_2Y8zE/edus" "Mozilla/5.0 (Macintosh; Intel Mac OS X 10_14_4) AppleWebKit/605.1.15 (KHTML, like Gecko) Version/12.1 Safari/605.1.15" -
182.148.166.173 - - [26/Apr/2019:23:59:18 +0800]  "GET /professions/intention_search?utf8=%E2%9C%93&name=%E6%B4%BB%E5%8A%A8%E7%AD%96%E5%88%92%E6%89%A7%E8%A1%8C HTTP/1.1" 200 261 "https://www.wondercv.com/zh-CN/template_matches/new" "Mozilla/5.0 (Windows NT 10.0; Win64; x64) AppleWebKit/537.36 (KHTML, like Gecko) Chrome/64.0.3282.140 Safari/537.36 Edge/17.17134" -
157.122.68.155 - - [26/Apr/2019:23:59:19 +0800]  "POST /zh-CN/cvs/1582144/custom_sections/2073884/custom_section_infos/2855189 HTTP/1.1" 200 170 "https://www.wondercv.com/zh-CN/cvs/fxowTb0/editor" "Mozilla/5.0 (Windows NT 6.1; WOW64) AppleWebKit/537.36 (KHTML, like Gecko) Chrome/63.0.3239.132 Safari/537.36" -
124.72.119.33 - - [26/Apr/2019:23:59:19 +0800]  "POST /zh-CN/account/users/154082/wx_personal_qr HTTP/1.1" 200 86 "https://www.wondercv.com/zh-CN/cvs?client=ios" "Mozilla/5.0 (iPhone; CPU iPhone OS 12_1_2 like Mac OS X) AppleWebKit/605.1.15 (KHTML, like Gecko) Mobile/16C101" -
123.114.98.242 - - [26/Apr/2019:23:59:19 +0800]  "GET /universities.json?term=%E9%9F%A9%E5%9B%BD%E5%BB%BA%E5%9B%BD%E5%A4%A7%E5%AD%A6(%EA%B1%B4%EA%B5%AD%EC%95%A0 HTTP/1.1" 200 33 "https://www.wondercv.com/zh-CN/cvs/b_2Y8zE/edus" "Mozilla/5.0 (Macintosh; Intel Mac OS X 10_14_4) AppleWebKit/605.1.15 (KHTML, like Gecko) Version/12.1 Safari/605.1.15" -
183.63.97.158 - - [26/Apr/2019:23:59:19 +0800]  "POST /zh-CN/signin/scan/check HTTP/1.1" 200 50 "https://www.wondercv.com/zh-CN/cvs?utm_campaign=%E7%9F%A5%E4%B9%8E&utm_medium=%E7%9F%A5%E4%B9%8E%E6%96%87%E7%AB%A0&utm_source=%E7%9F%A5%E4%B9%8E%E5%B9%BF%E5%91%8A%E5%B9%B3%E5%8F%B0&gio_link_id=DPW61LRn" "Mozilla/5.0 (Windows NT 10.0; WOW64) AppleWebKit/537.36 (KHTML, like Gecko) Chrome/70.0.3538.25 Safari/537.36" -
126.247.213.123 - - [26/Apr/2019:23:59:19 +0800]  "GET /verbs?type=%E4%B8%AA%E4%BA%BA%E6%88%90%E5%B0%B1&display=%E4%B8%AD%E6%96%87& HTTP/1.1" 200 396 "https://www.wondercv.com/zh-CN/cvs/DPoQ86A/edus?client=ios" "Mozilla/5.0 (iPhone; CPU iPhone OS 12_1_4 like Mac OS X) AppleWebKit/605.1.15 (KHTML, like Gecko) Mobile/16D57/wondercv_ios/app_version=2.3.1" HIT
117.136.6.62 - - [26/Apr/2019:23:59:19 +0800]  "POST /zh-CN/account/users/1407614/wx_personal_qr HTTP/1.1" 200 86 "https://www.wondercv.com/zh-CN/cvs/7ngwyqI/editor?client=android" "Mozilla/5.0 (Linux; Android 9; BKL-AL20 Build/HUAWEIBKL-AL20; wv) AppleWebKit/537.36 (KHTML, like Gecko) Version/4.0 Chrome/70.0.3538.110 Mobile Safari/537.36android_wondercv_app&android_app_version=2.2.0" -
58.62.42.11 - - [26/Apr/2019:23:59:19 +0800]  "GET /example_entries?locale=zh-CN&lang=cn&tag=%E6%B4%BB%E5%8A%A8&example_type=%E5%85%B6%E4%BB%96&_=1556294267531 HTTP/1.1" 301 194 "https://www.wondercv.com/zh-CN/cvs/bLIq__c/other?client=ios" "Mozilla/5.0 (iPhone; CPU iPhone OS 12_2 like Mac OS X) AppleWebKit/605.1.15 (KHTML, like Gecko) Mobile/15E148/wondercv_ios/app_version=2.3.1" -
58.62.42.11 - - [26/Apr/2019:23:59:19 +0800]  "GET /example_entries?locale=zh-CN&lang=cn&tag=%E6%B4%BB%E5%8A%A8&example_type=%E5%85%B6%E4%BB%96& HTTP/1.1" 200 769 "https://www.wondercv.com/zh-CN/cvs/bLIq__c/other?client=ios" "Mozilla/5.0 (iPhone; CPU iPhone OS 12_2 like Mac OS X) AppleWebKit/605.1.15 (KHTML, like Gecko) Mobile/15E148/wondercv_ios/app_version=2.3.1" HIT
58.253.69.253 - - [26/Apr/2019:23:59:19 +0800]  "GET /cities.json?term=shen%27z HTTP/1.1" 200 33 "https://www.wondercv.com/zh-CN/cvs/sDMwxn8/editor" "Mozilla/5.0 (Windows NT 10.0; WOW64) AppleWebKit/537.36 (KHTML, like Gecko) Chrome/70.0.3538.25 Safari/537.36 Core/1.70.3650.400 QQBrowser/10.4.3341.400" -
126.247.213.123 - - [26/Apr/2019:23:59:20 +0800]  "GET /verbs?type=%E4%B8%AA%E4%BA%BA%E6%88%90%E5%B0%B1&display=%E4%B8%AD%E6%96%87& HTTP/1.1" 200 396 "https://www.wondercv.com/zh-CN/cvs/DPoQ86A/profiles?client=ios" "Mozilla/5.0 (iPhone; CPU iPhone OS 12_1_4 like Mac OS X) AppleWebKit/605.1.15 (KHTML, like Gecko) Mobile/16D57/wondercv_ios/app_version=2.3.1" HIT
117.136.67.59 - - [26/Apr/2019:23:59:20 +0800]  "POST /zh-CN/cvs/ESmMAJY/works/updates?client=ios HTTP/1.1" 200 189 "https://www.wondercv.com/zh-CN/cvs/ESmMAJY/works?client=ios" "Mozilla/5.0 (iPhone; CPU iPhone OS 12_1_2 like Mac OS X) AppleWebKit/605.1.15 (KHTML, like Gecko) Mobile/16C101/wondercv_ios/app_version=2.3.1" -
207.46.13.188 - - [26/Apr/2019:23:59:20 +0800]  "GET /zh-CN/job/applications/CLCUFVs/job_detail_show/ HTTP/1.1" 301 194 "-" "Mozilla/5.0 (compatible; bingbot/2.0; +http://www.bing.com/bingbot.htm)" -
117.136.36.247 - - [26/Apr/2019:23:59:20 +0800]  "POST /zh-CN/cvs/1582697/orgs/updates HTTP/1.1" 200 191 "https://www.wondercv.com/zh-CN/cvs/f424QBE/orgs" "Mozilla/5.0 (Linux; Android 8.0.0; MI 6 Build/OPR1.170623.027; wv) AppleWebKit/537.36 (KHTML, like Gecko) Version/4.0 Chrome/67.0.3396.87 XWEB/673 MMWEBSDK/21 Mobile Safari/537.36 MicroMessenger/6.7.1321(0x26070030) NetType/4G Language/zh_CN MicroMessenger/6.7.1321(0x26070030) NetType/4G Language/zh_CN miniProgram" -
223.104.96.109 - - [26/Apr/2019:23:59:20 +0800]  "PUT /zh-CN/cvs/d5zGPJs/profiles/upload_avatar HTTP/1.1" 200 1304 "https://www.wondercv.com/zh-CN/cvs/d5zGPJs/editor" "Mozilla/5.0 (Linux; Android 9; EML-AL00 Build/HUAWEIEML-AL00; wv) AppleWebKit/537.36 (KHTML, like Gecko) Version/4.0 Chrome/66.0.3359.126 MQQBrowser/6.2 TBS/044607 Mobile Safari/537.36 MMWEBID/7214 MicroMessenger/7.0.3.1400(0x2700033C) Process/tools NetType/4G Language/en" -
31.205.252.150 - - [26/Apr/2019:23:59:20 +0800]  "GET /assets/welcome-8141fad96fd901b00140145ddef5cb9279f381de377728d4049a9c531d1c0d2d.js HTTP/1.1" 302 170 "https://www.wondercv.com/welcome/en_cv?_c=baidu&_p=pcywc&_k=2124" "Mozilla/5.0 (Macintosh; Intel Mac OS X 10_13_5) AppleWebKit/537.36 (KHTML, like Gecko) Chrome/72.0.3626.119 Safari/537.36" -
126.247.213.123 - - [26/Apr/2019:23:59:20 +0800]  "GET /verbs?type=%E4%B8%AA%E4%BA%BA%E6%88%90%E5%B0%B1&display=%E4%B8%AD%E6%96%87& HTTP/1.1" 200 396 "https://www.wondercv.com/zh-CN/cvs/DPoQ86A/profiles?client=ios" "Mozilla/5.0 (iPhone; CPU iPhone OS 12_1_4 like Mac OS X) AppleWebKit/605.1.15 (KHTML, like Gecko) Mobile/16D57/wondercv_ios/app_version=2.3.1" HIT
123.114.98.242 - - [26/Apr/2019:23:59:20 +0800]  "GET /universities.json?term=%E9%9F%A9%E5%9B%BD%E5%BB%BA%E5%9B%BD%E5%A4%A7%E5%AD%A6(%EA%B1%B4%EA%B5%AD%EC%9F%88 HTTP/1.1" 200 33 "https://www.wondercv.com/zh-CN/cvs/b_2Y8zE/edus" "Mozilla/5.0 (Macintosh; Intel Mac OS X 10_14_4) AppleWebKit/605.1.15 (KHTML, like Gecko) Version/12.1 Safari/605.1.15" -
58.253.69.253 - - [26/Apr/2019:23:59:20 +0800]  "GET /cities.json?term=%E7%94%9A%E8%87%B3 HTTP/1.1" 200 33 "https://www.wondercv.com/zh-CN/cvs/sDMwxn8/editor" "Mozilla/5.0 (Windows NT 10.0; WOW64) AppleWebKit/537.36 (KHTML, like Gecko) Chrome/70.0.3538.25 Safari/537.36 Core/1.70.3650.400 QQBrowser/10.4.3341.400" -
112.96.176.37 - - [26/Apr/2019:23:59:20 +0800]  "POST /zh-CN/cvs/1582599/custom_sections/2073533/custom_section_infos HTTP/1.1" 404 9088 "https://www.wondercv.com/zh-CN/cvs/3IBb-v4/editor" "Mozilla/5.0 (Windows NT 10.0; Win64; x64) AppleWebKit/537.36 (KHTML, like Gecko) Chrome/64.0.3282.140 Safari/537.36 Edge/18.17763" -
223.104.96.109 - - [26/Apr/2019:23:59:20 +0800]  "GET /uploads/tmp/1556294359-1279-0374-1523/IMG_20190417_115134.jpg HTTP/1.1" 200 20612 "https://www.wondercv.com/zh-CN/cvs/d5zGPJs/editor" "Mozilla/5.0 (Linux; Android 9; EML-AL00 Build/HUAWEIEML-AL00; wv) AppleWebKit/537.36 (KHTML, like Gecko) Version/4.0 Chrome/66.0.3359.126 MQQBrowser/6.2 TBS/044607 Mobile Safari/537.36 MMWEBID/7214 MicroMessenger/7.0.3.1400(0x2700033C) Process/tools NetType/4G Language/en" -
183.192.94.141 - - [26/Apr/2019:23:59:20 +0800]  "POST /interface/example_cvs/save_form_id HTTP/1.1" 200 46 "https://servicewechat.com/wx578fdf80110e543b/37/page-frame.html" "Mozilla/5.0 (Linux; Android 9; PAR-AL00 Build/HUAWEIPAR-AL00; wv) AppleWebKit/537.36 (KHTML, like Gecko) Version/4.0 Chrome/71.0.3578.99 Mobile Safari/537.36 MicroMessenger/7.0.4.1420(0x27000439) Process/appbrand2 NetType/WIFI Language/zh_CN" -
117.136.36.247 - - [26/Apr/2019:23:59:20 +0800]  "GET /zh-CN/cvs/f424QBE/other HTTP/1.1" 200 16020 "https://www.wondercv.com/zh-CN/cvs/f424QBE/orgs" "Mozilla/5.0 (Linux; Android 8.0.0; MI 6 Build/OPR1.170623.027; wv) AppleWebKit/537.36 (KHTML, like Gecko) Version/4.0 Chrome/67.0.3396.87 XWEB/673 MMWEBSDK/21 Mobile Safari/537.36 MicroMessenger/6.7.1321(0x26070030) NetType/4G Language/zh_CN MicroMessenger/6.7.1321(0x26070030) NetType/4G Language/zh_CN miniProgram" -
36.23.99.215 - - [26/Apr/2019:23:59:20 +0800]  "POST /zh-CN/signin/scan/check HTTP/1.1" 200 50 "https://www.wondercv.com/?_c=baidu&_p=pcczc&_k=0610" "Mozilla/5.0 (Windows NT 10.0; Win64; x64) AppleWebKit/537.36 (KHTML, like Gecko) Chrome/64.0.3282.140 Safari/537.36 Edge/17.17134" -
180.160.193.194 - - [26/Apr/2019:23:59:20 +0800]  "POST /zh-CN/signin/scan/check HTTP/1.1" 200 50 "https://www.wondercv.com/zh-CN/signin?type=login" "Mozilla/5.0 (Macintosh; Intel Mac OS X 10_14_3) AppleWebKit/537.36 (KHTML, like Gecko) Chrome/73.0.3683.103 Safari/537.36" -
117.136.36.247 - - [26/Apr/2019:23:59:21 +0800]  "GET /assets/v2_guide-d8dbaf07292bd37b5b2d333e27c3af26d2d2643bc9366b80314d0ef0f5729b60.css HTTP/1.1" 302 170 "https://www.wondercv.com/zh-CN/cvs/f424QBE/other" "Mozilla/5.0 (Linux; Android 8.0.0; MI 6 Build/OPR1.170623.027; wv) AppleWebKit/537.36 (KHTML, like Gecko) Version/4.0 Chrome/67.0.3396.87 XWEB/673 MMWEBSDK/21 Mobile Safari/537.36 MicroMessenger/6.7.1321(0x26070030) NetType/4G Language/zh_CN MicroMessenger/6.7.1321(0x26070030) NetType/4G Language/zh_CN miniProgram" -
117.136.36.247 - - [26/Apr/2019:23:59:21 +0800]  "GET /assets/application-3e5f44e19e50027709573ede0932e044413fda22d1cf07a0cbd1d3284c17dd64.js HTTP/1.1" 302 170 "https://www.wondercv.com/zh-CN/cvs/f424QBE/other" "Mozilla/5.0 (Linux; Android 8.0.0; MI 6 Build/OPR1.170623.027; wv) AppleWebKit/537.36 (KHTML, like Gecko) Version/4.0 Chrome/67.0.3396.87 XWEB/673 MMWEBSDK/21 Mobile Safari/537.36 MicroMessenger/6.7.1321(0x26070030) NetType/4G Language/zh_CN MicroMessenger/6.7.1321(0x26070030) NetType/4G Language/zh_CN miniProgram" -
116.57.107.205 - - [26/Apr/2019:23:59:21 +0800]  "POST /zh-CN/cvs/qr7BA0k/update_other?remote=true HTTP/1.1" 200 1800 "https://www.wondercv.com/zh-CN/cvs/qr7BA0k/editor" "Mozilla/5.0 (Windows NT 10.0; WOW64) AppleWebKit/537.36 (KHTML, like Gecko) Chrome/58.0.3029.110 Safari/537.36 SE 2.X MetaSr 1.0" -
117.136.67.59 - - [26/Apr/2019:23:59:21 +0800]  "GET /zh-CN/cvs/ESmMAJY/orgs?client=ios HTTP/1.1" 200 17577 "-" "Mozilla/5.0 (iPhone; CPU iPhone OS 12_1_2 like Mac OS X) AppleWebKit/605.1.15 (KHTML, like Gecko) Mobile/16C101/wondercv_ios/app_version=2.3.1" -
123.114.98.242 - - [26/Apr/2019:23:59:21 +0800]  "GET /universities.json?term=%E9%9F%A9%E5%9B%BD%E5%BB%BA%E5%9B%BD%E5%A4%A7%E5%AD%A6(%EA%B1%B4%EA%B5%AD HTTP/1.1" 304 0 "https://www.wondercv.com/zh-CN/cvs/b_2Y8zE/edus" "Mozilla/5.0 (Macintosh; Intel Mac OS X 10_14_4) AppleWebKit/605.1.15 (KHTML, like Gecko) Version/12.1 Safari/605.1.15" -
183.192.94.141 - - [26/Apr/2019:23:59:21 +0800]  "GET /interface/example_cvs/cv_show?cv_id=2&unionId=ocVLM1PRr3D7fKaXPhmK28KkKo5c&industry=&search_word= HTTP/1.1" 200 4025 "https://servicewechat.com/wx578fdf80110e543b/37/page-frame.html" "Mozilla/5.0 (Linux; Android 9; PAR-AL00 Build/HUAWEIPAR-AL00; wv) AppleWebKit/537.36 (KHTML, like Gecko) Version/4.0 Chrome/71.0.3578.99 Mobile Safari/537.36 MicroMessenger/7.0.4.1420(0x27000439) Process/appbrand2 NetType/WIFI Language/zh_CN" -
117.136.32.57 - - [26/Apr/2019:23:59:21 +0800]  "GET /verbs?type=%E4%B8%AA%E4%BA%BA%E6%88%90%E5%B0%B1&display=%E4%B8%AD%E6%96%87& HTTP/1.1" 304 0 "https://www.wondercv.com/zh-CN/cvs/LgPY7xY/other" "Mozilla/5.0 (Linux; Android 8.0.0; MI 5s Plus Build/OPR1.170623.032; wv) AppleWebKit/537.36 (KHTML, like Gecko) Version/4.0 Chrome/67.0.3396.87 XWEB/673 MMWEBSDK/190102 Mobile Safari/537.36 MMWEBID/5845 MicroMessenger/7.0.3.1400(0x2700033C) Process/appbrand0 NetType/4G Language/zh_CN miniProgram" HIT
117.136.67.59 - - [26/Apr/2019:23:59:21 +0800]  "GET /assets/v2_guide-d8dbaf07292bd37b5b2d333e27c3af26d2d2643bc9366b80314d0ef0f5729b60.css HTTP/1.1" 302 170 "https://www.wondercv.com/zh-CN/cvs/ESmMAJY/orgs?client=ios" "Mozilla/5.0 (iPhone; CPU iPhone OS 12_1_2 like Mac OS X) AppleWebKit/605.1.15 (KHTML, like Gecko) Mobile/16C101/wondercv_ios/app_version=2.3.1" -
117.136.36.247 - - [26/Apr/2019:23:59:21 +0800]  "GET /verbs?type=%E4%B8%AA%E4%BA%BA%E6%88%90%E5%B0%B1&display=%E4%B8%AD%E6%96%87&_=1556294359938 HTTP/1.1" 301 194 "https://www.wondercv.com/zh-CN/cvs/f424QBE/other" "Mozilla/5.0 (Linux; Android 8.0.0; MI 6 Build/OPR1.170623.027; wv) AppleWebKit/537.36 (KHTML, like Gecko) Version/4.0 Chrome/67.0.3396.87 XWEB/673 MMWEBSDK/21 Mobile Safari/537.36 MicroMessenger/6.7.1321(0x26070030) NetType/4G Language/zh_CN MicroMessenger/6.7.1321(0x26070030) NetType/4G Language/zh_CN miniProgram" -
117.136.36.247 - - [26/Apr/2019:23:59:21 +0800]  "GET /verbs?type=%E4%B8%AA%E4%BA%BA%E6%88%90%E5%B0%B1&display=%E4%B8%AD%E6%96%87&_=1556294359939 HTTP/1.1" 301 194 "https://www.wondercv.com/zh-CN/cvs/f424QBE/other" "Mozilla/5.0 (Linux; Android 8.0.0; MI 6 Build/OPR1.170623.027; wv) AppleWebKit/537.36 (KHTML, like Gecko) Version/4.0 Chrome/67.0.3396.87 XWEB/673 MMWEBSDK/21 Mobile Safari/537.36 MicroMessenger/6.7.1321(0x26070030) NetType/4G Language/zh_CN MicroMessenger/6.7.1321(0x26070030) NetType/4G Language/zh_CN miniProgram" -
117.136.67.59 - - [26/Apr/2019:23:59:21 +0800]  "GET /assets/application-3e5f44e19e50027709573ede0932e044413fda22d1cf07a0cbd1d3284c17dd64.js HTTP/1.1" 302 170 "https://www.wondercv.com/zh-CN/cvs/ESmMAJY/orgs?client=ios" "Mozilla/5.0 (iPhone; CPU iPhone OS 12_1_2 like Mac OS X) AppleWebKit/605.1.15 (KHTML, like Gecko) Mobile/16C101/wondercv_ios/app_version=2.3.1" -
117.136.36.247 - - [26/Apr/2019:23:59:21 +0800]  "GET /verbs?type=%E4%B8%AA%E4%BA%BA%E6%88%90%E5%B0%B1&display=%E4%B8%AD%E6%96%87& HTTP/1.1" 304 0 "https://www.wondercv.com/zh-CN/cvs/f424QBE/other" "Mozilla/5.0 (Linux; Android 8.0.0; MI 6 Build/OPR1.170623.027; wv) AppleWebKit/537.36 (KHTML, like Gecko) Version/4.0 Chrome/67.0.3396.87 XWEB/673 MMWEBSDK/21 Mobile Safari/537.36 MicroMessenger/6.7.1321(0x26070030) NetType/4G Language/zh_CN MicroMessenger/6.7.1321(0x26070030) NetType/4G Language/zh_CN miniProgram" HIT
117.136.32.57 - - [26/Apr/2019:23:59:21 +0800]  "GET /example_entries?locale=zh-CN&lang=cn&tag=%E6%B4%BB%E5%8A%A8&example_type=%E5%85%B6%E4%BB%96&_=1556294351460 HTTP/1.1" 301 194 "https://www.wondercv.com/zh-CN/cvs/LgPY7xY/other" "Mozilla/5.0 (Linux; Android 8.0.0; MI 5s Plus Build/OPR1.170623.032; wv) AppleWebKit/537.36 (KHTML, like Gecko) Version/4.0 Chrome/67.0.3396.87 XWEB/673 MMWEBSDK/190102 Mobile Safari/537.36 MMWEBID/5845 MicroMessenger/7.0.3.1400(0x2700033C) Process/appbrand0 NetType/4G Language/zh_CN miniProgram" -
183.63.97.158 - - [26/Apr/2019:23:59:21 +0800]  "POST /zh-CN/signin/scan/check HTTP/1.1" 200 50 "https://www.wondercv.com/zh-CN/cvs?utm_campaign=%E7%9F%A5%E4%B9%8E&utm_medium=%E7%9F%A5%E4%B9%8E%E6%96%87%E7%AB%A0&utm_source=%E7%9F%A5%E4%B9%8E%E5%B9%BF%E5%91%8A%E5%B9%B3%E5%8F%B0&gio_link_id=DPW61LRn" "Mozilla/5.0 (Windows NT 10.0; WOW64) AppleWebKit/537.36 (KHTML, like Gecko) Chrome/70.0.3538.25 Safari/537.36" -
123.114.98.242 - - [26/Apr/2019:23:59:21 +0800]  "GET /universities.json?term=%E9%9F%A9%E5%9B%BD%E5%BB%BA%E5%9B%BD%E5%A4%A7%E5%AD%A6(%EA%B1%B4%EA%B5%AD%EB%8C%9C HTTP/1.1" 200 33 "https://www.wondercv.com/zh-CN/cvs/b_2Y8zE/edus" "Mozilla/5.0 (Macintosh; Intel Mac OS X 10_14_4) AppleWebKit/605.1.15 (KHTML, like Gecko) Version/12.1 Safari/605.1.15" -
117.136.36.247 - - [26/Apr/2019:23:59:21 +0800]  "GET /verbs?type=%E4%B8%AA%E4%BA%BA%E6%88%90%E5%B0%B1&display=%E4%B8%AD%E6%96%87& HTTP/1.1" 304 0 "https://www.wondercv.com/zh-CN/cvs/f424QBE/other" "Mozilla/5.0 (Linux; Android 8.0.0; MI 6 Build/OPR1.170623.027; wv) AppleWebKit/537.36 (KHTML, like Gecko) Version/4.0 Chrome/67.0.3396.87 XWEB/673 MMWEBSDK/21 Mobile Safari/537.36 MicroMessenger/6.7.1321(0x26070030) NetType/4G Language/zh_CN MicroMessenger/6.7.1321(0x26070030) NetType/4G Language/zh_CN miniProgram" HIT
117.158.213.174 - - [26/Apr/2019:23:59:21 +0800]  "GET /verbs?type=%E4%B8%AA%E4%BA%BA%E6%88%90%E5%B0%B1&display=%E4%B8%AD%E6%96%87&_=1556294361524 HTTP/1.1" 301 194 "https://www.wondercv.com/zh-CN/cvs/Anr64Jk/edus" "Mozilla/5.0 (Linux; Android 7.1.1; PRO 6 Build/NMF26O; wv) AppleWebKit/537.36 (KHTML, like Gecko) Version/4.0 Chrome/67.0.3396.87 XWEB/673 MMWEBSDK/190301 Mobile Safari/537.36 MMWEBID/7178 MicroMessenger/7.0.4.1420(0x27000439) Process/appbrand2 NetType/WIFI Language/zh_CN miniProgram" -
117.158.213.174 - - [26/Apr/2019:23:59:21 +0800]  "GET /verbs?type=%E4%B8%AA%E4%BA%BA%E6%88%90%E5%B0%B1&display=%E4%B8%AD%E6%96%87&_=1556294361525 HTTP/1.1" 301 194 "https://www.wondercv.com/zh-CN/cvs/Anr64Jk/edus" "Mozilla/5.0 (Linux; Android 7.1.1; PRO 6 Build/NMF26O; wv) AppleWebKit/537.36 (KHTML, like Gecko) Version/4.0 Chrome/67.0.3396.87 XWEB/673 MMWEBSDK/190301 Mobile Safari/537.36 MMWEBID/7178 MicroMessenger/7.0.4.1420(0x27000439) Process/appbrand2 NetType/WIFI Language/zh_CN miniProgram" -
117.136.32.57 - - [26/Apr/2019:23:59:22 +0800]  "GET /example_entries?locale=zh-CN&lang=cn&tag=%E6%B4%BB%E5%8A%A8&example_type=%E5%85%B6%E4%BB%96& HTTP/1.1" 304 0 "https://www.wondercv.com/zh-CN/cvs/LgPY7xY/other" "Mozilla/5.0 (Linux; Android 8.0.0; MI 5s Plus Build/OPR1.170623.032; wv) AppleWebKit/537.36 (KHTML, like Gecko) Version/4.0 Chrome/67.0.3396.87 XWEB/673 MMWEBSDK/190102 Mobile Safari/537.36 MMWEBID/5845 MicroMessenger/7.0.3.1400(0x2700033C) Process/appbrand0 NetType/4G Language/zh_CN miniProgram" HIT
106.38.241.125 - - [26/Apr/2019:23:59:22 +0800]  "GET /en/blog/n1q3h6e9 HTTP/1.1" 301 194 "-" "Sogou web spider/4.0(+http://www.sogou.com/docs/help/webmasters.htm#07)" -
117.136.67.59 - - [26/Apr/2019:23:59:22 +0800]  "GET /verbs?type=%E4%B8%AA%E4%BA%BA%E6%88%90%E5%B0%B1&display=%E4%B8%AD%E6%96%87&_=1556294361984 HTTP/1.1" 301 194 "https://www.wondercv.com/zh-CN/cvs/ESmMAJY/orgs?client=ios" "Mozilla/5.0 (iPhone; CPU iPhone OS 12_1_2 like Mac OS X) AppleWebKit/605.1.15 (KHTML, like Gecko) Mobile/16C101/wondercv_ios/app_version=2.3.1" -
117.136.67.59 - - [26/Apr/2019:23:59:22 +0800]  "GET /verbs?type=%E4%B8%AA%E4%BA%BA%E6%88%90%E5%B0%B1&display=%E4%B8%AD%E6%96%87&_=1556294361985 HTTP/1.1" 301 194 "https://www.wondercv.com/zh-CN/cvs/ESmMAJY/orgs?client=ios" "Mozilla/5.0 (iPhone; CPU iPhone OS 12_1_2 like Mac OS X) AppleWebKit/605.1.15 (KHTML, like Gecko) Mobile/16C101/wondercv_ios/app_version=2.3.1" -
126.247.213.123 - - [26/Apr/2019:23:59:22 +0800]  "GET /verbs?type=%E4%B8%AA%E4%BA%BA%E6%88%90%E5%B0%B1&display=%E4%B8%AD%E6%96%87& HTTP/1.1" 200 396 "https://www.wondercv.com/zh-CN/cvs/DPoQ86A/works?client=ios" "Mozilla/5.0 (iPhone; CPU iPhone OS 12_1_4 like Mac OS X) AppleWebKit/605.1.15 (KHTML, like Gecko) Mobile/16D57/wondercv_ios/app_version=2.3.1" HIT
