115.198.188.119 - - [26/Apr/2019:23:59:45 +0800]  "GET /companies.json?term=%E6%AD%A6%E9%99%B5%E5%8C%BA%E4%BA%BA%E5%8A%9B%E8%B5%84%E6%BA%90%E5%92%8C%E7%A4%BE%E4%BC%9A%E4%BF%9D%E9%9A%9C%E5%B1%80 HTTP/1.1" 200 33 "https://www.wondercv.com/zh-CN/cvs/hcGTYaU/works?client=android" "Mozilla/5.0 (Linux; Android 9; BLA-AL00 Build/HUAWEIBLA-AL00; wv) AppleWebKit/537.36 (KHTML, like Gecko) Version/4.0 Chrome/71.0.3578.99 Mobile Safari/537.36android_wondercv_app&android_app_version=2.2.0" -
58.244.53.112 - - [26/Apr/2019:23:59:45 +0800]  "POST /zh-CN/account/users/1407650/wx_personal_qr HTTP/1.1" 200 86 "https://www.wondercv.com/zh-CN/cvs/MXGkXC8/editor" "Mozilla/5.0 (Linux; Android 8.0.0; LND-AL30 Build/HONORLND-AL30; wv) AppleWebKit/537.36 (KHTML, like Gecko) Version/4.0 Chrome/67.0.3396.87 XWEB/673 MMWEBSDK/190301 Mobile Safari/537.36 MMWEBID/9784 MicroMessenger/7.0.4.1420(0x27000436) Process/appbrand1 NetType/WIFI Language/zh_CN miniProgram" -
175.188.57.66 - - [26/Apr/2019:23:59:45 +0800]  "POST /zh-CN/cvs/1110164/custom_sections/2073897/custom_section_infos/2855205 HTTP/1.1" 200 169 "https://www.wondercv.com/zh-CN/cvs/ZdXQoG4/editor" "Mozilla/5.0 (Windows NT 10.0; Win64; x64) AppleWebKit/537.36 (KHTML, like Gecko) Chrome/64.0.3282.140 Safari/537.36 Edge/18.17763" -
223.104.96.109 - - [26/Apr/2019:23:59:45 +0800]  "GET /assets/v2_editor-e4c4559fc59e507247da12660e9b49b26acd0a19acda784480ccb898626a3916.css HTTP/1.1" 302 170 "https://www.wondercv.com/zh-CN/cvs/d5zGPJs/editor" "Mozilla/5.0 (Linux; Android 9; EML-AL00 Build/HUAWEIEML-AL00; wv) AppleWebKit/537.36 (KHTML, like Gecko) Version/4.0 Chrome/66.0.3359.126 MQQBrowser/6.2 TBS/044607 Mobile Safari/537.36 MMWEBID/7214 MicroMessenger/7.0.3.1400(0x2700033C) Process/tools NetType/4G Language/en" -
5.151.220.226 - - [26/Apr/2019:23:59:45 +0800]  "GET /example_entries?locale=zh-CN&lang=cn&tag=%E8%AF%AD%E8%A8%80&example_type=%E5%85%B6%E4%BB%96& HTTP/1.1" 200 647 "https://www.wondercv.com/zh-CN/cvs/R5a9asc/other" "Mozilla/5.0 (iPhone; CPU iPhone OS 12_1_4 like Mac OS X) AppleWebKit/605.1.15 (KHTML, like Gecko) Mobile/16D57 MicroMessenger/7.0.3(0x17000321) NetType/WIFI Language/zh_CN miniProgram" HIT
117.136.32.57 - - [26/Apr/2019:23:59:46 +0800]  "GET /example_entries?locale=zh-CN&lang=cn&tag=%E6%B4%BB%E5%8A%A8&example_type=%E5%85%B6%E4%BB%96& HTTP/1.1" 304 0 "https://www.wondercv.com/zh-CN/cvs/LgPY7xY/other" "Mozilla/5.0 (Linux; Android 8.0.0; MI 5s Plus Build/OPR1.170623.032; wv) AppleWebKit/537.36 (KHTML, like Gecko) Version/4.0 Chrome/67.0.3396.87 XWEB/673 MMWEBSDK/190102 Mobile Safari/537.36 MMWEBID/5845 MicroMessenger/7.0.3.1400(0x2700033C) Process/appbrand0 NetType/4G Language/zh_CN miniProgram" HIT
117.136.67.59 - - [26/Apr/2019:23:59:46 +0800]  "POST /zh-CN/cvs/1582749/orgs/updates?client=ios HTTP/1.1" 200 191 "https://www.wondercv.com/zh-CN/cvs/ESmMAJY/orgs?client=ios" "Mozilla/5.0 (iPhone; CPU iPhone OS 12_1_2 like Mac OS X) AppleWebKit/605.1.15 (KHTML, like Gecko) Mobile/16C101/wondercv_ios/app_version=2.3.1" -
123.115.68.219 - - [26/Apr/2019:23:59:46 +0800]  "GET /universities.json?term=zhengzhou HTTP/1.1" 200 33 "https://www.wondercv.com/zh-CN/cvs/Xooyb_Q/editor" "Mozilla/5.0 (Windows NT 6.1) AppleWebKit/537.36 (KHTML, like Gecko) Chrome/70.0.3538.25 Safari/537.36 Core/1.70.3650.400 QQBrowser/10.4.3341.400" -
49.118.188.222 - - [26/Apr/2019:23:59:46 +0800]  "GET /interface/example_cvs/can_unlock_cv?unionId=ocVLM1ON94YhAfEQPYNAUpEUev0Y HTTP/1.1" 200 56 "https://servicewechat.com/wx578fdf80110e543b/37/page-frame.html" "Mozilla/5.0 (Linux; Android 9; Redmi Note 7 Pro Build/PKQ1.181203.001; wv) AppleWebKit/537.36 (KHTML, like Gecko) Version/4.0 Chrome/71.0.3578.99 Mobile Safari/537.36 MicroMessenger/7.0.4.1420(0x27000437) Process/appbrand2 NetType/WIFI Language/zh_CN" -
61.185.224.242 - - [26/Apr/2019:23:59:46 +0800]  "POST /zh-CN/cvs/_uwbTq0/profiles HTTP/1.1" 200 1246 "https://www.wondercv.com/zh-CN/cvs/_uwbTq0/editor" "Mozilla/5.0 (Windows NT 10.0; WOW64) AppleWebKit/537.36 (KHTML, like Gecko) Chrome/73.0.3683.86 Safari/537.36" -
117.136.67.59 - - [26/Apr/2019:23:59:46 +0800]  "GET /zh-CN/cvs/ESmMAJY/edus?client=ios HTTP/1.1" 200 18273 "-" "Mozilla/5.0 (iPhone; CPU iPhone OS 12_1_2 like Mac OS X) AppleWebKit/605.1.15 (KHTML, like Gecko) Mobile/16C101/wondercv_ios/app_version=2.3.1" -
123.115.68.219 - - [26/Apr/2019:23:59:46 +0800]  "GET /universities.json?term=zhengzhou HTTP/1.1" 304 0 "https://www.wondercv.com/zh-CN/cvs/Xooyb_Q/editor" "Mozilla/5.0 (Windows NT 6.1) AppleWebKit/537.36 (KHTML, like Gecko) Chrome/70.0.3538.25 Safari/537.36 Core/1.70.3650.400 QQBrowser/10.4.3341.400" -
183.236.0.90 - - [26/Apr/2019:23:59:46 +0800]  "GET /verbs?type=%E4%B8%AA%E4%BA%BA%E6%88%90%E5%B0%B1&display=%E4%B8%AD%E6%96%87&_=1555636594276 HTTP/1.1" 301 194 "https://www.wondercv.com/zh-CN/cvs/q0iFekA/orgs" "Mozilla/5.0 (Macintosh; Intel Mac OS X 10_12_6) AppleWebKit/605.1.15 (KHTML, like Gecko) Version/12.1 Safari/605.1.15" -
117.136.67.59 - - [26/Apr/2019:23:59:47 +0800]  "GET /assets/v2_guide-d8dbaf07292bd37b5b2d333e27c3af26d2d2643bc9366b80314d0ef0f5729b60.css HTTP/1.1" 302 170 "https://www.wondercv.com/zh-CN/cvs/ESmMAJY/edus?client=ios" "Mozilla/5.0 (iPhone; CPU iPhone OS 12_1_2 like Mac OS X) AppleWebKit/605.1.15 (KHTML, like Gecko) Mobile/16C101/wondercv_ios/app_version=2.3.1" -
183.236.0.90 - - [26/Apr/2019:23:59:47 +0800]  "GET /zh-CN/cvs/q0iFekA/orgs HTTP/1.1" 200 18321 "https://www.wondercv.com/zh-CN/cvs/q0iFekA/works" "Mozilla/5.0 (Macintosh; Intel Mac OS X 10_12_6) AppleWebKit/605.1.15 (KHTML, like Gecko) Version/12.1 Safari/605.1.15" -
117.136.67.59 - - [26/Apr/2019:23:59:47 +0800]  "GET /assets/application-3e5f44e19e50027709573ede0932e044413fda22d1cf07a0cbd1d3284c17dd64.js HTTP/1.1" 302 170 "https://www.wondercv.com/zh-CN/cvs/ESmMAJY/edus?client=ios" "Mozilla/5.0 (iPhone; CPU iPhone OS 12_1_2 like Mac OS X) AppleWebKit/605.1.15 (KHTML, like Gecko) Mobile/16C101/wondercv_ios/app_version=2.3.1" -
5.151.220.226 - - [26/Apr/2019:23:59:47 +0800]  "GET /example_entries?locale=zh-CN&lang=cn&tag=%E8%AF%AD%E8%A8%80&example_type=%E5%85%B6%E4%BB%96&_=1556294202027 HTTP/1.1" 301 194 "https://www.wondercv.com/zh-CN/cvs/R5a9asc/other" "Mozilla/5.0 (iPhone; CPU iPhone OS 12_1_4 like Mac OS X) AppleWebKit/605.1.15 (KHTML, like Gecko) Mobile/16D57 MicroMessenger/7.0.3(0x17000321) NetType/WIFI Language/zh_CN miniProgram" -
116.25.41.125 - - [26/Apr/2019:23:59:47 +0800]  "GET /zh-CN/signin?type=login HTTP/1.1" 200 12374 "https://www.wondercv.com/welcome/free_download/?_c=baidu&_p=pctyc&_k=1246" "Mozilla/5.0 (Macintosh; Intel Mac OS X 10_14_0) AppleWebKit/537.36 (KHTML, like Gecko) Chrome/73.0.3683.86 Safari/537.36" -
183.236.0.90 - - [26/Apr/2019:23:59:47 +0800]  "GET /assets/v2_guide-d8dbaf07292bd37b5b2d333e27c3af26d2d2643bc9366b80314d0ef0f5729b60.css HTTP/1.1" 302 170 "https://www.wondercv.com/zh-CN/cvs/q0iFekA/orgs" "Mozilla/5.0 (Macintosh; Intel Mac OS X 10_12_6) AppleWebKit/605.1.15 (KHTML, like Gecko) Version/12.1 Safari/605.1.15" -
183.236.0.90 - - [26/Apr/2019:23:59:47 +0800]  "GET /assets/application-3e5f44e19e50027709573ede0932e044413fda22d1cf07a0cbd1d3284c17dd64.js HTTP/1.1" 302 170 "https://www.wondercv.com/zh-CN/cvs/q0iFekA/orgs" "Mozilla/5.0 (Macintosh; Intel Mac OS X 10_12_6) AppleWebKit/605.1.15 (KHTML, like Gecko) Version/12.1 Safari/605.1.15" -
183.184.200.63 - - [26/Apr/2019:23:59:47 +0800]  "POST /zh-CN/cvs/lV-aSnM/toggle_template?lang=cn&name=%E5%AD%A6%E7%94%9F%E6%B1%82%E8%81%8C&temp=stu_cn HTTP/1.1" 200 313 "https://www.wondercv.com/zh-CN/cvs/lV-aSnM/editor?client=ios" "Mozilla/5.0 (iPhone; CPU iPhone OS 12_2 like Mac OS X) AppleWebKit/605.1.15 (KHTML, like Gecko) Mobile/15E148/wondercv_ios/app_version=2.3.1" -
116.25.41.125 - - [26/Apr/2019:23:59:47 +0800]  "GET /assets/signin-b362885eedc0449fab53387f970c1594159f59a6ca01290b4b064fb78c82fb73.css HTTP/1.1" 302 170 "https://www.wondercv.com/zh-CN/signin?type=login" "Mozilla/5.0 (Macintosh; Intel Mac OS X 10_14_0) AppleWebKit/537.36 (KHTML, like Gecko) Chrome/73.0.3683.86 Safari/537.36" -
175.188.57.66 - - [26/Apr/2019:23:59:47 +0800]  "DELETE /zh-CN/cvs/1110164/custom_sections/2073897?index=4 HTTP/1.1" 200 8767 "https://www.wondercv.com/zh-CN/cvs/ZdXQoG4/editor" "Mozilla/5.0 (Windows NT 10.0; Win64; x64) AppleWebKit/537.36 (KHTML, like Gecko) Chrome/64.0.3282.140 Safari/537.36 Edge/18.17763" -
116.25.41.125 - - [26/Apr/2019:23:59:47 +0800]  "GET /assets/signin-16104c483d9ed82d48adb20eb51051330731bf287bb17f613fce7e4ceb68accf.js HTTP/1.1" 200 39936 "https://www.wondercv.com/zh-CN/signin?type=login" "Mozilla/5.0 (Macintosh; Intel Mac OS X 10_14_0) AppleWebKit/537.36 (KHTML, like Gecko) Chrome/73.0.3683.86 Safari/537.36" -
89.31.125.181 - - [26/Apr/2019:23:59:47 +0800]  "GET /zh-CN/cvs/C81wK5Y/download.pdf HTTP/1.1" 200 82812 "https://www.wondercv.com/zh-CN/cvs/C81wK5Y/editor" "Mozilla/5.0 (Windows NT 10.0; WOW64) AppleWebKit/537.36 (KHTML, like Gecko) Chrome/74.0.3729.55 Safari/537.36 Vivaldi/2.5.1511.4" -
119.127.55.18 - - [26/Apr/2019:23:59:47 +0800]  "POST /zh-CN/account/users/1296871/wx_personal_qr HTTP/1.1" 200 86 "https://www.wondercv.com/zh-CN/emails/my/sent" "Mozilla/5.0 (Linux; Android 8.1.0; SM-G6200 Build/OPM1.171019.026; wv) AppleWebKit/537.36 (KHTML, like Gecko) Version/4.0 Chrome/67.0.3396.87 XWEB/673 MMWEBSDK/190102 Mobile Safari/537.36 MMWEBID/9382 MicroMessenger/7.0.3.1400(0x2700033C) Process/appbrand3 NetType/WIFI Language/zh_CN miniProgram" -
64.125.43.171 - - [26/Apr/2019:23:59:47 +0800]  "POST /zh-CN/cvs/2TR0IBw/profiles HTTP/1.1" 200 83 "https://www.wondercv.com/zh-CN/cvs/2TR0IBw/profiles" "Mozilla/5.0 (Windows NT 6.1; WOW64) AppleWebKit/537.36 (KHTML, like Gecko) Chrome/74.0.3729.108 Safari/537.36" -
5.151.220.226 - - [26/Apr/2019:23:59:47 +0800]  "GET /example_entries?locale=zh-CN&lang=cn&tag=%E8%AF%AD%E8%A8%80&example_type=%E5%85%B6%E4%BB%96& HTTP/1.1" 200 647 "https://www.wondercv.com/zh-CN/cvs/R5a9asc/other" "Mozilla/5.0 (iPhone; CPU iPhone OS 12_1_4 like Mac OS X) AppleWebKit/605.1.15 (KHTML, like Gecko) Mobile/16D57 MicroMessenger/7.0.3(0x17000321) NetType/WIFI Language/zh_CN miniProgram" HIT
117.136.67.59 - - [26/Apr/2019:23:59:47 +0800]  "GET /verbs?type=%E4%B8%AA%E4%BA%BA%E6%88%90%E5%B0%B1&display=%E4%B8%AD%E6%96%87&_=1556294387638 HTTP/1.1" 301 194 "https://www.wondercv.com/zh-CN/cvs/ESmMAJY/edus?client=ios" "Mozilla/5.0 (iPhone; CPU iPhone OS 12_1_2 like Mac OS X) AppleWebKit/605.1.15 (KHTML, like Gecko) Mobile/16C101/wondercv_ios/app_version=2.3.1" -
117.136.67.59 - - [26/Apr/2019:23:59:47 +0800]  "GET /verbs?type=%E4%B8%AA%E4%BA%BA%E6%88%90%E5%B0%B1&display=%E4%B8%AD%E6%96%87&_=1556294387639 HTTP/1.1" 301 194 "https://www.wondercv.com/zh-CN/cvs/ESmMAJY/edus?client=ios" "Mozilla/5.0 (iPhone; CPU iPhone OS 12_1_2 like Mac OS X) AppleWebKit/605.1.15 (KHTML, like Gecko) Mobile/16C101/wondercv_ios/app_version=2.3.1" -
116.25.41.125 - - [26/Apr/2019:23:59:47 +0800]  "POST /zh-CN/signin/scan HTTP/1.1" 200 144 "https://www.wondercv.com/zh-CN/signin?type=login" "Mozilla/5.0 (Macintosh; Intel Mac OS X 10_14_0) AppleWebKit/537.36 (KHTML, like Gecko) Chrome/73.0.3683.86 Safari/537.36" -
153.0.3.93 - - [26/Apr/2019:23:59:47 +0800]  "POST /ios_wechat_login HTTP/1.1" 200 399 "-" "okhttp/3.8.1" -
123.115.68.219 - - [26/Apr/2019:23:59:47 +0800]  "GET /universities.json?term=zhengzhou HTTP/1.1" 304 0 "https://www.wondercv.com/zh-CN/cvs/Xooyb_Q/editor" "Mozilla/5.0 (Windows NT 6.1) AppleWebKit/537.36 (KHTML, like Gecko) Chrome/70.0.3538.25 Safari/537.36 Core/1.70.3650.400 QQBrowser/10.4.3341.400" -
117.136.67.59 - - [26/Apr/2019:23:59:47 +0800]  "GET /verbs?type=%E4%B8%AA%E4%BA%BA%E6%88%90%E5%B0%B1&display=%E4%B8%AD%E6%96%87& HTTP/1.1" 200 396 "https://www.wondercv.com/zh-CN/cvs/ESmMAJY/edus?client=ios" "Mozilla/5.0 (iPhone; CPU iPhone OS 12_1_2 like Mac OS X) AppleWebKit/605.1.15 (KHTML, like Gecko) Mobile/16C101/wondercv_ios/app_version=2.3.1" HIT
117.136.67.59 - - [26/Apr/2019:23:59:48 +0800]  "GET /verbs?type=%E4%B8%AA%E4%BA%BA%E6%88%90%E5%B0%B1&display=%E4%B8%AD%E6%96%87& HTTP/1.1" 200 396 "https://www.wondercv.com/zh-CN/cvs/ESmMAJY/edus?client=ios" "Mozilla/5.0 (iPhone; CPU iPhone OS 12_1_2 like Mac OS X) AppleWebKit/605.1.15 (KHTML, like Gecko) Mobile/16C101/wondercv_ios/app_version=2.3.1" HIT
112.224.17.9 - - [26/Apr/2019:23:59:48 +0800]  "GET /zh-CN/blog-cv-content HTTP/1.1" 200 2174 "https://www.wondercv.com/zh-CN/blog" "Mozilla/5.0 (Linux; Android 6.0.1; OPPO A57 Build/MMB29M; wv) AppleWebKit/537.36 (KHTML, like Gecko) Version/4.0 Chrome/67.0.3396.87 XWEB/673 MMWEBSDK/190102 Mobile Safari/537.36 MMWEBID/9380 MicroMessenger/7.0.3.1400(0x2700033C) Process/appbrand0 NetType/4G Language/zh_CN miniProgram" -
103.238.35.30 - - [26/Apr/2019:23:59:48 +0800]  "GET /example_entries?lang=cn&tag=%E5%85%A8%E9%83%A8&example_type=%E9%A1%B9%E7%9B%AE%E7%BB%8F%E5%8E%86&template=zero_cn&_=1556292797744 HTTP/1.1" 301 194 "https://www.wondercv.com/zh-CN/cvs/TiFkPHc/editor" "Mozilla/5.0 (Windows NT 10.0; WOW64) AppleWebKit/537.36 (KHTML, like Gecko) Chrome/63.0.3239.132 Safari/537.36" -
103.238.35.30 - - [26/Apr/2019:23:59:48 +0800]  "GET /example_entries?lang=cn&tag=%E5%85%A8%E9%83%A8&example_type=%E9%A1%B9%E7%9B%AE%E7%BB%8F%E5%8E%86&template=zero_cn& HTTP/1.1" 304 0 "https://www.wondercv.com/zh-CN/cvs/TiFkPHc/editor" "Mozilla/5.0 (Windows NT 10.0; WOW64) AppleWebKit/537.36 (KHTML, like Gecko) Chrome/63.0.3239.132 Safari/537.36" HIT
183.184.200.63 - - [26/Apr/2019:23:59:48 +0800]  "GET /zh-CN/cvs/lV-aSnM/editor?client=ios HTTP/1.1" 200 35619 "https://www.wondercv.com/zh-CN/cvs/lV-aSnM/editor?client=ios" "Mozilla/5.0 (iPhone; CPU iPhone OS 12_2 like Mac OS X) AppleWebKit/605.1.15 (KHTML, like Gecko) Mobile/15E148/wondercv_ios/app_version=2.3.1" -
89.31.125.181 - - [26/Apr/2019:23:59:48 +0800]  "POST /zh-CN/cvs/1119470/works/2187556 HTTP/1.1" 200 169 "https://www.wondercv.com/zh-CN/cvs/C81wK5Y/editor" "Mozilla/5.0 (Windows NT 10.0; WOW64) AppleWebKit/537.36 (KHTML, like Gecko) Chrome/74.0.3729.55 Safari/537.36 Vivaldi/2.5.1511.4" -
153.0.3.93 - - [26/Apr/2019:23:59:48 +0800]  "GET /zh-CN/cvs?client=android HTTP/1.1" 302 128 "-" "Mozilla/5.0 (Linux; Android 8.1.0; V1813A Build/O11019; wv) AppleWebKit/537.36 (KHTML, like Gecko) Version/4.0 Chrome/62.0.3202.84 Mobile Safari/537.36android_wondercv_app&android_app_version=2.2.0" -
114.254.13.207 - - [26/Apr/2019:23:59:48 +0800]  "POST /zh-CN/cvs/yFDjW5M/works/updates HTTP/1.1" 200 352 "https://www.wondercv.com/zh-CN/cvs/yFDjW5M/works" "Mozilla/5.0 (iPad; CPU OS 12_2 like Mac OS X) AppleWebKit/605.1.15 (KHTML, like Gecko) CriOS/73.0.3683.68 Mobile/15E148 Safari/605.1" -
183.184.200.63 - - [26/Apr/2019:23:59:48 +0800]  "GET /assets/v2_editor-e4c4559fc59e507247da12660e9b49b26acd0a19acda784480ccb898626a3916.css HTTP/1.1" 302 170 "https://www.wondercv.com/zh-CN/cvs/lV-aSnM/editor?client=ios" "Mozilla/5.0 (iPhone; CPU iPhone OS 12_2 like Mac OS X) AppleWebKit/605.1.15 (KHTML, like Gecko) Mobile/15E148/wondercv_ios/app_version=2.3.1" -
183.184.200.63 - - [26/Apr/2019:23:59:48 +0800]  "GET /assets/application-3e5f44e19e50027709573ede0932e044413fda22d1cf07a0cbd1d3284c17dd64.js HTTP/1.1" 302 170 "https://www.wondercv.com/zh-CN/cvs/lV-aSnM/editor?client=ios" "Mozilla/5.0 (iPhone; CPU iPhone OS 12_2 like Mac OS X) AppleWebKit/605.1.15 (KHTML, like Gecko) Mobile/15E148/wondercv_ios/app_version=2.3.1" -
183.236.0.90 - - [26/Apr/2019:23:59:48 +0800]  "GET /verbs?type=%E4%B8%AA%E4%BA%BA%E6%88%90%E5%B0%B1&display=%E4%B8%AD%E6%96%87&_=1556294388100 HTTP/1.1" 301 194 "https://www.wondercv.com/zh-CN/cvs/q0iFekA/orgs" "Mozilla/5.0 (Macintosh; Intel Mac OS X 10_12_6) AppleWebKit/605.1.15 (KHTML, like Gecko) Version/12.1 Safari/605.1.15" -
123.115.68.219 - - [26/Apr/2019:23:59:48 +0800]  "GET /universities.json?term=zhengzhou HTTP/1.1" 304 0 "https://www.wondercv.com/zh-CN/cvs/Xooyb_Q/editor" "Mozilla/5.0 (Windows NT 6.1) AppleWebKit/537.36 (KHTML, like Gecko) Chrome/70.0.3538.25 Safari/537.36 Core/1.70.3650.400 QQBrowser/10.4.3341.400" -
183.236.0.90 - - [26/Apr/2019:23:59:48 +0800]  "GET /verbs?type=%E4%B8%AA%E4%BA%BA%E6%88%90%E5%B0%B1&display=%E4%B8%AD%E6%96%87&_=1556294388101 HTTP/1.1" 301 194 "https://www.wondercv.com/zh-CN/cvs/q0iFekA/orgs" "Mozilla/5.0 (Macintosh; Intel Mac OS X 10_12_6) AppleWebKit/605.1.15 (KHTML, like Gecko) Version/12.1 Safari/605.1.15" -
183.236.0.90 - - [26/Apr/2019:23:59:48 +0800]  "GET /verbs?type=%E4%B8%AA%E4%BA%BA%E6%88%90%E5%B0%B1&display=%E4%B8%AD%E6%96%87& HTTP/1.1" 200 396 "https://www.wondercv.com/zh-CN/cvs/q0iFekA/orgs" "Mozilla/5.0 (Macintosh; Intel Mac OS X 10_12_6) AppleWebKit/605.1.15 (KHTML, like Gecko) Version/12.1 Safari/605.1.15" HIT
114.254.13.207 - - [26/Apr/2019:23:59:48 +0800]  "GET /zh-CN/cvs/yFDjW5M/editor HTTP/1.1" 200 36041 "https://www.wondercv.com/zh-CN/cvs/yFDjW5M/works" "Mozilla/5.0 (iPad; CPU OS 12_2 like Mac OS X) AppleWebKit/605.1.15 (KHTML, like Gecko) CriOS/73.0.3683.68 Mobile/15E148 Safari/605.1" -
183.236.0.90 - - [26/Apr/2019:23:59:48 +0800]  "GET /verbs?type=%E4%B8%AA%E4%BA%BA%E6%88%90%E5%B0%B1&display=%E4%B8%AD%E6%96%87& HTTP/1.1" 200 396 "https://www.wondercv.com/zh-CN/cvs/q0iFekA/orgs" "Mozilla/5.0 (Macintosh; Intel Mac OS X 10_12_6) AppleWebKit/605.1.15 (KHTML, like Gecko) Version/12.1 Safari/605.1.15" HIT
123.115.68.219 - - [26/Apr/2019:23:59:48 +0800]  "GET /universities.json?term=zhengzhou HTTP/1.1" 304 0 "https://www.wondercv.com/zh-CN/cvs/Xooyb_Q/editor" "Mozilla/5.0 (Windows NT 6.1) AppleWebKit/537.36 (KHTML, like Gecko) Chrome/70.0.3538.25 Safari/537.36 Core/1.70.3650.400 QQBrowser/10.4.3341.400" -
64.125.43.171 - - [26/Apr/2019:23:59:49 +0800]  "GET /zh-CN/cvs/2TR0IBw/works HTTP/1.1" 200 20729 "https://www.wondercv.com/zh-CN/cvs/2TR0IBw/profiles" "Mozilla/5.0 (Windows NT 6.1; WOW64) AppleWebKit/537.36 (KHTML, like Gecko) Chrome/74.0.3729.108 Safari/537.36" -
114.254.13.207 - - [26/Apr/2019:23:59:49 +0800]  "GET /assets/v2_editor-e4c4559fc59e507247da12660e9b49b26acd0a19acda784480ccb898626a3916.css HTTP/1.1" 302 170 "https://www.wondercv.com/zh-CN/cvs/yFDjW5M/editor" "Mozilla/5.0 (iPad; CPU OS 12_2 like Mac OS X) AppleWebKit/605.1.15 (KHTML, like Gecko) CriOS/73.0.3683.68 Mobile/15E148 Safari/605.1" -
114.254.13.207 - - [26/Apr/2019:23:59:49 +0800]  "GET /assets/application-3e5f44e19e50027709573ede0932e044413fda22d1cf07a0cbd1d3284c17dd64.js HTTP/1.1" 302 170 "https://www.wondercv.com/zh-CN/cvs/yFDjW5M/editor" "Mozilla/5.0 (iPad; CPU OS 12_2 like Mac OS X) AppleWebKit/605.1.15 (KHTML, like Gecko) CriOS/73.0.3683.68 Mobile/15E148 Safari/605.1" -
153.0.3.93 - - [26/Apr/2019:23:59:49 +0800]  "GET /zh-CN/template_matches/new?client=android HTTP/1.1" 200 8828 "-" "Mozilla/5.0 (Linux; Android 8.1.0; V1813A Build/O11019; wv) AppleWebKit/537.36 (KHTML, like Gecko) Version/4.0 Chrome/62.0.3202.84 Mobile Safari/537.36android_wondercv_app&android_app_version=2.2.0" -
5.151.220.226 - - [26/Apr/2019:23:59:49 +0800]  "GET /example_entries?locale=zh-CN&lang=cn&tag=%E8%AF%AD%E8%A8%80&example_type=%E5%85%B6%E4%BB%96&_=1556294202028 HTTP/1.1" 301 194 "https://www.wondercv.com/zh-CN/cvs/R5a9asc/other" "Mozilla/5.0 (iPhone; CPU iPhone OS 12_1_4 like Mac OS X) AppleWebKit/605.1.15 (KHTML, like Gecko) Mobile/16D57 MicroMessenger/7.0.3(0x17000321) NetType/WIFI Language/zh_CN miniProgram" -
123.15.57.142 - - [26/Apr/2019:23:59:49 +0800]  "POST /zh-CN/cvs/mm_adcg/update_format HTTP/1.1" 200 398 "https://www.wondercv.com/zh-CN/cvs/mm_adcg/editor" "Mozilla/5.0 (Windows NT 10.0; Win64; x64) AppleWebKit/537.36 (KHTML, like Gecko) Chrome/73.0.3683.103 Safari/537.36" -
140.207.54.77 - - [26/Apr/2019:23:59:49 +0800]  "POST /wechat?signature=4855c03a407c1d1d9a0dccf27ea2c8b49a5de1eb&timestamp=1556294388&nonce=1361502806&openid=oodHF0rWnE_DSXemmxoUe6ortLTo HTTP/1.1" 200 17 "-" "Mozilla/4.0" -
5.151.220.226 - - [26/Apr/2019:23:59:49 +0800]  "GET /example_entries?locale=zh-CN&lang=cn&tag=%E8%AF%AD%E8%A8%80&example_type=%E5%85%B6%E4%BB%96& HTTP/1.1" 200 647 "https://www.wondercv.com/zh-CN/cvs/R5a9asc/other" "Mozilla/5.0 (iPhone; CPU iPhone OS 12_1_4 like Mac OS X) AppleWebKit/605.1.15 (KHTML, like Gecko) Mobile/16D57 MicroMessenger/7.0.3(0x17000321) NetType/WIFI Language/zh_CN miniProgram" HIT
153.0.3.93 - - [26/Apr/2019:23:59:49 +0800]  "GET /assets/application-d90fe7c6e241e748d4b67f1ca4996de0e21a87f62b4bfd7de471ba2896fa9930.css HTTP/1.1" 302 170 "https://www.wondercv.com/zh-CN/template_matches/new?client=android" "Mozilla/5.0 (Linux; Android 8.1.0; V1813A Build/O11019; wv) AppleWebKit/537.36 (KHTML, like Gecko) Version/4.0 Chrome/62.0.3202.84 Mobile Safari/537.36android_wondercv_app&android_app_version=2.2.0" -
114.254.13.207 - - [26/Apr/2019:23:59:49 +0800]  "POST /zh-CN/account/users/1407578/wx_personal_qr HTTP/1.1" 200 86 "https://www.wondercv.com/zh-CN/cvs/yFDjW5M/editor" "Mozilla/5.0 (iPad; CPU OS 12_2 like Mac OS X) AppleWebKit/605.1.15 (KHTML, like Gecko) CriOS/73.0.3683.68 Mobile/15E148 Safari/605.1" -
112.43.40.78 - - [26/Apr/2019:23:59:49 +0800]  "GET /professions/intention_search?utf8=%E2%9C%93&name=%E6%96%BD%E5%B7%A5 HTTP/1.1" 304 0 "https://www.wondercv.com/zh-CN/template_matches/new" "Mozilla/5.0 (Windows NT 10.0; WOW64) AppleWebKit/537.36 (KHTML, like Gecko) Chrome/63.0.3239.26 Safari/537.36 Core/1.63.6735.400 QQBrowser/10.2.2614.400" -
123.115.68.219 - - [26/Apr/2019:23:59:49 +0800]  "GET /universities.json?term=hengzhou HTTP/1.1" 200 33 "https://www.wondercv.com/zh-CN/cvs/Xooyb_Q/editor" "Mozilla/5.0 (Windows NT 6.1) AppleWebKit/537.36 (KHTML, like Gecko) Chrome/70.0.3538.25 Safari/537.36 Core/1.70.3650.400 QQBrowser/10.4.3341.400" -
49.95.107.128 - - [26/Apr/2019:23:59:49 +0800]  "POST /zh-CN/cvs/Ce84SqQ/custom_sections/1101989?client=ios HTTP/1.1" 200 360 "https://www.wondercv.com/zh-CN/cvs/Ce84SqQ/custom_sections/1101989/edit?client=ios" "Mozilla/5.0 (iPhone; CPU iPhone OS 12_1_4 like Mac OS X) AppleWebKit/605.1.15 (KHTML, like Gecko) Mobile/16D57/iphonex_series/wondercv_ios/app_version=2.3.1" -
89.31.125.181 - - [26/Apr/2019:23:59:49 +0800]  "GET /zh-CN/cvs/C81wK5Y/download.pdf HTTP/1.1" 200 83278 "https://www.wondercv.com/zh-CN/cvs/C81wK5Y/editor" "Mozilla/5.0 (Windows NT 10.0; WOW64) AppleWebKit/537.36 (KHTML, like Gecko) Chrome/74.0.3729.55 Safari/537.36 Vivaldi/2.5.1511.4" -
112.43.40.78 - - [26/Apr/2019:23:59:49 +0800]  "GET /professions/intention_search?utf8=%E2%9C%93&name=%E6%96%BD%E5%B7%A5 HTTP/1.1" 304 0 "https://www.wondercv.com/zh-CN/template_matches/new" "Mozilla/5.0 (Windows NT 10.0; WOW64) AppleWebKit/537.36 (KHTML, like Gecko) Chrome/63.0.3239.26 Safari/537.36 Core/1.63.6735.400 QQBrowser/10.2.2614.400" -
153.0.3.93 - - [26/Apr/2019:23:59:49 +0800]  "GET /assets/application-3e5f44e19e50027709573ede0932e044413fda22d1cf07a0cbd1d3284c17dd64.js HTTP/1.1" 302 170 "https://www.wondercv.com/zh-CN/template_matches/new?client=android" "Mozilla/5.0 (Linux; Android 8.1.0; V1813A Build/O11019; wv) AppleWebKit/537.36 (KHTML, like Gecko) Version/4.0 Chrome/62.0.3202.84 Mobile Safari/537.36android_wondercv_app&android_app_version=2.2.0" -
116.25.41.125 - - [26/Apr/2019:23:59:50 +0800]  "POST /zh-CN/signin/scan/check HTTP/1.1" 200 50 "https://www.wondercv.com/zh-CN/signin?type=login" "Mozilla/5.0 (Macintosh; Intel Mac OS X 10_14_0) AppleWebKit/537.36 (KHTML, like Gecko) Chrome/73.0.3683.86 Safari/537.36" -
112.96.176.37 - - [26/Apr/2019:23:59:50 +0800]  "GET /zh-CN/cvs/3IBb-v4/download.pdf HTTP/1.1" 200 79864 "https://www.wondercv.com/zh-CN/cvs/3IBb-v4/editor" "Mozilla/5.0 (Windows NT 10.0; Win64; x64) AppleWebKit/537.36 (KHTML, like Gecko) Chrome/64.0.3282.140 Safari/537.36 Edge/18.17763" -
61.185.224.242 - - [26/Apr/2019:23:59:50 +0800]  "GET /zh-CN/cvs/_uwbTq0/check HTTP/1.1" 200 1105 "https://www.wondercv.com/zh-CN/cvs/_uwbTq0/editor" "Mozilla/5.0 (Windows NT 10.0; WOW64) AppleWebKit/537.36 (KHTML, like Gecko) Chrome/73.0.3683.86 Safari/537.36" -
64.125.43.171 - - [26/Apr/2019:23:59:50 +0800]  "GET /assets/v2_guide-d8dbaf07292bd37b5b2d333e27c3af26d2d2643bc9366b80314d0ef0f5729b60.css HTTP/1.1" 302 170 "https://www.wondercv.com/zh-CN/cvs/2TR0IBw/works" "Mozilla/5.0 (Windows NT 6.1; WOW64) AppleWebKit/537.36 (KHTML, like Gecko) Chrome/74.0.3729.108 Safari/537.36" -
119.127.55.18 - - [26/Apr/2019:23:59:50 +0800]  "GET /zh-CN/emails/my/sent?_=1556294387104 HTTP/1.1" 200 5477 "https://www.wondercv.com/zh-CN/emails/my/sent" "Mozilla/5.0 (Linux; Android 8.1.0; SM-G6200 Build/OPM1.171019.026; wv) AppleWebKit/537.36 (KHTML, like Gecko) Version/4.0 Chrome/67.0.3396.87 XWEB/673 MMWEBSDK/190102 Mobile Safari/537.36 MMWEBID/9382 MicroMessenger/7.0.3.1400(0x2700033C) Process/appbrand3 NetType/WIFI Language/zh_CN miniProgram" -
111.164.173.188 - - [26/Apr/2019:23:59:50 +0800]  "POST /zh-CN/account/users/current/wx_personal_qr HTTP/1.1" 200 86 "https://www.wondercv.com/zh-CN/campus_recruiting/user_show" "Mozilla/5.0 (Windows NT 10.0; Win64; x64) AppleWebKit/537.36 (KHTML, like Gecko) Chrome/73.0.3683.103 Safari/537.36" -
123.115.68.219 - - [26/Apr/2019:23:59:50 +0800]  "GET /universities.json?term=Zhengzhou HTTP/1.1" 200 33 "https://www.wondercv.com/zh-CN/cvs/Xooyb_Q/editor" "Mozilla/5.0 (Windows NT 6.1) AppleWebKit/537.36 (KHTML, like Gecko) Chrome/70.0.3538.25 Safari/537.36 Core/1.70.3650.400 QQBrowser/10.4.3341.400" -
49.95.107.128 - - [26/Apr/2019:23:59:50 +0800]  "GET /zh-CN/cvs/Ce84SqQ/editor?client=ios HTTP/1.1" 200 39121 "-" "Mozilla/5.0 (iPhone; CPU iPhone OS 12_1_4 like Mac OS X) AppleWebKit/605.1.15 (KHTML, like Gecko) Mobile/16D57/iphonex_series/wondercv_ios/app_version=2.3.1" -
222.70.27.59 - - [26/Apr/2019:23:59:50 +0800]  "DELETE /zh-CN/cvs/1582839/others/destroy_all HTTP/1.1" 200 523 "https://www.wondercv.com/zh-CN/cvs/VRpVzSg/other" "Mozilla/5.0 (Windows NT 10.0; WOW64) AppleWebKit/537.36 (KHTML, like Gecko) Chrome/63.0.3239.26 Safari/537.36 Core/1.63.6726.400 QQBrowser/10.2.2265.400" -
64.125.43.171 - - [26/Apr/2019:23:59:50 +0800]  "GET /assets/application-3e5f44e19e50027709573ede0932e044413fda22d1cf07a0cbd1d3284c17dd64.js HTTP/1.1" 302 170 "https://www.wondercv.com/zh-CN/cvs/2TR0IBw/works" "Mozilla/5.0 (Windows NT 6.1; WOW64) AppleWebKit/537.36 (KHTML, like Gecko) Chrome/74.0.3729.108 Safari/537.36" -
49.95.107.128 - - [26/Apr/2019:23:59:50 +0800]  "GET /assets/v2_editor-e4c4559fc59e507247da12660e9b49b26acd0a19acda784480ccb898626a3916.css HTTP/1.1" 302 170 "https://www.wondercv.com/zh-CN/cvs/Ce84SqQ/editor?client=ios" "Mozilla/5.0 (iPhone; CPU iPhone OS 12_1_4 like Mac OS X) AppleWebKit/605.1.15 (KHTML, like Gecko) Mobile/16D57/iphonex_series/wondercv_ios/app_version=2.3.1" -
49.95.107.128 - - [26/Apr/2019:23:59:51 +0800]  "GET /assets/application-3e5f44e19e50027709573ede0932e044413fda22d1cf07a0cbd1d3284c17dd64.js HTTP/1.1" 302 170 "https://www.wondercv.com/zh-CN/cvs/Ce84SqQ/editor?client=ios" "Mozilla/5.0 (iPhone; CPU iPhone OS 12_1_4 like Mac OS X) AppleWebKit/605.1.15 (KHTML, like Gecko) Mobile/16D57/iphonex_series/wondercv_ios/app_version=2.3.1" -
40.77.167.149 - - [26/Apr/2019:23:59:51 +0800]  "GET /zh-CN/comp_recruit_infos/1961 HTTP/1.1" 200 13755 "-" "Mozilla/5.0 (compatible; bingbot/2.0; +http://www.bing.com/bingbot.htm)" -
58.62.42.97 - - [26/Apr/2019:23:59:51 +0800]  "POST /zh-CN/cvs/kVROE6c/update_format HTTP/1.1" 200 367 "https://www.wondercv.com/zh-CN/cvs/kVROE6c/editor" "Mozilla/5.0 (Windows NT 10.0; Win64; x64) AppleWebKit/537.36 (KHTML, like Gecko) Chrome/73.0.3683.103 Safari/537.36" -
77.180.231.93 - - [26/Apr/2019:23:59:51 +0800]  "GET /companies.json?term=Cologne+IMW+Market+Research+C&lang=en HTTP/1.1" 200 33 "https://www.wondercv.com/zh-CN/cvs/GPzuS4w/editor" "Mozilla/5.0 (Macintosh; Intel Mac OS X 10_14_0) AppleWebKit/537.36 (KHTML, like Gecko) Chrome/73.0.3683.103 Safari/537.36" -
123.115.68.219 - - [26/Apr/2019:23:59:51 +0800]  "GET /universities.json?term=Zhengzhou HTTP/1.1" 304 0 "https://www.wondercv.com/zh-CN/cvs/Xooyb_Q/editor" "Mozilla/5.0 (Windows NT 6.1) AppleWebKit/537.36 (KHTML, like Gecko) Chrome/70.0.3538.25 Safari/537.36 Core/1.70.3650.400 QQBrowser/10.4.3341.400" -
106.34.154.4 - - [26/Apr/2019:23:59:51 +0800]  "GET /companies.json?term=%E7%84%A6%E4%BD%9C%E5%B8%82 HTTP/1.1" 200 74 "https://www.wondercv.com/zh-CN/cvs/nPaVJFM/works?client=android" "Mozilla/5.0 (Linux; Android 8.0.0; DUK-AL20 Build/HUAWEIDUK-AL20; wv) AppleWebKit/537.36 (KHTML, like Gecko) Version/4.0 Chrome/68.0.3440.91 Mobile Safari/537.36android_wondercv_app&android_app_version=2.2.0" -
218.17.40.45 - - [26/Apr/2019:23:59:51 +0800]  "POST /zh-CN/cvs?init%5Bcv_type%5D=zero_cn&init%5Blang%5D=cn HTTP/1.1" 302 123 "https://www.wondercv.com/zh-CN/blog/ufhs0dyv" "Mozilla/5.0 (Windows NT 10.0; WOW64) AppleWebKit/537.36 (KHTML, like Gecko) Chrome/58.0.3029.110 Safari/537.36 SE 2.X MetaSr 1.0" -
218.17.40.45 - - [26/Apr/2019:23:59:51 +0800]  "GET /zh-CN/signin?type=reg HTTP/1.1" 200 12356 "https://www.wondercv.com/zh-CN/blog/ufhs0dyv" "Mozilla/5.0 (Windows NT 10.0; WOW64) AppleWebKit/537.36 (KHTML, like Gecko) Chrome/58.0.3029.110 Safari/537.36 SE 2.X MetaSr 1.0" -
64.125.43.171 - - [26/Apr/2019:23:59:51 +0800]  "GET /verbs?type=%E4%B8%AA%E4%BA%BA%E6%88%90%E5%B0%B1&display=%E4%B8%AD%E6%96%87&_=1556294390534 HTTP/1.1" 301 194 "https://www.wondercv.com/zh-CN/cvs/2TR0IBw/works" "Mozilla/5.0 (Windows NT 6.1; WOW64) AppleWebKit/537.36 (KHTML, like Gecko) Chrome/74.0.3729.108 Safari/537.36" -
64.125.43.171 - - [26/Apr/2019:23:59:51 +0800]  "GET /verbs?type=%E4%B8%AA%E4%BA%BA%E6%88%90%E5%B0%B1&display=%E4%B8%AD%E6%96%87&_=1556294390535 HTTP/1.1" 301 194 "https://www.wondercv.com/zh-CN/cvs/2TR0IBw/works" "Mozilla/5.0 (Windows NT 6.1; WOW64) AppleWebKit/537.36 (KHTML, like Gecko) Chrome/74.0.3729.108 Safari/537.36" -
77.180.231.93 - - [26/Apr/2019:23:59:51 +0800]  "GET /companies.json?term=Cologne+IMW+Market+Research+Com&lang=en HTTP/1.1" 200 33 "https://www.wondercv.com/zh-CN/cvs/GPzuS4w/editor" "Mozilla/5.0 (Macintosh; Intel Mac OS X 10_14_0) AppleWebKit/537.36 (KHTML, like Gecko) Chrome/73.0.3683.103 Safari/537.36" -
218.17.40.45 - - [26/Apr/2019:23:59:51 +0800]  "GET /assets/signin-b362885eedc0449fab53387f970c1594159f59a6ca01290b4b064fb78c82fb73.css HTTP/1.1" 302 170 "https://www.wondercv.com/zh-CN/signin?type=reg" "Mozilla/5.0 (Windows NT 10.0; WOW64) AppleWebKit/537.36 (KHTML, like Gecko) Chrome/58.0.3029.110 Safari/537.36 SE 2.X MetaSr 1.0" -
218.17.40.45 - - [26/Apr/2019:23:59:51 +0800]  "GET /assets/signin-16104c483d9ed82d48adb20eb51051330731bf287bb17f613fce7e4ceb68accf.js HTTP/1.1" 200 39936 "https://www.wondercv.com/zh-CN/signin?type=reg" "Mozilla/5.0 (Windows NT 10.0; WOW64) AppleWebKit/537.36 (KHTML, like Gecko) Chrome/58.0.3029.110 Safari/537.36 SE 2.X MetaSr 1.0" -
49.95.107.128 - - [26/Apr/2019:23:59:51 +0800]  "POST /zh-CN/account/users/834054/wx_personal_qr HTTP/1.1" 200 86 "https://www.wondercv.com/zh-CN/cvs/Ce84SqQ/editor?client=ios" "Mozilla/5.0 (iPhone; CPU iPhone OS 12_1_4 like Mac OS X) AppleWebKit/605.1.15 (KHTML, like Gecko) Mobile/16D57/iphonex_series/wondercv_ios/app_version=2.3.1" -
183.184.200.63 - - [26/Apr/2019:23:59:51 +0800]  "GET /assets/tinymce/langs/zh_CN.js HTTP/1.1" 304 0 "https://www.wondercv.com/zh-CN/cvs/lV-aSnM/editor?client=ios" "Mozilla/5.0 (iPhone; CPU iPhone OS 12_2 like Mac OS X) AppleWebKit/605.1.15 (KHTML, like Gecko) Mobile/15E148/wondercv_ios/app_version=2.3.1" -
183.184.200.63 - - [26/Apr/2019:23:59:51 +0800]  "GET /assets/tinymce/plugins/autoresize/plugin.js HTTP/1.1" 304 0 "https://www.wondercv.com/zh-CN/cvs/lV-aSnM/editor?client=ios" "Mozilla/5.0 (iPhone; CPU iPhone OS 12_2 like Mac OS X) AppleWebKit/605.1.15 (KHTML, like Gecko) Mobile/15E148/wondercv_ios/app_version=2.3.1" -
183.184.200.63 - - [26/Apr/2019:23:59:51 +0800]  "GET /assets/tinymce/plugins/link/plugin.js HTTP/1.1" 304 0 "https://www.wondercv.com/zh-CN/cvs/lV-aSnM/editor?client=ios" "Mozilla/5.0 (iPhone; CPU iPhone OS 12_2 like Mac OS X) AppleWebKit/605.1.15 (KHTML, like Gecko) Mobile/15E148/wondercv_ios/app_version=2.3.1" -
183.184.200.63 - - [26/Apr/2019:23:59:51 +0800]  "GET /assets/tinymce/themes/modern/theme.js HTTP/1.1" 304 0 "https://www.wondercv.com/zh-CN/cvs/lV-aSnM/editor?client=ios" "Mozilla/5.0 (iPhone; CPU iPhone OS 12_2 like Mac OS X) AppleWebKit/605.1.15 (KHTML, like Gecko) Mobile/15E148/wondercv_ios/app_version=2.3.1" -
183.184.200.63 - - [26/Apr/2019:23:59:51 +0800]  "GET /assets/tinymce/plugins/lists/plugin.js HTTP/1.1" 304 0 "https://www.wondercv.com/zh-CN/cvs/lV-aSnM/editor?client=ios" "Mozilla/5.0 (iPhone; CPU iPhone OS 12_2 like Mac OS X) AppleWebKit/605.1.15 (KHTML, like Gecko) Mobile/15E148/wondercv_ios/app_version=2.3.1" -
183.184.200.63 - - [26/Apr/2019:23:59:51 +0800]  "GET /assets/tinymce/plugins/autolink/plugin.js HTTP/1.1" 304 0 "https://www.wondercv.com/zh-CN/cvs/lV-aSnM/editor?client=ios" "Mozilla/5.0 (iPhone; CPU iPhone OS 12_2 like Mac OS X) AppleWebKit/605.1.15 (KHTML, like Gecko) Mobile/15E148/wondercv_ios/app_version=2.3.1" -
183.184.200.63 - - [26/Apr/2019:23:59:51 +0800]  "GET /assets/tinymce/plugins/table/plugin.js HTTP/1.1" 304 0 "https://www.wondercv.com/zh-CN/cvs/lV-aSnM/editor?client=ios" "Mozilla/5.0 (iPhone; CPU iPhone OS 12_2 like Mac OS X) AppleWebKit/605.1.15 (KHTML, like Gecko) Mobile/15E148/wondercv_ios/app_version=2.3.1" -
183.184.200.63 - - [26/Apr/2019:23:59:51 +0800]  "GET /assets/tinymce/plugins/paste/plugin.js HTTP/1.1" 304 0 "https://www.wondercv.com/zh-CN/cvs/lV-aSnM/editor?client=ios" "Mozilla/5.0 (iPhone; CPU iPhone OS 12_2 like Mac OS X) AppleWebKit/605.1.15 (KHTML, like Gecko) Mobile/15E148/wondercv_ios/app_version=2.3.1" -
116.25.41.125 - - [26/Apr/2019:23:59:52 +0800]  "POST /zh-CN/signin/scan/check HTTP/1.1" 200 50 "https://www.wondercv.com/zh-CN/signin?type=login" "Mozilla/5.0 (Macintosh; Intel Mac OS X 10_14_0) AppleWebKit/537.36 (KHTML, like Gecko) Chrome/73.0.3683.86 Safari/537.36" -
183.184.200.63 - - [26/Apr/2019:23:59:52 +0800]  "GET /assets/tinymce/skins/lightgray/skin.min.css HTTP/1.1" 304 0 "https://www.wondercv.com/zh-CN/cvs/lV-aSnM/editor?client=ios" "Mozilla/5.0 (iPhone; CPU iPhone OS 12_2 like Mac OS X) AppleWebKit/605.1.15 (KHTML, like Gecko) Mobile/15E148/wondercv_ios/app_version=2.3.1" -
183.184.200.63 - - [26/Apr/2019:23:59:52 +0800]  "POST /zh-CN/account/users/1405389/wx_personal_qr HTTP/1.1" 200 86 "https://www.wondercv.com/zh-CN/cvs/lV-aSnM/editor?client=ios" "Mozilla/5.0 (iPhone; CPU iPhone OS 12_2 like Mac OS X) AppleWebKit/605.1.15 (KHTML, like Gecko) Mobile/15E148/wondercv_ios/app_version=2.3.1" -
111.196.246.186 - - [26/Apr/2019:23:59:52 +0800]  "POST /zh-CN/cvs/ui0OpqE/works/updates HTTP/1.1" 200 3829 "https://www.wondercv.com/zh-CN/cvs/ui0OpqE/works" "Mozilla/5.0 (Windows NT 10.0; WOW64) AppleWebKit/537.36 (KHTML, like Gecko) Chrome/69.0.3497.100 Safari/537.36" -
175.188.57.66 - - [26/Apr/2019:23:59:52 +0800]  "POST /zh-CN/cvs/ZdXQoG4/auto_sort HTTP/1.1" 200 8246 "https://www.wondercv.com/zh-CN/cvs/ZdXQoG4/editor" "Mozilla/5.0 (Windows NT 10.0; Win64; x64) AppleWebKit/537.36 (KHTML, like Gecko) Chrome/64.0.3282.140 Safari/537.36 Edge/18.17763" -
218.17.40.45 - - [26/Apr/2019:23:59:52 +0800]  "POST /zh-CN/signin/scan HTTP/1.1" 200 148 "https://www.wondercv.com/zh-CN/signin?type=reg" "Mozilla/5.0 (Windows NT 10.0; WOW64) AppleWebKit/537.36 (KHTML, like Gecko) Chrome/58.0.3029.110 Safari/537.36 SE 2.X MetaSr 1.0" -
112.224.17.9 - - [26/Apr/2019:23:59:52 +0800]  "GET /zh-CN/blog/zja9oaxr HTTP/1.1" 200 14672 "https://www.wondercv.com/zh-CN/blog" "Mozilla/5.0 (Linux; Android 6.0.1; OPPO A57 Build/MMB29M; wv) AppleWebKit/537.36 (KHTML, like Gecko) Version/4.0 Chrome/67.0.3396.87 XWEB/673 MMWEBSDK/190102 Mobile Safari/537.36 MMWEBID/9380 MicroMessenger/7.0.3.1400(0x2700033C) Process/appbrand0 NetType/4G Language/zh_CN miniProgram" -
113.77.86.238 - - [26/Apr/2019:23:59:52 +0800]  "GET /zh-CN/cvs?client=ios HTTP/1.1" 200 10169 "-" "Mozilla/5.0 (iPhone; CPU iPhone OS 12_2 like Mac OS X) AppleWebKit/605.1.15 (KHTML, like Gecko) Mobile/15E148/iphonex_series/wondercv_ios/app_version=2.3.1" -
113.77.86.238 - - [26/Apr/2019:23:59:52 +0800]  "GET /assets/application-d90fe7c6e241e748d4b67f1ca4996de0e21a87f62b4bfd7de471ba2896fa9930.css HTTP/1.1" 302 170 "https://www.wondercv.com/zh-CN/cvs?client=ios" "Mozilla/5.0 (iPhone; CPU iPhone OS 12_2 like Mac OS X) AppleWebKit/605.1.15 (KHTML, like Gecko) Mobile/15E148/iphonex_series/wondercv_ios/app_version=2.3.1" -
64.125.43.171 - - [26/Apr/2019:23:59:52 +0800]  "GET /verbs?type=%E4%B8%AA%E4%BA%BA%E6%88%90%E5%B0%B1&display=%E4%B8%AD%E6%96%87& HTTP/1.1" 304 0 "https://www.wondercv.com/zh-CN/cvs/2TR0IBw/works" "Mozilla/5.0 (Windows NT 6.1; WOW64) AppleWebKit/537.36 (KHTML, like Gecko) Chrome/74.0.3729.108 Safari/537.36" HIT
77.180.231.93 - - [26/Apr/2019:23:59:52 +0800]  "GET /companies.json?term=Cologne+IMW+Market+Research+Compa&lang=en HTTP/1.1" 200 33 "https://www.wondercv.com/zh-CN/cvs/GPzuS4w/editor" "Mozilla/5.0 (Macintosh; Intel Mac OS X 10_14_0) AppleWebKit/537.36 (KHTML, like Gecko) Chrome/73.0.3683.103 Safari/537.36" -
113.77.86.238 - - [26/Apr/2019:23:59:52 +0800]  "GET /assets/application-3e5f44e19e50027709573ede0932e044413fda22d1cf07a0cbd1d3284c17dd64.js HTTP/1.1" 302 170 "https://www.wondercv.com/zh-CN/cvs?client=ios" "Mozilla/5.0 (iPhone; CPU iPhone OS 12_2 like Mac OS X) AppleWebKit/605.1.15 (KHTML, like Gecko) Mobile/15E148/iphonex_series/wondercv_ios/app_version=2.3.1" -
123.115.68.219 - - [26/Apr/2019:23:59:52 +0800]  "GET /universities.json?term=Zhengzhou HTTP/1.1" 304 0 "https://www.wondercv.com/zh-CN/cvs/Xooyb_Q/editor" "Mozilla/5.0 (Windows NT 6.1) AppleWebKit/537.36 (KHTML, like Gecko) Chrome/70.0.3538.25 Safari/537.36 Core/1.70.3650.400 QQBrowser/10.4.3341.400" -
117.136.32.57 - - [26/Apr/2019:23:59:52 +0800]  "POST /zh-CN/cvs/LgPY7xY/update_other HTTP/1.1" 200 85 "https://www.wondercv.com/zh-CN/cvs/LgPY7xY/other" "Mozilla/5.0 (Linux; Android 8.0.0; MI 5s Plus Build/OPR1.170623.032; wv) AppleWebKit/537.36 (KHTML, like Gecko) Version/4.0 Chrome/67.0.3396.87 XWEB/673 MMWEBSDK/190102 Mobile Safari/537.36 MMWEBID/5845 MicroMessenger/7.0.3.1400(0x2700033C) Process/appbrand0 NetType/4G Language/zh_CN miniProgram" -
171.37.249.51 - - [26/Apr/2019:23:59:52 +0800]  "GET /?_c=baidu&_p=pcczc&_k=0610 HTTP/1.1" 200 18854 "https://www.baidu.com/s?wd=%E5%9C%A8%E6%A0%A1%E5%AD%A6%E7%94%9F%E5%85%8D%E8%B4%B9%E4%B8%AA%E4%BA%BA%E7%AE%80%E5%8E%86%E6%A8%A1%E6%9D%BF%E4%B8%8B%E8%BD%BD&rsv_spt=1&rsv_iqid=0xa7f53cfc00042c23&issp=1&f=8&rsv_bp=1&rsv_idx=2&ie=utf-8&rqlang=cn&tn=baiduhome_pg&rsv_enter=0&rsv_t=5f84U7aACXvfF5S0%2FKv21Iwf4X14K5WrcylYOxslYVTl5QO%2BAb1bp8193qT8jR4wfnJk&oq=%25E5%2585%258D%25E8%25B4%25B9%25E4%25B8%25AA%25E4%25BA%25BA%25E7%25AE%2580%25E5%258E%2586%25E6%25A8%25A1%25E6%259D%25BF%25E4%25B8%258B%25E8%25BD%25BD&rsv_sug3=5&rsv_sug1=4&rsv_sug7=100&rsv_pq=a9fc31e900039b04&rsv_sug2=0&inputT=3401&rsv_sug4=4173" "Mozilla/5.0 (Windows NT 10.0; Win64; x64) AppleWebKit/537.36 (KHTML, like Gecko) Chrome/64.0.3282.140 Safari/537.36 Edge/17.17134" -
112.224.17.9 - - [26/Apr/2019:23:59:52 +0800]  "GET /assets/blog-978d41954a61b1d5735bef3df6a293e08c786cc65722e465e5d051490b379ece.css HTTP/1.1" 302 170 "https://www.wondercv.com/zh-CN/blog/zja9oaxr" "Mozilla/5.0 (Linux; Android 6.0.1; OPPO A57 Build/MMB29M; wv) AppleWebKit/537.36 (KHTML, like Gecko) Version/4.0 Chrome/67.0.3396.87 XWEB/673 MMWEBSDK/190102 Mobile Safari/537.36 MMWEBID/9380 MicroMessenger/7.0.3.1400(0x2700033C) Process/appbrand0 NetType/4G Language/zh_CN miniProgram" -
171.37.249.51 - - [26/Apr/2019:23:59:52 +0800]  "GET /assets/welcome-819871e4bec4d104d4a04334eb79faac20da027a68b026959e01b68d7cfdb6ea.css HTTP/1.1" 302 170 "https://www.wondercv.com/?_c=baidu&_p=pcczc&_k=0610" "Mozilla/5.0 (Windows NT 10.0; Win64; x64) AppleWebKit/537.36 (KHTML, like Gecko) Chrome/64.0.3282.140 Safari/537.36 Edge/17.17134" -
183.184.200.63 - - [26/Apr/2019:23:59:52 +0800]  "GET /zh-CN/cvs/lV-aSnM/check HTTP/1.1" 200 2177 "https://www.wondercv.com/zh-CN/cvs/lV-aSnM/editor?client=ios" "Mozilla/5.0 (iPhone; CPU iPhone OS 12_2 like Mac OS X) AppleWebKit/605.1.15 (KHTML, like Gecko) Mobile/15E148/wondercv_ios/app_version=2.3.1" -
112.224.17.9 - - [26/Apr/2019:23:59:52 +0800]  "GET /assets/blog-ff0abc9c435f5528d1760c71809e79b3faf6dcbb856815379aa106bebf8b26c6.js HTTP/1.1" 302 170 "https://www.wondercv.com/zh-CN/blog/zja9oaxr" "Mozilla/5.0 (Linux; Android 6.0.1; OPPO A57 Build/MMB29M; wv) AppleWebKit/537.36 (KHTML, like Gecko) Version/4.0 Chrome/67.0.3396.87 XWEB/673 MMWEBSDK/190102 Mobile Safari/537.36 MMWEBID/9380 MicroMessenger/7.0.3.1400(0x2700033C) Process/appbrand0 NetType/4G Language/zh_CN miniProgram" -
171.37.249.51 - - [26/Apr/2019:23:59:52 +0800]  "GET /assets/welcome-8141fad96fd901b00140145ddef5cb9279f381de377728d4049a9c531d1c0d2d.js HTTP/1.1" 302 170 "https://www.wondercv.com/?_c=baidu&_p=pcczc&_k=0610" "Mozilla/5.0 (Windows NT 10.0; Win64; x64) AppleWebKit/537.36 (KHTML, like Gecko) Chrome/64.0.3282.140 Safari/537.36 Edge/17.17134" -
40.77.167.149 - - [26/Apr/2019:23:59:52 +0800]  "GET /blog?locale=zh-CN&tag=%E6%8E%A8%E8%8D%90 HTTP/1.1" 200 13763 "-" "Mozilla/5.0 (compatible; bingbot/2.0; +http://www.bing.com/bingbot.htm)" -
219.228.101.42 - - [26/Apr/2019:23:59:53 +0800]  "POST /zh-CN/cvs/1559333/works/2157969 HTTP/1.1" 200 171 "https://www.wondercv.com/zh-CN/cvs/rK_lqjM/editor" "Mozilla/5.0 (Windows NT 10.0; WOW64) AppleWebKit/537.36 (KHTML, like Gecko) Chrome/47.0.2526.106 BIDUBrowser/8.7 Safari/537.36" -
64.125.43.171 - - [26/Apr/2019:23:59:53 +0800]  "GET /verbs?type=%E4%B8%AA%E4%BA%BA%E6%88%90%E5%B0%B1&display=%E4%B8%AD%E6%96%87& HTTP/1.1" 304 0 "https://www.wondercv.com/zh-CN/cvs/2TR0IBw/works" "Mozilla/5.0 (Windows NT 6.1; WOW64) AppleWebKit/537.36 (KHTML, like Gecko) Chrome/74.0.3729.108 Safari/537.36" HIT
64.125.43.171 - - [26/Apr/2019:23:59:53 +0800]  "GET /assets/tinymce/langs/zh_CN.js HTTP/1.1" 200 7897 "https://www.wondercv.com/zh-CN/cvs/2TR0IBw/works" "Mozilla/5.0 (Windows NT 6.1; WOW64) AppleWebKit/537.36 (KHTML, like Gecko) Chrome/74.0.3729.108 Safari/537.36" -
112.43.40.78 - - [26/Apr/2019:23:59:53 +0800]  "POST /zh-CN/template_matches HTTP/1.1" 200 67 "https://www.wondercv.com/zh-CN/template_matches/new" "Mozilla/5.0 (Windows NT 10.0; WOW64) AppleWebKit/537.36 (KHTML, like Gecko) Chrome/63.0.3239.26 Safari/537.36 Core/1.63.6735.400 QQBrowser/10.2.2614.400" -
223.104.96.109 - - [26/Apr/2019:23:59:53 +0800]  "POST /zh-CN/account/users/1144496/wx_personal_qr HTTP/1.1" 200 86 "https://www.wondercv.com/zh-CN/cvs/d5zGPJs/editor" "Mozilla/5.0 (Linux; Android 9; EML-AL00 Build/HUAWEIEML-AL00; wv) AppleWebKit/537.36 (KHTML, like Gecko) Version/4.0 Chrome/66.0.3359.126 MQQBrowser/6.2 TBS/044607 Mobile Safari/537.36 MMWEBID/7214 MicroMessenger/7.0.3.1400(0x2700033C) Process/tools NetType/4G Language/en" -
77.180.231.93 - - [26/Apr/2019:23:59:53 +0800]  "GET /companies.json?term=Cologne+IMW+Market+Research+Compan&lang=en HTTP/1.1" 200 33 "https://www.wondercv.com/zh-CN/cvs/GPzuS4w/editor" "Mozilla/5.0 (Macintosh; Intel Mac OS X 10_14_0) AppleWebKit/537.36 (KHTML, like Gecko) Chrome/73.0.3683.103 Safari/537.36" -
223.104.63.96 - - [26/Apr/2019:23:59:53 +0800]  "POST /zh-CN/cvs/LouPyEk/profiles HTTP/1.1" 200 1206 "https://www.wondercv.com/zh-CN/cvs/LouPyEk/editor" "Mozilla/5.0 (Macintosh; Intel Mac OS X 10.10; rv:66.0) Gecko/20100101 Firefox/66.0" -
49.118.188.222 - - [26/Apr/2019:23:59:53 +0800]  "GET /interface/example_cvs?pageNo=3&workTime=&industry=&pageSize=10&unionId=ocVLM1ON94YhAfEQPYNAUpEUev0Y HTTP/1.1" 200 985 "https://servicewechat.com/wx578fdf80110e543b/37/page-frame.html" "Mozilla/5.0 (Linux; Android 9; Redmi Note 7 Pro Build/PKQ1.181203.001; wv) AppleWebKit/537.36 (KHTML, like Gecko) Version/4.0 Chrome/71.0.3578.99 Mobile Safari/537.36 MicroMessenger/7.0.4.1420(0x27000437) Process/appbrand2 NetType/WIFI Language/zh_CN" -
218.106.145.18 - - [26/Apr/2019:23:59:53 +0800]  "POST /zh-CN/cvs/1576309/custom_sections/2065219/custom_section_infos/2853061 HTTP/1.1" 200 170 "https://www.wondercv.com/zh-CN/cvs/gKDnhOg/editor" "Mozilla/5.0 (Windows NT 10.0; Win64; x64) AppleWebKit/537.36 (KHTML, like Gecko) Chrome/73.0.3683.75 Safari/537.36" -
64.125.43.171 - - [26/Apr/2019:23:59:53 +0800]  "GET /assets/tinymce/plugins/autolink/plugin.js HTTP/1.1" 200 2058 "https://www.wondercv.com/zh-CN/cvs/2TR0IBw/works" "Mozilla/5.0 (Windows NT 6.1; WOW64) AppleWebKit/537.36 (KHTML, like Gecko) Chrome/74.0.3729.108 Safari/537.36" -
218.19.145.82 - - [26/Apr/2019:23:59:53 +0800]  "GET /example_entries?locale=zh-CN&lang=cn&tag=%E6%89%A7%E7%85%A7%2F%E5%9F%B9%E8%AE%AD&example_type=%E5%85%B6%E4%BB%96&_=1556294333643 HTTP/1.1" 301 194 "https://www.wondercv.com/zh-CN/cvs/JrbxJEo/other" "Mozilla/5.0 (Windows NT 10.0; WOW64) AppleWebKit/537.36 (KHTML, like Gecko) Chrome/70.0.3538.25 Safari/537.36" -
171.37.249.51 - - [26/Apr/2019:23:59:53 +0800]  "GET /assets/fontawesome-webfont-2adefcbc041e7d18fcf2d417879dc5a09997aa64d675b7a3c4b6ce33da13f3fe.woff2 HTTP/1.1" 200 77160 "https://www.wondercv.com/?_c=baidu&_p=pcczc&_k=0610" "Mozilla/5.0 (Windows NT 10.0; Win64; x64) AppleWebKit/537.36 (KHTML, like Gecko) Chrome/64.0.3282.140 Safari/537.36 Edge/17.17134" -
218.19.145.82 - - [26/Apr/2019:23:59:53 +0800]  "GET /example_entries?locale=zh-CN&lang=cn&tag=%E6%89%A7%E7%85%A7%2F%E5%9F%B9%E8%AE%AD&example_type=%E5%85%B6%E4%BB%96&_=1556294333644 HTTP/1.1" 301 194 "https://www.wondercv.com/zh-CN/cvs/JrbxJEo/other" "Mozilla/5.0 (Windows NT 10.0; WOW64) AppleWebKit/537.36 (KHTML, like Gecko) Chrome/70.0.3538.25 Safari/537.36" -
116.25.41.125 - - [26/Apr/2019:23:59:54 +0800]  "POST /zh-CN/signin/scan/check HTTP/1.1" 200 50 "https://www.wondercv.com/zh-CN/signin?type=login" "Mozilla/5.0 (Macintosh; Intel Mac OS X 10_14_0) AppleWebKit/537.36 (KHTML, like Gecko) Chrome/73.0.3683.86 Safari/537.36" -
117.136.32.57 - - [26/Apr/2019:23:59:54 +0800]  "GET /zh-CN/cvs/LgPY7xY/editor HTTP/1.1" 200 35974 "https://www.wondercv.com/zh-CN/cvs/LgPY7xY/other" "Mozilla/5.0 (Linux; Android 8.0.0; MI 5s Plus Build/OPR1.170623.032; wv) AppleWebKit/537.36 (KHTML, like Gecko) Version/4.0 Chrome/67.0.3396.87 XWEB/673 MMWEBSDK/190102 Mobile Safari/537.36 MMWEBID/5845 MicroMessenger/7.0.3.1400(0x2700033C) Process/appbrand0 NetType/4G Language/zh_CN miniProgram" -
218.19.145.82 - - [26/Apr/2019:23:59:54 +0800]  "GET /example_entries?locale=zh-CN&lang=cn&tag=%E6%89%A7%E7%85%A7%2F%E5%9F%B9%E8%AE%AD&example_type=%E5%85%B6%E4%BB%96& HTTP/1.1" 304 0 "https://www.wondercv.com/zh-CN/cvs/JrbxJEo/other" "Mozilla/5.0 (Windows NT 10.0; WOW64) AppleWebKit/537.36 (KHTML, like Gecko) Chrome/70.0.3538.25 Safari/537.36" HIT
77.180.231.93 - - [26/Apr/2019:23:59:54 +0800]  "GET /companies.json?term=Cologne+IMW+Market+Research+Company&lang=en HTTP/1.1" 200 33 "https://www.wondercv.com/zh-CN/cvs/GPzuS4w/editor" "Mozilla/5.0 (Macintosh; Intel Mac OS X 10_14_0) AppleWebKit/537.36 (KHTML, like Gecko) Chrome/73.0.3683.103 Safari/537.36" -
64.125.43.171 - - [26/Apr/2019:23:59:54 +0800]  "GET /assets/tinymce/plugins/lists/plugin.js HTTP/1.1" 200 14483 "https://www.wondercv.com/zh-CN/cvs/2TR0IBw/works" "Mozilla/5.0 (Windows NT 6.1; WOW64) AppleWebKit/537.36 (KHTML, like Gecko) Chrome/74.0.3729.108 Safari/537.36" -
120.195.45.94 - - [26/Apr/2019:23:59:54 +0800]  "POST /zh-CN/cvs/cR2IiYM/works/updates HTTP/1.1" 200 3939 "https://www.wondercv.com/zh-CN/cvs/cR2IiYM/works" "Mozilla/5.0 (Windows NT 6.1; WOW64) AppleWebKit/537.36 (KHTML, like Gecko) Chrome/70.0.3538.25 Safari/537.36 Core/1.70.3676.400 QQBrowser/10.4.3469.400" -
112.43.40.78 - - [26/Apr/2019:23:59:54 +0800]  "GET /zh-CN/cvs HTTP/1.1" 200 21620 "https://www.wondercv.com/zh-CN/template_matches/new" "Mozilla/5.0 (Windows NT 10.0; WOW64) AppleWebKit/537.36 (KHTML, like Gecko) Chrome/63.0.3239.26 Safari/537.36 Core/1.63.6735.400 QQBrowser/10.2.2614.400" -
218.19.145.82 - - [26/Apr/2019:23:59:54 +0800]  "GET /example_entries?locale=zh-CN&lang=cn&tag=%E6%89%A7%E7%85%A7%2F%E5%9F%B9%E8%AE%AD&example_type=%E5%85%B6%E4%BB%96& HTTP/1.1" 304 0 "https://www.wondercv.com/zh-CN/cvs/JrbxJEo/other" "Mozilla/5.0 (Windows NT 10.0; WOW64) AppleWebKit/537.36 (KHTML, like Gecko) Chrome/70.0.3538.25 Safari/537.36" HIT
111.164.173.188 - - [26/Apr/2019:23:59:54 +0800]  "GET /campus_recruiting/user_show?category=%E4%BA%92%E8%81%94%E7%BD%91&is_hot=&_=1556294390831 HTTP/1.1" 200 2544 "https://www.wondercv.com/zh-CN/campus_recruiting/user_show" "Mozilla/5.0 (Windows NT 10.0; Win64; x64) AppleWebKit/537.36 (KHTML, like Gecko) Chrome/73.0.3683.103 Safari/537.36" -
218.17.40.45 - - [26/Apr/2019:23:59:54 +0800]  "POST /zh-CN/signin/scan/check HTTP/1.1" 200 50 "https://www.wondercv.com/zh-CN/signin?type=reg" "Mozilla/5.0 (Windows NT 10.0; WOW64) AppleWebKit/537.36 (KHTML, like Gecko) Chrome/58.0.3029.110 Safari/537.36 SE 2.X MetaSr 1.0" -
64.125.43.171 - - [26/Apr/2019:23:59:54 +0800]  "GET /assets/tinymce/themes/modern/theme.js HTTP/1.1" 200 13069 "https://www.wondercv.com/zh-CN/cvs/2TR0IBw/works" "Mozilla/5.0 (Windows NT 6.1; WOW64) AppleWebKit/537.36 (KHTML, like Gecko) Chrome/74.0.3729.108 Safari/537.36" -
117.158.213.174 - - [26/Apr/2019:23:59:54 +0800]  "GET /zh-CN/cvs?miniprogram_unionid=ocVLM1KTQZWgxCmcc54MRhDUPETo HTTP/1.1" 200 20521 "-" "Mozilla/5.0 (Linux; Android 7.1.1; PRO 6 Build/NMF26O; wv) AppleWebKit/537.36 (KHTML, like Gecko) Version/4.0 Chrome/67.0.3396.87 XWEB/673 MMWEBSDK/190301 Mobile Safari/537.36 MMWEBID/7178 MicroMessenger/7.0.4.1420(0x27000439) Process/appbrand2 NetType/WIFI Language/zh_CN miniProgram" -
218.19.145.82 - - [26/Apr/2019:23:59:54 +0800]  "GET /example_entries?locale=zh-CN&lang=cn&tag=%E6%89%A7%E7%85%A7%2F%E5%9F%B9%E8%AE%AD&example_type=%E5%85%B6%E4%BB%96&_=1556294333645 HTTP/1.1" 301 194 "https://www.wondercv.com/zh-CN/cvs/JrbxJEo/other" "Mozilla/5.0 (Windows NT 10.0; WOW64) AppleWebKit/537.36 (KHTML, like Gecko) Chrome/70.0.3538.25 Safari/537.36" -
