117.136.29.181 - - [26/Apr/2019:23:59:22 +0800]  "GET /zh-CN/recruit_infos?client=android HTTP/1.1" 200 8853 "-" "Mozilla/5.0 (Linux; Android 8.0.0; LDN-AL20 Build/HUAWEILDN-AL20; wv) AppleWebKit/537.36 (KHTML, like Gecko) Version/4.0 Chrome/68.0.3440.91 Mobile Safari/537.36android_wondercv_app&android_app_version=2.2.0" -
117.136.67.59 - - [26/Apr/2019:23:59:22 +0800]  "GET /verbs?type=%E4%B8%AA%E4%BA%BA%E6%88%90%E5%B0%B1&display=%E4%B8%AD%E6%96%87& HTTP/1.1" 200 396 "https://www.wondercv.com/zh-CN/cvs/ESmMAJY/orgs?client=ios" "Mozilla/5.0 (iPhone; CPU iPhone OS 12_1_2 like Mac OS X) AppleWebKit/605.1.15 (KHTML, like Gecko) Mobile/16C101/wondercv_ios/app_version=2.3.1" HIT
117.136.67.59 - - [26/Apr/2019:23:59:22 +0800]  "GET /verbs?type=%E4%B8%AA%E4%BA%BA%E6%88%90%E5%B0%B1&display=%E4%B8%AD%E6%96%87& HTTP/1.1" 200 396 "https://www.wondercv.com/zh-CN/cvs/ESmMAJY/orgs?client=ios" "Mozilla/5.0 (iPhone; CPU iPhone OS 12_1_2 like Mac OS X) AppleWebKit/605.1.15 (KHTML, like Gecko) Mobile/16C101/wondercv_ios/app_version=2.3.1" HIT
113.77.86.238 - - [26/Apr/2019:23:59:22 +0800]  "GET /zh-CN/cover_letters?client=ios HTTP/1.1" 200 8904 "https://www.wondercv.com/zh-CN/cvs?client=ios" "Mozilla/5.0 (iPhone; CPU iPhone OS 12_2 like Mac OS X) AppleWebKit/605.1.15 (KHTML, like Gecko) Mobile/15E148" -
123.114.98.242 - - [26/Apr/2019:23:59:22 +0800]  "GET /universities.json?term=%E9%9F%A9%E5%9B%BD%E5%BB%BA%E5%9B%BD%E5%A4%A7%E5%AD%A6(%EA%B1%B4%EA%B5%AD%EB%8C%80 HTTP/1.1" 200 33 "https://www.wondercv.com/zh-CN/cvs/b_2Y8zE/edus" "Mozilla/5.0 (Macintosh; Intel Mac OS X 10_14_4) AppleWebKit/605.1.15 (KHTML, like Gecko) Version/12.1 Safari/605.1.15" -
126.247.213.123 - - [26/Apr/2019:23:59:22 +0800]  "GET /verbs?type=%E4%B8%AA%E4%BA%BA%E6%88%90%E5%B0%B1&display=%E4%B8%AD%E6%96%87&_=1556294350239 HTTP/1.1" 301 194 "https://www.wondercv.com/zh-CN/cvs/DPoQ86A/custom_sections/2072858/edit?client=&client=ios" "Mozilla/5.0 (iPhone; CPU iPhone OS 12_1_4 like Mac OS X) AppleWebKit/605.1.15 (KHTML, like Gecko) Mobile/16D57/wondercv_ios/app_version=2.3.1" -
113.77.86.238 - - [26/Apr/2019:23:59:22 +0800]  "GET /assets/application-d90fe7c6e241e748d4b67f1ca4996de0e21a87f62b4bfd7de471ba2896fa9930.css HTTP/1.1" 302 170 "https://www.wondercv.com/zh-CN/cover_letters?client=ios" "Mozilla/5.0 (iPhone; CPU iPhone OS 12_2 like Mac OS X) AppleWebKit/605.1.15 (KHTML, like Gecko) Mobile/15E148" -
113.77.86.238 - - [26/Apr/2019:23:59:22 +0800]  "GET /assets/application-3e5f44e19e50027709573ede0932e044413fda22d1cf07a0cbd1d3284c17dd64.js HTTP/1.1" 302 170 "https://www.wondercv.com/zh-CN/cover_letters?client=ios" "Mozilla/5.0 (iPhone; CPU iPhone OS 12_2 like Mac OS X) AppleWebKit/605.1.15 (KHTML, like Gecko) Mobile/15E148" -
58.253.69.253 - - [26/Apr/2019:23:59:22 +0800]  "GET /cities.json?term=shen%27z HTTP/1.1" 304 0 "https://www.wondercv.com/zh-CN/cvs/sDMwxn8/editor" "Mozilla/5.0 (Windows NT 10.0; WOW64) AppleWebKit/537.36 (KHTML, like Gecko) Chrome/70.0.3538.25 Safari/537.36 Core/1.70.3650.400 QQBrowser/10.4.3341.400" -
124.72.119.33 - - [26/Apr/2019:23:59:22 +0800]  "GET /zh-CN/cvs/6cLXjHs/editor?client=ios HTTP/1.1" 200 37547 "-" "Mozilla/5.0 (iPhone; CPU iPhone OS 12_1_2 like Mac OS X) AppleWebKit/605.1.15 (KHTML, like Gecko) Mobile/16C101/wondercv_ios/app_version=2.3.1" -
126.247.213.123 - - [26/Apr/2019:23:59:22 +0800]  "GET /verbs?type=%E4%B8%AA%E4%BA%BA%E6%88%90%E5%B0%B1&display=%E4%B8%AD%E6%96%87&_=1556294350240 HTTP/1.1" 301 194 "https://www.wondercv.com/zh-CN/cvs/DPoQ86A/custom_sections/2072858/edit?client=&client=ios" "Mozilla/5.0 (iPhone; CPU iPhone OS 12_1_4 like Mac OS X) AppleWebKit/605.1.15 (KHTML, like Gecko) Mobile/16D57/wondercv_ios/app_version=2.3.1" -
36.23.99.215 - - [26/Apr/2019:23:59:22 +0800]  "GET /zh-CN/cvs/SCKBMcM/editor HTTP/1.1" 200 35789 "https://www.wondercv.com/zh-CN/cvs/SCKBMcM/custom_sections/2073647/edit" "Mozilla/5.0 (Linux; Android 6.0.1; vivo Y53 Build/MMB29M; wv) AppleWebKit/537.36 (KHTML, like Gecko) Version/4.0 Chrome/67.0.3396.87 XWEB/673 MMWEBSDK/180801 Mobile Safari/537.36 MicroMessenger/6.7.3.1360(0x26070333) NetType/4G Language/zh_CN Process/appbrand2 MicroMessenger/6.7.3.1360(0x26070333) NetType/4G Language/zh_CN Process/appbrand2 miniProgram" -
124.72.119.33 - - [26/Apr/2019:23:59:22 +0800]  "GET /assets/application-3e5f44e19e50027709573ede0932e044413fda22d1cf07a0cbd1d3284c17dd64.js HTTP/1.1" 302 170 "https://www.wondercv.com/zh-CN/cvs/6cLXjHs/editor?client=ios" "Mozilla/5.0 (iPhone; CPU iPhone OS 12_1_2 like Mac OS X) AppleWebKit/605.1.15 (KHTML, like Gecko) Mobile/16C101/wondercv_ios/app_version=2.3.1" -
180.160.193.194 - - [26/Apr/2019:23:59:22 +0800]  "POST /zh-CN/signin/scan/check HTTP/1.1" 200 50 "https://www.wondercv.com/zh-CN/signin?type=login" "Mozilla/5.0 (Macintosh; Intel Mac OS X 10_14_3) AppleWebKit/537.36 (KHTML, like Gecko) Chrome/73.0.3683.103 Safari/537.36" -
36.23.99.215 - - [26/Apr/2019:23:59:22 +0800]  "POST /zh-CN/signin/scan/check HTTP/1.1" 200 50 "https://www.wondercv.com/?_c=baidu&_p=pcczc&_k=0610" "Mozilla/5.0 (Windows NT 10.0; Win64; x64) AppleWebKit/537.36 (KHTML, like Gecko) Chrome/64.0.3282.140 Safari/537.36 Edge/17.17134" -
124.72.119.33 - - [26/Apr/2019:23:59:22 +0800]  "GET /assets/v2_editor-e4c4559fc59e507247da12660e9b49b26acd0a19acda784480ccb898626a3916.css HTTP/1.1" 302 170 "https://www.wondercv.com/zh-CN/cvs/6cLXjHs/editor?client=ios" "Mozilla/5.0 (iPhone; CPU iPhone OS 12_1_2 like Mac OS X) AppleWebKit/605.1.15 (KHTML, like Gecko) Mobile/16C101/wondercv_ios/app_version=2.3.1" -
14.20.88.188 - - [26/Apr/2019:23:59:22 +0800]  "POST /zh-CN/cvs/dNZ98oQ/profiles HTTP/1.1" 200 83 "https://www.wondercv.com/zh-CN/cvs/dNZ98oQ/profiles?client=android" "Mozilla/5.0 (Linux; Android 7.1.2; vivo Y79A Build/N2G47H; wv) AppleWebKit/537.36 (KHTML, like Gecko) Version/4.0 Chrome/55.0.2883.91 Mobile Safari/537.36android_wondercv_app&android_app_version=2.2.0" -
183.3.185.14 - - [26/Apr/2019:23:59:23 +0800]  "POST /verify_tokens?locale=zh-CN HTTP/1.1" 200 5 "https://www.wondercv.com/zh-CN/signin?type=login" "Mozilla/5.0 (iPhone; CPU iPhone OS 6_0 like Mac OS X) AppleWebKit/536.26 (KHTML, like Gecko) Version/6.0 Mobile/10A5376e Safari/8536.25" -
123.114.98.242 - - [26/Apr/2019:23:59:23 +0800]  "GET /universities.json?term=%E9%9F%A9%E5%9B%BD%E5%BB%BA%E5%9B%BD%E5%A4%A7%E5%AD%A6(%EA%B1%B4%EA%B5%AD%EB%8C%80%ED%95%99 HTTP/1.1" 200 33 "https://www.wondercv.com/zh-CN/cvs/b_2Y8zE/edus" "Mozilla/5.0 (Macintosh; Intel Mac OS X 10_14_4) AppleWebKit/605.1.15 (KHTML, like Gecko) Version/12.1 Safari/605.1.15" -
126.247.213.123 - - [26/Apr/2019:23:59:23 +0800]  "GET /verbs?type=%E4%B8%AA%E4%BA%BA%E6%88%90%E5%B0%B1&display=%E4%B8%AD%E6%96%87& HTTP/1.1" 200 396 "https://www.wondercv.com/zh-CN/cvs/DPoQ86A/works?client=ios" "Mozilla/5.0 (iPhone; CPU iPhone OS 12_1_4 like Mac OS X) AppleWebKit/605.1.15 (KHTML, like Gecko) Mobile/16D57/wondercv_ios/app_version=2.3.1" HIT
117.136.29.181 - - [26/Apr/2019:23:59:23 +0800]  "GET /assets/application-d90fe7c6e241e748d4b67f1ca4996de0e21a87f62b4bfd7de471ba2896fa9930.css HTTP/1.1" 302 170 "https://www.wondercv.com/zh-CN/recruit_infos?client=android" "Mozilla/5.0 (Linux; Android 8.0.0; LDN-AL20 Build/HUAWEILDN-AL20; wv) AppleWebKit/537.36 (KHTML, like Gecko) Version/4.0 Chrome/68.0.3440.91 Mobile Safari/537.36android_wondercv_app&android_app_version=2.2.0" -
58.253.69.253 - - [26/Apr/2019:23:59:23 +0800]  "GET /cities.json?term=%E6%B7%B1%E5%9C%B3 HTTP/1.1" 200 41 "https://www.wondercv.com/zh-CN/cvs/sDMwxn8/editor" "Mozilla/5.0 (Windows NT 10.0; WOW64) AppleWebKit/537.36 (KHTML, like Gecko) Chrome/70.0.3538.25 Safari/537.36 Core/1.70.3650.400 QQBrowser/10.4.3341.400" -
14.20.88.188 - - [26/Apr/2019:23:59:23 +0800]  "GET /zh-CN/cvs/dNZ98oQ/works?client=android HTTP/1.1" 200 20941 "-" "Mozilla/5.0 (Linux; Android 7.1.2; vivo Y79A Build/N2G47H; wv) AppleWebKit/537.36 (KHTML, like Gecko) Version/4.0 Chrome/55.0.2883.91 Mobile Safari/537.36android_wondercv_app&android_app_version=2.2.0" -
36.23.99.215 - - [26/Apr/2019:23:59:23 +0800]  "GET /assets/v2_editor-e4c4559fc59e507247da12660e9b49b26acd0a19acda784480ccb898626a3916.css HTTP/1.1" 302 170 "https://www.wondercv.com/zh-CN/cvs/SCKBMcM/editor" "Mozilla/5.0 (Linux; Android 6.0.1; vivo Y53 Build/MMB29M; wv) AppleWebKit/537.36 (KHTML, like Gecko) Version/4.0 Chrome/67.0.3396.87 XWEB/673 MMWEBSDK/180801 Mobile Safari/537.36 MicroMessenger/6.7.3.1360(0x26070333) NetType/4G Language/zh_CN Process/appbrand2 MicroMessenger/6.7.3.1360(0x26070333) NetType/4G Language/zh_CN Process/appbrand2 miniProgram" -
183.63.97.158 - - [26/Apr/2019:23:59:23 +0800]  "POST /zh-CN/signin/scan/check HTTP/1.1" 200 50 "https://www.wondercv.com/zh-CN/cvs?utm_campaign=%E7%9F%A5%E4%B9%8E&utm_medium=%E7%9F%A5%E4%B9%8E%E6%96%87%E7%AB%A0&utm_source=%E7%9F%A5%E4%B9%8E%E5%B9%BF%E5%91%8A%E5%B9%B3%E5%8F%B0&gio_link_id=DPW61LRn" "Mozilla/5.0 (Windows NT 10.0; WOW64) AppleWebKit/537.36 (KHTML, like Gecko) Chrome/70.0.3538.25 Safari/537.36" -
218.17.40.45 - - [26/Apr/2019:23:59:23 +0800]  "GET /zh-CN/blog/ufhs0dyv HTTP/1.1" 200 15492 "https://www.wondercv.com/zh-CN/blog/zja9oaxr" "Mozilla/5.0 (Windows NT 10.0; WOW64) AppleWebKit/537.36 (KHTML, like Gecko) Chrome/58.0.3029.110 Safari/537.36 SE 2.X MetaSr 1.0" -
218.17.40.45 - - [26/Apr/2019:23:59:23 +0800]  "GET /assets/blog-978d41954a61b1d5735bef3df6a293e08c786cc65722e465e5d051490b379ece.css HTTP/1.1" 302 170 "https://www.wondercv.com/zh-CN/blog/ufhs0dyv" "Mozilla/5.0 (Windows NT 10.0; WOW64) AppleWebKit/537.36 (KHTML, like Gecko) Chrome/58.0.3029.110 Safari/537.36 SE 2.X MetaSr 1.0" -
117.136.36.247 - - [26/Apr/2019:23:59:23 +0800]  "POST /zh-CN/cvs/f424QBE/update_other HTTP/1.1" 200 85 "https://www.wondercv.com/zh-CN/cvs/f424QBE/other" "Mozilla/5.0 (Linux; Android 8.0.0; MI 6 Build/OPR1.170623.027; wv) AppleWebKit/537.36 (KHTML, like Gecko) Version/4.0 Chrome/67.0.3396.87 XWEB/673 MMWEBSDK/21 Mobile Safari/537.36 MicroMessenger/6.7.1321(0x26070030) NetType/4G Language/zh_CN MicroMessenger/6.7.1321(0x26070030) NetType/4G Language/zh_CN miniProgram" -
14.20.88.188 - - [26/Apr/2019:23:59:23 +0800]  "GET /assets/v2_guide-d8dbaf07292bd37b5b2d333e27c3af26d2d2643bc9366b80314d0ef0f5729b60.css HTTP/1.1" 302 170 "https://www.wondercv.com/zh-CN/cvs/dNZ98oQ/works?client=android" "Mozilla/5.0 (Linux; Android 7.1.2; vivo Y79A Build/N2G47H; wv) AppleWebKit/537.36 (KHTML, like Gecko) Version/4.0 Chrome/55.0.2883.91 Mobile Safari/537.36android_wondercv_app&android_app_version=2.2.0" -
123.114.98.242 - - [26/Apr/2019:23:59:23 +0800]  "GET /universities.json?term=%E9%9F%A9%E5%9B%BD%E5%BB%BA%E5%9B%BD%E5%A4%A7%E5%AD%A6(%EA%B1%B4%EA%B5%AD%EB%8C%80%ED%95%99%EA%B5%90 HTTP/1.1" 200 33 "https://www.wondercv.com/zh-CN/cvs/b_2Y8zE/edus" "Mozilla/5.0 (Macintosh; Intel Mac OS X 10_14_4) AppleWebKit/605.1.15 (KHTML, like Gecko) Version/12.1 Safari/605.1.15" -
218.17.40.45 - - [26/Apr/2019:23:59:23 +0800]  "GET /assets/blog-ff0abc9c435f5528d1760c71809e79b3faf6dcbb856815379aa106bebf8b26c6.js HTTP/1.1" 302 170 "https://www.wondercv.com/zh-CN/blog/ufhs0dyv" "Mozilla/5.0 (Windows NT 10.0; WOW64) AppleWebKit/537.36 (KHTML, like Gecko) Chrome/58.0.3029.110 Safari/537.36 SE 2.X MetaSr 1.0" -
14.20.88.188 - - [26/Apr/2019:23:59:23 +0800]  "GET /assets/application-3e5f44e19e50027709573ede0932e044413fda22d1cf07a0cbd1d3284c17dd64.js HTTP/1.1" 302 170 "https://www.wondercv.com/zh-CN/cvs/dNZ98oQ/works?client=android" "Mozilla/5.0 (Linux; Android 7.1.2; vivo Y79A Build/N2G47H; wv) AppleWebKit/537.36 (KHTML, like Gecko) Version/4.0 Chrome/55.0.2883.91 Mobile Safari/537.36android_wondercv_app&android_app_version=2.2.0" -
124.72.119.33 - - [26/Apr/2019:23:59:24 +0800]  "POST /zh-CN/account/users/154082/wx_personal_qr HTTP/1.1" 200 86 "https://www.wondercv.com/zh-CN/cvs/6cLXjHs/editor?client=ios" "Mozilla/5.0 (iPhone; CPU iPhone OS 12_1_2 like Mac OS X) AppleWebKit/605.1.15 (KHTML, like Gecko) Mobile/16C101/wondercv_ios/app_version=2.3.1" -
111.164.173.188 - - [26/Apr/2019:23:59:24 +0800]  "GET /zh-CN/comp_recruit_infos/1909 HTTP/1.1" 200 14387 "https://www.wondercv.com/zh-CN/campus_recruiting/user_show" "Mozilla/5.0 (Windows NT 10.0; Win64; x64) AppleWebKit/537.36 (KHTML, like Gecko) Chrome/73.0.3683.103 Safari/537.36" -
111.164.173.188 - - [26/Apr/2019:23:59:24 +0800]  "GET /assets/application-d90fe7c6e241e748d4b67f1ca4996de0e21a87f62b4bfd7de471ba2896fa9930.css HTTP/1.1" 302 170 "https://www.wondercv.com/zh-CN/comp_recruit_infos/1909" "Mozilla/5.0 (Windows NT 10.0; Win64; x64) AppleWebKit/537.36 (KHTML, like Gecko) Chrome/73.0.3683.103 Safari/537.36" -
126.247.213.123 - - [26/Apr/2019:23:59:24 +0800]  "POST /zh-CN/account/users/390047/wx_personal_qr HTTP/1.1" 422 0 "https://www.wondercv.com/zh-CN/cvs/DPoQ86A/editor?client=ios" "Mozilla/5.0 (iPhone; CPU iPhone OS 12_1_4 like Mac OS X) AppleWebKit/605.1.15 (KHTML, like Gecko) Mobile/16D57/wondercv_ios/app_version=2.3.1" -
111.164.173.188 - - [26/Apr/2019:23:59:24 +0800]  "GET /assets/application-3e5f44e19e50027709573ede0932e044413fda22d1cf07a0cbd1d3284c17dd64.js HTTP/1.1" 302 170 "https://www.wondercv.com/zh-CN/comp_recruit_infos/1909" "Mozilla/5.0 (Windows NT 10.0; Win64; x64) AppleWebKit/537.36 (KHTML, like Gecko) Chrome/73.0.3683.103 Safari/537.36" -
58.253.69.253 - - [26/Apr/2019:23:59:24 +0800]  "POST /zh-CN/cvs/1582771/works/2188196 HTTP/1.1" 200 169 "https://www.wondercv.com/zh-CN/cvs/sDMwxn8/editor" "Mozilla/5.0 (Windows NT 10.0; WOW64) AppleWebKit/537.36 (KHTML, like Gecko) Chrome/70.0.3538.25 Safari/537.36 Core/1.70.3650.400 QQBrowser/10.4.3341.400" -
113.77.86.238 - - [26/Apr/2019:23:59:24 +0800]  "GET /zh-CN/cover_letters?client=ios HTTP/1.1" 200 8903 "https://www.wondercv.com/zh-CN/cover_letters?client=ios" "Mozilla/5.0 (iPhone; CPU iPhone OS 12_2 like Mac OS X) AppleWebKit/605.1.15 (KHTML, like Gecko) Mobile/15E148" -
113.77.86.238 - - [26/Apr/2019:23:59:24 +0800]  "GET /assets/application-d90fe7c6e241e748d4b67f1ca4996de0e21a87f62b4bfd7de471ba2896fa9930.css HTTP/1.1" 302 170 "https://www.wondercv.com/zh-CN/cover_letters?client=ios" "Mozilla/5.0 (iPhone; CPU iPhone OS 12_2 like Mac OS X) AppleWebKit/605.1.15 (KHTML, like Gecko) Mobile/15E148" -
113.77.86.238 - - [26/Apr/2019:23:59:24 +0800]  "GET /assets/application-3e5f44e19e50027709573ede0932e044413fda22d1cf07a0cbd1d3284c17dd64.js HTTP/1.1" 302 170 "https://www.wondercv.com/zh-CN/cover_letters?client=ios" "Mozilla/5.0 (iPhone; CPU iPhone OS 12_2 like Mac OS X) AppleWebKit/605.1.15 (KHTML, like Gecko) Mobile/15E148" -
220.115.159.2 - - [26/Apr/2019:23:59:24 +0800]  "GET /zh-CN/blog HTTP/1.1" 200 15336 "https://www.wondercv.com/zh-CN/in_recruit_infos/my_in_infos?get_info=success&page=5" "Mozilla/5.0 (Macintosh; Intel Mac OS X 10_11_6) AppleWebKit/605.1.15 (KHTML, like Gecko) Version/11.1.2 Safari/605.1.15" -
52.210.211.94 - - [26/Apr/2019:23:59:24 +0800]  "POST /email/sent_event/update.json HTTP/1.1" 200 84 "-" "Python-urllib/3.6" -
117.136.36.247 - - [26/Apr/2019:23:59:24 +0800]  "GET /zh-CN/cvs/f424QBE/editor HTTP/1.1" 200 34095 "https://www.wondercv.com/zh-CN/cvs/f424QBE/other" "Mozilla/5.0 (Linux; Android 8.0.0; MI 6 Build/OPR1.170623.027; wv) AppleWebKit/537.36 (KHTML, like Gecko) Version/4.0 Chrome/67.0.3396.87 XWEB/673 MMWEBSDK/21 Mobile Safari/537.36 MicroMessenger/6.7.1321(0x26070030) NetType/4G Language/zh_CN MicroMessenger/6.7.1321(0x26070030) NetType/4G Language/zh_CN miniProgram" -
36.23.99.215 - - [26/Apr/2019:23:59:24 +0800]  "POST /zh-CN/signin/scan/check HTTP/1.1" 200 50 "https://www.wondercv.com/?_c=baidu&_p=pcczc&_k=0610" "Mozilla/5.0 (Windows NT 10.0; Win64; x64) AppleWebKit/537.36 (KHTML, like Gecko) Chrome/64.0.3282.140 Safari/537.36 Edge/17.17134" -
180.160.193.194 - - [26/Apr/2019:23:59:24 +0800]  "POST /zh-CN/signin/scan/check HTTP/1.1" 200 50 "https://www.wondercv.com/zh-CN/signin?type=login" "Mozilla/5.0 (Macintosh; Intel Mac OS X 10_14_3) AppleWebKit/537.36 (KHTML, like Gecko) Chrome/73.0.3683.103 Safari/537.36" -
220.115.159.2 - - [26/Apr/2019:23:59:24 +0800]  "GET /assets/blog-978d41954a61b1d5735bef3df6a293e08c786cc65722e465e5d051490b379ece.css HTTP/1.1" 302 170 "https://www.wondercv.com/zh-CN/blog" "Mozilla/5.0 (Macintosh; Intel Mac OS X 10_11_6) AppleWebKit/605.1.15 (KHTML, like Gecko) Version/11.1.2 Safari/605.1.15" -
220.115.159.2 - - [26/Apr/2019:23:59:25 +0800]  "GET /assets/blog-ff0abc9c435f5528d1760c71809e79b3faf6dcbb856815379aa106bebf8b26c6.js HTTP/1.1" 302 170 "https://www.wondercv.com/zh-CN/blog" "Mozilla/5.0 (Macintosh; Intel Mac OS X 10_11_6) AppleWebKit/605.1.15 (KHTML, like Gecko) Version/11.1.2 Safari/605.1.15" -
117.136.36.247 - - [26/Apr/2019:23:59:25 +0800]  "GET /assets/v2_editor-e4c4559fc59e507247da12660e9b49b26acd0a19acda784480ccb898626a3916.css HTTP/1.1" 302 170 "https://www.wondercv.com/zh-CN/cvs/f424QBE/editor" "Mozilla/5.0 (Linux; Android 8.0.0; MI 6 Build/OPR1.170623.027; wv) AppleWebKit/537.36 (KHTML, like Gecko) Version/4.0 Chrome/67.0.3396.87 XWEB/673 MMWEBSDK/21 Mobile Safari/537.36 MicroMessenger/6.7.1321(0x26070030) NetType/4G Language/zh_CN MicroMessenger/6.7.1321(0x26070030) NetType/4G Language/zh_CN miniProgram" -
117.136.36.247 - - [26/Apr/2019:23:59:25 +0800]  "GET /assets/application-3e5f44e19e50027709573ede0932e044413fda22d1cf07a0cbd1d3284c17dd64.js HTTP/1.1" 302 170 "https://www.wondercv.com/zh-CN/cvs/f424QBE/editor" "Mozilla/5.0 (Linux; Android 8.0.0; MI 6 Build/OPR1.170623.027; wv) AppleWebKit/537.36 (KHTML, like Gecko) Version/4.0 Chrome/67.0.3396.87 XWEB/673 MMWEBSDK/21 Mobile Safari/537.36 MicroMessenger/6.7.1321(0x26070030) NetType/4G Language/zh_CN MicroMessenger/6.7.1321(0x26070030) NetType/4G Language/zh_CN miniProgram" -
123.114.98.242 - - [26/Apr/2019:23:59:25 +0800]  "GET /universities.json?term=%E9%9F%A9%E5%9B%BD%E5%BB%BA%E5%9B%BD%E5%A4%A7%E5%AD%A6(%EA%B1%B4%EA%B5%AD%EB%8C%80%ED%95%99%EA%B5%90) HTTP/1.1" 200 33 "https://www.wondercv.com/zh-CN/cvs/b_2Y8zE/edus" "Mozilla/5.0 (Macintosh; Intel Mac OS X 10_14_4) AppleWebKit/605.1.15 (KHTML, like Gecko) Version/12.1 Safari/605.1.15" -
223.104.27.91 - - [26/Apr/2019:23:59:25 +0800]  "GET /professions/intention_search?utf8=%E2%9C%93&name=%E5%B9%BC%E5%B8%88 HTTP/1.1" 200 247 "https://www.wondercv.com/zh-CN/template_matches/new" "Mozilla/5.0 (Linux; Android 8.1.0; vivo X21i A Build/O11019; wv) AppleWebKit/537.36 (KHTML, like Gecko) Version/4.0 Chrome/67.0.3396.87 XWEB/673 MMWEBSDK/190301 Mobile Safari/537.36 MMWEBID/2275 MicroMessenger/7.0.4.1420(0x27000439) Process/appbrand0 NetType/4G Language/zh_CN miniProgram" -
223.212.36.235 - - [26/Apr/2019:23:59:25 +0800]  "GET /zh-CN/cvs?client=ios HTTP/1.1" 200 20611 "-" "Mozilla/5.0 (iPhone; CPU iPhone OS 12_2 like Mac OS X) AppleWebKit/605.1.15 (KHTML, like Gecko) Mobile/15E148/iphonex_series/wondercv_ios/app_version=2.3.1" -
115.198.188.119 - - [26/Apr/2019:23:59:25 +0800]  "POST /zh-CN/cvs/hcGTYaU/profiles HTTP/1.1" 200 83 "https://www.wondercv.com/zh-CN/cvs/hcGTYaU/profiles?client=android" "Mozilla/5.0 (Linux; Android 9; BLA-AL00 Build/HUAWEIBLA-AL00; wv) AppleWebKit/537.36 (KHTML, like Gecko) Version/4.0 Chrome/71.0.3578.99 Mobile Safari/537.36android_wondercv_app&android_app_version=2.2.0" -
223.212.36.235 - - [26/Apr/2019:23:59:25 +0800]  "GET /assets/application-d90fe7c6e241e748d4b67f1ca4996de0e21a87f62b4bfd7de471ba2896fa9930.css HTTP/1.1" 302 170 "https://www.wondercv.com/zh-CN/cvs?client=ios" "Mozilla/5.0 (iPhone; CPU iPhone OS 12_2 like Mac OS X) AppleWebKit/605.1.15 (KHTML, like Gecko) Mobile/15E148/iphonex_series/wondercv_ios/app_version=2.3.1" -
113.77.86.238 - - [26/Apr/2019:23:59:25 +0800]  "GET /zh-CN/cvs?client=ios HTTP/1.1" 200 10143 "https://www.wondercv.com/zh-CN/cover_letters?client=ios" "Mozilla/5.0 (iPhone; CPU iPhone OS 12_2 like Mac OS X) AppleWebKit/605.1.15 (KHTML, like Gecko) Mobile/15E148" -
113.77.86.238 - - [26/Apr/2019:23:59:25 +0800]  "GET /assets/application-d90fe7c6e241e748d4b67f1ca4996de0e21a87f62b4bfd7de471ba2896fa9930.css HTTP/1.1" 302 170 "https://www.wondercv.com/zh-CN/cvs?client=ios" "Mozilla/5.0 (iPhone; CPU iPhone OS 12_2 like Mac OS X) AppleWebKit/605.1.15 (KHTML, like Gecko) Mobile/15E148" -
113.77.86.238 - - [26/Apr/2019:23:59:25 +0800]  "GET /assets/application-3e5f44e19e50027709573ede0932e044413fda22d1cf07a0cbd1d3284c17dd64.js HTTP/1.1" 302 170 "https://www.wondercv.com/zh-CN/cvs?client=ios" "Mozilla/5.0 (iPhone; CPU iPhone OS 12_2 like Mac OS X) AppleWebKit/605.1.15 (KHTML, like Gecko) Mobile/15E148" -
183.63.97.158 - - [26/Apr/2019:23:59:25 +0800]  "POST /zh-CN/signin/scan/check HTTP/1.1" 200 50 "https://www.wondercv.com/zh-CN/cvs?utm_campaign=%E7%9F%A5%E4%B9%8E&utm_medium=%E7%9F%A5%E4%B9%8E%E6%96%87%E7%AB%A0&utm_source=%E7%9F%A5%E4%B9%8E%E5%B9%BF%E5%91%8A%E5%B9%B3%E5%8F%B0&gio_link_id=DPW61LRn" "Mozilla/5.0 (Windows NT 10.0; WOW64) AppleWebKit/537.36 (KHTML, like Gecko) Chrome/70.0.3538.25 Safari/537.36" -
223.212.36.235 - - [26/Apr/2019:23:59:25 +0800]  "GET /assets/application-3e5f44e19e50027709573ede0932e044413fda22d1cf07a0cbd1d3284c17dd64.js HTTP/1.1" 302 170 "https://www.wondercv.com/zh-CN/cvs?client=ios" "Mozilla/5.0 (iPhone; CPU iPhone OS 12_2 like Mac OS X) AppleWebKit/605.1.15 (KHTML, like Gecko) Mobile/15E148/iphonex_series/wondercv_ios/app_version=2.3.1" -
106.121.144.209 - - [26/Apr/2019:23:59:25 +0800]  "GET /zh-CN/email/conversations/688010?folder=sent HTTP/1.1" 200 9755 "https://www.wondercv.com/zh-CN/emails/my/sent" "Mozilla/5.0 (Linux; Android 8.0.0; MIX 2 Build/OPR1.170623.027; wv) AppleWebKit/537.36 (KHTML, like Gecko) Version/4.0 Chrome/67.0.3396.87 XWEB/775 MMWEBSDK/190301 Mobile Safari/537.36 MMWEBID/137 MicroMessenger/7.0.4.1420(0x27000437) Process/appbrand0 NetType/4G Language/zh_CN miniProgram" -
114.221.190.31 - - [26/Apr/2019:23:59:25 +0800]  "GET /zh-CN/cvs HTTP/1.1" 200 22261 "https://www.wondercv.com/zh-CN/cvs" "Mozilla/5.0 (Windows NT 10.0; WOW64; Trident/7.0; rv:11.0) like Gecko" -
36.23.99.215 - - [26/Apr/2019:23:59:25 +0800]  "GET /assets/tinymce/langs/zh_CN.js HTTP/1.1" 200 7897 "https://www.wondercv.com/zh-CN/cvs/SCKBMcM/editor" "Mozilla/5.0 (Linux; Android 6.0.1; vivo Y53 Build/MMB29M; wv) AppleWebKit/537.36 (KHTML, like Gecko) Version/4.0 Chrome/67.0.3396.87 XWEB/673 MMWEBSDK/180801 Mobile Safari/537.36 MicroMessenger/6.7.3.1360(0x26070333) NetType/4G Language/zh_CN Process/appbrand2 MicroMessenger/6.7.3.1360(0x26070333) NetType/4G Language/zh_CN Process/appbrand2 miniProgram" -
36.23.99.215 - - [26/Apr/2019:23:59:25 +0800]  "GET /assets/tinymce/themes/modern/theme.js HTTP/1.1" 200 13069 "https://www.wondercv.com/zh-CN/cvs/SCKBMcM/editor" "Mozilla/5.0 (Linux; Android 6.0.1; vivo Y53 Build/MMB29M; wv) AppleWebKit/537.36 (KHTML, like Gecko) Version/4.0 Chrome/67.0.3396.87 XWEB/673 MMWEBSDK/180801 Mobile Safari/537.36 MicroMessenger/6.7.3.1360(0x26070333) NetType/4G Language/zh_CN Process/appbrand2 MicroMessenger/6.7.3.1360(0x26070333) NetType/4G Language/zh_CN Process/appbrand2 miniProgram" -
36.23.99.215 - - [26/Apr/2019:23:59:25 +0800]  "POST /zh-CN/account/users/1407543/wx_personal_qr HTTP/1.1" 200 86 "https://www.wondercv.com/zh-CN/cvs/SCKBMcM/editor" "Mozilla/5.0 (Linux; Android 6.0.1; vivo Y53 Build/MMB29M; wv) AppleWebKit/537.36 (KHTML, like Gecko) Version/4.0 Chrome/67.0.3396.87 XWEB/673 MMWEBSDK/180801 Mobile Safari/537.36 MicroMessenger/6.7.3.1360(0x26070333) NetType/4G Language/zh_CN Process/appbrand2 MicroMessenger/6.7.3.1360(0x26070333) NetType/4G Language/zh_CN Process/appbrand2 miniProgram" -
36.23.99.215 - - [26/Apr/2019:23:59:25 +0800]  "GET /assets/tinymce/plugins/autolink/plugin.js HTTP/1.1" 200 2058 "https://www.wondercv.com/zh-CN/cvs/SCKBMcM/editor" "Mozilla/5.0 (Linux; Android 6.0.1; vivo Y53 Build/MMB29M; wv) AppleWebKit/537.36 (KHTML, like Gecko) Version/4.0 Chrome/67.0.3396.87 XWEB/673 MMWEBSDK/180801 Mobile Safari/537.36 MicroMessenger/6.7.3.1360(0x26070333) NetType/4G Language/zh_CN Process/appbrand2 MicroMessenger/6.7.3.1360(0x26070333) NetType/4G Language/zh_CN Process/appbrand2 miniProgram" -
36.23.99.215 - - [26/Apr/2019:23:59:25 +0800]  "GET /assets/tinymce/plugins/link/plugin.js HTTP/1.1" 200 6990 "https://www.wondercv.com/zh-CN/cvs/SCKBMcM/editor" "Mozilla/5.0 (Linux; Android 6.0.1; vivo Y53 Build/MMB29M; wv) AppleWebKit/537.36 (KHTML, like Gecko) Version/4.0 Chrome/67.0.3396.87 XWEB/673 MMWEBSDK/180801 Mobile Safari/537.36 MicroMessenger/6.7.3.1360(0x26070333) NetType/4G Language/zh_CN Process/appbrand2 MicroMessenger/6.7.3.1360(0x26070333) NetType/4G Language/zh_CN Process/appbrand2 miniProgram" -
36.23.99.215 - - [26/Apr/2019:23:59:25 +0800]  "GET /assets/tinymce/plugins/lists/plugin.js HTTP/1.1" 200 14483 "https://www.wondercv.com/zh-CN/cvs/SCKBMcM/editor" "Mozilla/5.0 (Linux; Android 6.0.1; vivo Y53 Build/MMB29M; wv) AppleWebKit/537.36 (KHTML, like Gecko) Version/4.0 Chrome/67.0.3396.87 XWEB/673 MMWEBSDK/180801 Mobile Safari/537.36 MicroMessenger/6.7.3.1360(0x26070333) NetType/4G Language/zh_CN Process/appbrand2 MicroMessenger/6.7.3.1360(0x26070333) NetType/4G Language/zh_CN Process/appbrand2 miniProgram" -
58.62.42.11 - - [26/Apr/2019:23:59:25 +0800]  "GET /example_entries?locale=zh-CN&lang=cn&tag=%E6%B4%BB%E5%8A%A8&example_type=%E5%85%B6%E4%BB%96&_=1556294267532 HTTP/1.1" 301 194 "https://www.wondercv.com/zh-CN/cvs/bLIq__c/other?client=ios" "Mozilla/5.0 (iPhone; CPU iPhone OS 12_2 like Mac OS X) AppleWebKit/605.1.15 (KHTML, like Gecko) Mobile/15E148/wondercv_ios/app_version=2.3.1" -
126.247.213.123 - - [26/Apr/2019:23:59:25 +0800]  "GET /verbs?type=%E4%B8%AA%E4%BA%BA%E6%88%90%E5%B0%B1&display=%E4%B8%AD%E6%96%87& HTTP/1.1" 200 396 "https://www.wondercv.com/zh-CN/cvs/DPoQ86A/custom_sections/2072858/edit?client=&client=ios" "Mozilla/5.0 (iPhone; CPU iPhone OS 12_1_4 like Mac OS X) AppleWebKit/605.1.15 (KHTML, like Gecko) Mobile/16D57/wondercv_ios/app_version=2.3.1" HIT
114.221.190.31 - - [26/Apr/2019:23:59:25 +0800]  "GET /assets/application-d90fe7c6e241e748d4b67f1ca4996de0e21a87f62b4bfd7de471ba2896fa9930.css HTTP/1.1" 302 170 "https://www.wondercv.com/zh-CN/cvs" "Mozilla/5.0 (Windows NT 10.0; WOW64; Trident/7.0; rv:11.0) like Gecko" -
36.23.99.215 - - [26/Apr/2019:23:59:25 +0800]  "GET /assets/tinymce/plugins/paste/plugin.js HTTP/1.1" 200 17750 "https://www.wondercv.com/zh-CN/cvs/SCKBMcM/editor" "Mozilla/5.0 (Linux; Android 6.0.1; vivo Y53 Build/MMB29M; wv) AppleWebKit/537.36 (KHTML, like Gecko) Version/4.0 Chrome/67.0.3396.87 XWEB/673 MMWEBSDK/180801 Mobile Safari/537.36 MicroMessenger/6.7.3.1360(0x26070333) NetType/4G Language/zh_CN Process/appbrand2 MicroMessenger/6.7.3.1360(0x26070333) NetType/4G Language/zh_CN Process/appbrand2 miniProgram" -
36.23.99.215 - - [26/Apr/2019:23:59:25 +0800]  "GET /assets/tinymce/plugins/table/plugin.js HTTP/1.1" 200 46897 "https://www.wondercv.com/zh-CN/cvs/SCKBMcM/editor" "Mozilla/5.0 (Linux; Android 6.0.1; vivo Y53 Build/MMB29M; wv) AppleWebKit/537.36 (KHTML, like Gecko) Version/4.0 Chrome/67.0.3396.87 XWEB/673 MMWEBSDK/180801 Mobile Safari/537.36 MicroMessenger/6.7.3.1360(0x26070333) NetType/4G Language/zh_CN Process/appbrand2 MicroMessenger/6.7.3.1360(0x26070333) NetType/4G Language/zh_CN Process/appbrand2 miniProgram" -
36.23.99.215 - - [26/Apr/2019:23:59:25 +0800]  "GET /assets/tinymce/plugins/autoresize/plugin.js HTTP/1.1" 200 1903 "https://www.wondercv.com/zh-CN/cvs/SCKBMcM/editor" "Mozilla/5.0 (Linux; Android 6.0.1; vivo Y53 Build/MMB29M; wv) AppleWebKit/537.36 (KHTML, like Gecko) Version/4.0 Chrome/67.0.3396.87 XWEB/673 MMWEBSDK/180801 Mobile Safari/537.36 MicroMessenger/6.7.3.1360(0x26070333) NetType/4G Language/zh_CN Process/appbrand2 MicroMessenger/6.7.3.1360(0x26070333) NetType/4G Language/zh_CN Process/appbrand2 miniProgram" -
61.185.224.242 - - [26/Apr/2019:23:59:25 +0800]  "POST /zh-CN/cvs/1417091/custom_sections/1859958/custom_section_infos/2561514 HTTP/1.1" 200 169 "https://www.wondercv.com/zh-CN/cvs/_uwbTq0/editor" "Mozilla/5.0 (Windows NT 10.0; WOW64) AppleWebKit/537.36 (KHTML, like Gecko) Chrome/73.0.3683.86 Safari/537.36" -
58.62.42.11 - - [26/Apr/2019:23:59:26 +0800]  "GET /example_entries?locale=zh-CN&lang=cn&tag=%E6%B4%BB%E5%8A%A8&example_type=%E5%85%B6%E4%BB%96& HTTP/1.1" 200 769 "https://www.wondercv.com/zh-CN/cvs/bLIq__c/other?client=ios" "Mozilla/5.0 (iPhone; CPU iPhone OS 12_2 like Mac OS X) AppleWebKit/605.1.15 (KHTML, like Gecko) Mobile/15E148/wondercv_ios/app_version=2.3.1" HIT
106.121.144.209 - - [26/Apr/2019:23:59:26 +0800]  "GET /assets/application-d90fe7c6e241e748d4b67f1ca4996de0e21a87f62b4bfd7de471ba2896fa9930.css HTTP/1.1" 302 170 "https://www.wondercv.com/zh-CN/email/conversations/688010?folder=sent" "Mozilla/5.0 (Linux; Android 8.0.0; MIX 2 Build/OPR1.170623.027; wv) AppleWebKit/537.36 (KHTML, like Gecko) Version/4.0 Chrome/67.0.3396.87 XWEB/775 MMWEBSDK/190301 Mobile Safari/537.36 MMWEBID/137 MicroMessenger/7.0.4.1420(0x27000437) Process/appbrand0 NetType/4G Language/zh_CN miniProgram" -
126.247.213.123 - - [26/Apr/2019:23:59:26 +0800]  "GET /verbs?type=%E4%B8%AA%E4%BA%BA%E6%88%90%E5%B0%B1&display=%E4%B8%AD%E6%96%87& HTTP/1.1" 200 396 "https://www.wondercv.com/zh-CN/cvs/DPoQ86A/custom_sections/2072858/edit?client=&client=ios" "Mozilla/5.0 (iPhone; CPU iPhone OS 12_1_4 like Mac OS X) AppleWebKit/605.1.15 (KHTML, like Gecko) Mobile/16D57/wondercv_ios/app_version=2.3.1" HIT
49.118.188.222 - - [26/Apr/2019:23:59:26 +0800]  "GET /interface/example_cvs?pageNo=1&workTime=&industry=&pageSize=10&unionId= HTTP/1.1" 200 544 "https://servicewechat.com/wx578fdf80110e543b/37/page-frame.html" "Mozilla/5.0 (Linux; Android 9; Redmi Note 7 Pro Build/PKQ1.181203.001; wv) AppleWebKit/537.36 (KHTML, like Gecko) Version/4.0 Chrome/71.0.3578.99 Mobile Safari/537.36 MicroMessenger/7.0.4.1420(0x27000437) Process/appbrand2 NetType/WIFI Language/zh_CN" -
49.95.107.128 - - [26/Apr/2019:23:59:26 +0800]  "GET /zh-CN/cvs/Ce84SqQ/custom_sections/1101989/edit?client=ios HTTP/1.1" 200 17793 "-" "Mozilla/5.0 (iPhone; CPU iPhone OS 12_1_4 like Mac OS X) AppleWebKit/605.1.15 (KHTML, like Gecko) Mobile/16D57/iphonex_series/wondercv_ios/app_version=2.3.1" -
49.118.188.222 - - [26/Apr/2019:23:59:26 +0800]  "GET /interface/example_cvs?pageNo=1&workTime=&industry=&pageSize=10&unionId= HTTP/1.1" 200 544 "https://servicewechat.com/wx578fdf80110e543b/37/page-frame.html" "Mozilla/5.0 (Linux; Android 9; Redmi Note 7 Pro Build/PKQ1.181203.001; wv) AppleWebKit/537.36 (KHTML, like Gecko) Version/4.0 Chrome/71.0.3578.99 Mobile Safari/537.36 MicroMessenger/7.0.4.1420(0x27000437) Process/appbrand2 NetType/WIFI Language/zh_CN" -
119.127.55.18 - - [26/Apr/2019:23:59:26 +0800]  "GET /zh-CN/email/conversations/688018?folder=sent HTTP/1.1" 200 9925 "https://www.wondercv.com/zh-CN/emails/my/sent" "Mozilla/5.0 (Linux; Android 8.1.0; SM-G6200 Build/OPM1.171019.026; wv) AppleWebKit/537.36 (KHTML, like Gecko) Version/4.0 Chrome/67.0.3396.87 XWEB/673 MMWEBSDK/190102 Mobile Safari/537.36 MMWEBID/9382 MicroMessenger/7.0.3.1400(0x2700033C) Process/appbrand3 NetType/WIFI Language/zh_CN miniProgram" -
14.20.88.188 - - [26/Apr/2019:23:59:26 +0800]  "GET /verbs?type=%E4%B8%AA%E4%BA%BA%E6%88%90%E5%B0%B1&display=%E4%B8%AD%E8%8B%B1%E6%96%87%E5%AF%B9%E7%85%A7&_=1556294365287 HTTP/1.1" 301 194 "https://www.wondercv.com/zh-CN/cvs/dNZ98oQ/works?client=android" "Mozilla/5.0 (Linux; Android 7.1.2; vivo Y79A Build/N2G47H; wv) AppleWebKit/537.36 (KHTML, like Gecko) Version/4.0 Chrome/55.0.2883.91 Mobile Safari/537.36android_wondercv_app&android_app_version=2.2.0" -
14.20.88.188 - - [26/Apr/2019:23:59:26 +0800]  "GET /verbs?type=%E4%B8%AA%E4%BA%BA%E6%88%90%E5%B0%B1&display=%E4%B8%AD%E8%8B%B1%E6%96%87%E5%AF%B9%E7%85%A7&_=1556294365288 HTTP/1.1" 301 194 "https://www.wondercv.com/zh-CN/cvs/dNZ98oQ/works?client=android" "Mozilla/5.0 (Linux; Android 7.1.2; vivo Y79A Build/N2G47H; wv) AppleWebKit/537.36 (KHTML, like Gecko) Version/4.0 Chrome/55.0.2883.91 Mobile Safari/537.36android_wondercv_app&android_app_version=2.2.0" -
114.221.190.31 - - [26/Apr/2019:23:59:26 +0800]  "GET /assets/application-3e5f44e19e50027709573ede0932e044413fda22d1cf07a0cbd1d3284c17dd64.js HTTP/1.1" 302 170 "https://www.wondercv.com/zh-CN/cvs" "Mozilla/5.0 (Windows NT 10.0; WOW64; Trident/7.0; rv:11.0) like Gecko" -
223.212.36.235 - - [26/Apr/2019:23:59:26 +0800]  "POST /zh-CN/account/users/1261895/wx_personal_qr HTTP/1.1" 200 86 "https://www.wondercv.com/zh-CN/cvs?client=ios" "Mozilla/5.0 (iPhone; CPU iPhone OS 12_2 like Mac OS X) AppleWebKit/605.1.15 (KHTML, like Gecko) Mobile/15E148/iphonex_series/wondercv_ios/app_version=2.3.1" -
218.204.3.77 - - [26/Apr/2019:23:59:26 +0800]  "GET /zh-CN/cvs?miniprogram_unionid=ocVLM1Oor6iePZZoNzqXGm9Rf8o0 HTTP/1.1" 200 19412 "-" "Mozilla/5.0 (Linux; Android 8.1.0; vivo X9s Build/OPM1.171019.019; wv) AppleWebKit/537.36 (KHTML, like Gecko) Version/4.0 Chrome/67.0.3396.87 XWEB/673 MMWEBSDK/190102 Mobile Safari/537.36 MMWEBID/8150 MicroMessenger/7.0.3.1400(0x2700033C) Process/appbrand0 NetType/4G Language/zh_CN miniProgram" -
115.198.188.119 - - [26/Apr/2019:23:59:26 +0800]  "GET /zh-CN/cvs/hcGTYaU/works?client=android HTTP/1.1" 200 20058 "-" "Mozilla/5.0 (Linux; Android 9; BLA-AL00 Build/HUAWEIBLA-AL00; wv) AppleWebKit/537.36 (KHTML, like Gecko) Version/4.0 Chrome/71.0.3578.99 Mobile Safari/537.36android_wondercv_app&android_app_version=2.2.0" -
175.188.57.66 - - [26/Apr/2019:23:59:26 +0800]  "POST /zh-CN/cvs/1110164/custom_sections HTTP/1.1" 200 2155 "https://www.wondercv.com/zh-CN/cvs/ZdXQoG4/editor" "Mozilla/5.0 (Windows NT 10.0; Win64; x64) AppleWebKit/537.36 (KHTML, like Gecko) Chrome/64.0.3282.140 Safari/537.36 Edge/18.17763" -
123.4.52.4 - - [26/Apr/2019:23:59:26 +0800]  "GET /zh-CN/cvs/UUUz8P8/edus HTTP/1.1" 200 18771 "https://www.wondercv.com/zh-CN/cvs/UUUz8P8/editor" "Mozilla/5.0 (Linux; Android 5.1.1; vivo X6S A Build/LMY47V; wv) AppleWebKit/537.36 (KHTML, like Gecko) Version/4.0 Chrome/67.0.3396.87 XWEB/673 MMWEBSDK/180803 Mobile Safari/537.36 MMWEBID/9678 MicroMessenger/6.7.3.1360(0x260703E6) NetType/WIFI Language/zh_CN Process/appbrand0 miniProgram" -
36.23.99.215 - - [26/Apr/2019:23:59:26 +0800]  "GET /assets/tinymce/skins/lightgray/skin.min.css HTTP/1.1" 200 7609 "https://www.wondercv.com/zh-CN/cvs/SCKBMcM/editor" "Mozilla/5.0 (Linux; Android 6.0.1; vivo Y53 Build/MMB29M; wv) AppleWebKit/537.36 (KHTML, like Gecko) Version/4.0 Chrome/67.0.3396.87 XWEB/673 MMWEBSDK/180801 Mobile Safari/537.36 MicroMessenger/6.7.3.1360(0x26070333) NetType/4G Language/zh_CN Process/appbrand2 MicroMessenger/6.7.3.1360(0x26070333) NetType/4G Language/zh_CN Process/appbrand2 miniProgram" -
49.95.107.128 - - [26/Apr/2019:23:59:26 +0800]  "GET /assets/v2_guide-d8dbaf07292bd37b5b2d333e27c3af26d2d2643bc9366b80314d0ef0f5729b60.css HTTP/1.1" 302 170 "https://www.wondercv.com/zh-CN/cvs/Ce84SqQ/custom_sections/1101989/edit?client=ios" "Mozilla/5.0 (iPhone; CPU iPhone OS 12_1_4 like Mac OS X) AppleWebKit/605.1.15 (KHTML, like Gecko) Mobile/16D57/iphonex_series/wondercv_ios/app_version=2.3.1" -
49.95.107.128 - - [26/Apr/2019:23:59:26 +0800]  "GET /assets/application-3e5f44e19e50027709573ede0932e044413fda22d1cf07a0cbd1d3284c17dd64.js HTTP/1.1" 302 170 "https://www.wondercv.com/zh-CN/cvs/Ce84SqQ/custom_sections/1101989/edit?client=ios" "Mozilla/5.0 (iPhone; CPU iPhone OS 12_1_4 like Mac OS X) AppleWebKit/605.1.15 (KHTML, like Gecko) Mobile/16D57/iphonex_series/wondercv_ios/app_version=2.3.1" -
218.204.3.77 - - [26/Apr/2019:23:59:26 +0800]  "GET /assets/application-d90fe7c6e241e748d4b67f1ca4996de0e21a87f62b4bfd7de471ba2896fa9930.css HTTP/1.1" 302 170 "https://www.wondercv.com/zh-CN/cvs?miniprogram_unionid=ocVLM1Oor6iePZZoNzqXGm9Rf8o0" "Mozilla/5.0 (Linux; Android 8.1.0; vivo X9s Build/OPM1.171019.019; wv) AppleWebKit/537.36 (KHTML, like Gecko) Version/4.0 Chrome/67.0.3396.87 XWEB/673 MMWEBSDK/190102 Mobile Safari/537.36 MMWEBID/8150 MicroMessenger/7.0.3.1400(0x2700033C) Process/appbrand0 NetType/4G Language/zh_CN miniProgram" -
119.127.55.18 - - [26/Apr/2019:23:59:26 +0800]  "GET /assets/application-d90fe7c6e241e748d4b67f1ca4996de0e21a87f62b4bfd7de471ba2896fa9930.css HTTP/1.1" 302 170 "https://www.wondercv.com/zh-CN/email/conversations/688018?folder=sent" "Mozilla/5.0 (Linux; Android 8.1.0; SM-G6200 Build/OPM1.171019.026; wv) AppleWebKit/537.36 (KHTML, like Gecko) Version/4.0 Chrome/67.0.3396.87 XWEB/673 MMWEBSDK/190102 Mobile Safari/537.36 MMWEBID/9382 MicroMessenger/7.0.3.1400(0x2700033C) Process/appbrand3 NetType/WIFI Language/zh_CN miniProgram" -
115.198.188.119 - - [26/Apr/2019:23:59:26 +0800]  "GET /assets/v2_guide-d8dbaf07292bd37b5b2d333e27c3af26d2d2643bc9366b80314d0ef0f5729b60.css HTTP/1.1" 302 170 "https://www.wondercv.com/zh-CN/cvs/hcGTYaU/works?client=android" "Mozilla/5.0 (Linux; Android 9; BLA-AL00 Build/HUAWEIBLA-AL00; wv) AppleWebKit/537.36 (KHTML, like Gecko) Version/4.0 Chrome/71.0.3578.99 Mobile Safari/537.36android_wondercv_app&android_app_version=2.2.0" -
36.23.99.215 - - [26/Apr/2019:23:59:26 +0800]  "GET /assets/tinymce/skins/lightgray/content.min.css HTTP/1.1" 200 1191 "https://www.wondercv.com/zh-CN/cvs/SCKBMcM/editor" "Mozilla/5.0 (Linux; Android 6.0.1; vivo Y53 Build/MMB29M; wv) AppleWebKit/537.36 (KHTML, like Gecko) Version/4.0 Chrome/67.0.3396.87 XWEB/673 MMWEBSDK/180801 Mobile Safari/537.36 MicroMessenger/6.7.3.1360(0x26070333) NetType/4G Language/zh_CN Process/appbrand2 MicroMessenger/6.7.3.1360(0x26070333) NetType/4G Language/zh_CN Process/appbrand2 miniProgram" -
115.198.188.119 - - [26/Apr/2019:23:59:26 +0800]  "GET /assets/application-3e5f44e19e50027709573ede0932e044413fda22d1cf07a0cbd1d3284c17dd64.js HTTP/1.1" 302 170 "https://www.wondercv.com/zh-CN/cvs/hcGTYaU/works?client=android" "Mozilla/5.0 (Linux; Android 9; BLA-AL00 Build/HUAWEIBLA-AL00; wv) AppleWebKit/537.36 (KHTML, like Gecko) Version/4.0 Chrome/71.0.3578.99 Mobile Safari/537.36android_wondercv_app&android_app_version=2.2.0" -
218.204.3.77 - - [26/Apr/2019:23:59:26 +0800]  "GET /assets/application-3e5f44e19e50027709573ede0932e044413fda22d1cf07a0cbd1d3284c17dd64.js HTTP/1.1" 302 170 "https://www.wondercv.com/zh-CN/cvs?miniprogram_unionid=ocVLM1Oor6iePZZoNzqXGm9Rf8o0" "Mozilla/5.0 (Linux; Android 8.1.0; vivo X9s Build/OPM1.171019.019; wv) AppleWebKit/537.36 (KHTML, like Gecko) Version/4.0 Chrome/67.0.3396.87 XWEB/673 MMWEBSDK/190102 Mobile Safari/537.36 MMWEBID/8150 MicroMessenger/7.0.3.1400(0x2700033C) Process/appbrand0 NetType/4G Language/zh_CN miniProgram" -
46.229.168.149 - - [26/Apr/2019:23:59:26 +0800]  "GET /zh-CN/campus_recruiting/user_show?page=108 HTTP/1.1" 200 12039 "-" "Mozilla/5.0 (compatible; SemrushBot/3~bl; +http://www.semrush.com/bot.html)" -
119.127.55.18 - - [26/Apr/2019:23:59:26 +0800]  "GET /assets/application-3e5f44e19e50027709573ede0932e044413fda22d1cf07a0cbd1d3284c17dd64.js HTTP/1.1" 302 170 "https://www.wondercv.com/zh-CN/email/conversations/688018?folder=sent" "Mozilla/5.0 (Linux; Android 8.1.0; SM-G6200 Build/OPM1.171019.026; wv) AppleWebKit/537.36 (KHTML, like Gecko) Version/4.0 Chrome/67.0.3396.87 XWEB/673 MMWEBSDK/190102 Mobile Safari/537.36 MMWEBID/9382 MicroMessenger/7.0.3.1400(0x2700033C) Process/appbrand3 NetType/WIFI Language/zh_CN miniProgram" -
123.4.52.4 - - [26/Apr/2019:23:59:26 +0800]  "GET /assets/v2_guide-d8dbaf07292bd37b5b2d333e27c3af26d2d2643bc9366b80314d0ef0f5729b60.css HTTP/1.1" 302 170 "https://www.wondercv.com/zh-CN/cvs/UUUz8P8/edus" "Mozilla/5.0 (Linux; Android 5.1.1; vivo X6S A Build/LMY47V; wv) AppleWebKit/537.36 (KHTML, like Gecko) Version/4.0 Chrome/67.0.3396.87 XWEB/673 MMWEBSDK/180803 Mobile Safari/537.36 MMWEBID/9678 MicroMessenger/6.7.3.1360(0x260703E6) NetType/WIFI Language/zh_CN Process/appbrand0 miniProgram" -
106.121.144.209 - - [26/Apr/2019:23:59:26 +0800]  "GET /assets/application-3e5f44e19e50027709573ede0932e044413fda22d1cf07a0cbd1d3284c17dd64.js HTTP/1.1" 302 170 "https://www.wondercv.com/zh-CN/email/conversations/688010?folder=sent" "Mozilla/5.0 (Linux; Android 8.0.0; MIX 2 Build/OPR1.170623.027; wv) AppleWebKit/537.36 (KHTML, like Gecko) Version/4.0 Chrome/67.0.3396.87 XWEB/775 MMWEBSDK/190301 Mobile Safari/537.36 MMWEBID/137 MicroMessenger/7.0.4.1420(0x27000437) Process/appbrand0 NetType/4G Language/zh_CN miniProgram" -
14.20.88.188 - - [26/Apr/2019:23:59:26 +0800]  "GET /assets/tinymce/langs/zh_CN.js HTTP/1.1" 200 7897 "https://www.wondercv.com/zh-CN/cvs/dNZ98oQ/works?client=android" "Mozilla/5.0 (Linux; Android 7.1.2; vivo Y79A Build/N2G47H; wv) AppleWebKit/537.36 (KHTML, like Gecko) Version/4.0 Chrome/55.0.2883.91 Mobile Safari/537.36android_wondercv_app&android_app_version=2.2.0" -
14.20.88.188 - - [26/Apr/2019:23:59:26 +0800]  "GET /assets/tinymce/themes/modern/theme.js HTTP/1.1" 200 13069 "https://www.wondercv.com/zh-CN/cvs/dNZ98oQ/works?client=android" "Mozilla/5.0 (Linux; Android 7.1.2; vivo Y79A Build/N2G47H; wv) AppleWebKit/537.36 (KHTML, like Gecko) Version/4.0 Chrome/55.0.2883.91 Mobile Safari/537.36android_wondercv_app&android_app_version=2.2.0" -
14.20.88.188 - - [26/Apr/2019:23:59:26 +0800]  "GET /assets/tinymce/plugins/autolink/plugin.js HTTP/1.1" 200 2058 "https://www.wondercv.com/zh-CN/cvs/dNZ98oQ/works?client=android" "Mozilla/5.0 (Linux; Android 7.1.2; vivo Y79A Build/N2G47H; wv) AppleWebKit/537.36 (KHTML, like Gecko) Version/4.0 Chrome/55.0.2883.91 Mobile Safari/537.36android_wondercv_app&android_app_version=2.2.0" -
14.20.88.188 - - [26/Apr/2019:23:59:26 +0800]  "GET /verbs?type=%E4%B8%AA%E4%BA%BA%E6%88%90%E5%B0%B1&display=%E4%B8%AD%E8%8B%B1%E6%96%87%E5%AF%B9%E7%85%A7& HTTP/1.1" 304 0 "https://www.wondercv.com/zh-CN/cvs/dNZ98oQ/works?client=android" "Mozilla/5.0 (Linux; Android 7.1.2; vivo Y79A Build/N2G47H; wv) AppleWebKit/537.36 (KHTML, like Gecko) Version/4.0 Chrome/55.0.2883.91 Mobile Safari/537.36android_wondercv_app&android_app_version=2.2.0" HIT
14.20.88.188 - - [26/Apr/2019:23:59:26 +0800]  "GET /assets/tinymce/plugins/lists/plugin.js HTTP/1.1" 200 14483 "https://www.wondercv.com/zh-CN/cvs/dNZ98oQ/works?client=android" "Mozilla/5.0 (Linux; Android 7.1.2; vivo Y79A Build/N2G47H; wv) AppleWebKit/537.36 (KHTML, like Gecko) Version/4.0 Chrome/55.0.2883.91 Mobile Safari/537.36android_wondercv_app&android_app_version=2.2.0" -
14.20.88.188 - - [26/Apr/2019:23:59:26 +0800]  "GET /assets/tinymce/plugins/link/plugin.js HTTP/1.1" 200 6990 "https://www.wondercv.com/zh-CN/cvs/dNZ98oQ/works?client=android" "Mozilla/5.0 (Linux; Android 7.1.2; vivo Y79A Build/N2G47H; wv) AppleWebKit/537.36 (KHTML, like Gecko) Version/4.0 Chrome/55.0.2883.91 Mobile Safari/537.36android_wondercv_app&android_app_version=2.2.0" -
36.23.99.215 - - [26/Apr/2019:23:59:26 +0800]  "POST /zh-CN/signin/scan/check HTTP/1.1" 200 50 "https://www.wondercv.com/?_c=baidu&_p=pcczc&_k=0610" "Mozilla/5.0 (Windows NT 10.0; Win64; x64) AppleWebKit/537.36 (KHTML, like Gecko) Chrome/64.0.3282.140 Safari/537.36 Edge/17.17134" -
180.160.193.194 - - [26/Apr/2019:23:59:26 +0800]  "POST /zh-CN/signin/scan/check HTTP/1.1" 200 50 "https://www.wondercv.com/zh-CN/signin?type=login" "Mozilla/5.0 (Macintosh; Intel Mac OS X 10_14_3) AppleWebKit/537.36 (KHTML, like Gecko) Chrome/73.0.3683.103 Safari/537.36" -
14.20.88.188 - - [26/Apr/2019:23:59:26 +0800]  "GET /verbs?type=%E4%B8%AA%E4%BA%BA%E6%88%90%E5%B0%B1&display=%E4%B8%AD%E8%8B%B1%E6%96%87%E5%AF%B9%E7%85%A7& HTTP/1.1" 304 0 "https://www.wondercv.com/zh-CN/cvs/dNZ98oQ/works?client=android" "Mozilla/5.0 (Linux; Android 7.1.2; vivo Y79A Build/N2G47H; wv) AppleWebKit/537.36 (KHTML, like Gecko) Version/4.0 Chrome/55.0.2883.91 Mobile Safari/537.36android_wondercv_app&android_app_version=2.2.0" HIT
14.20.88.188 - - [26/Apr/2019:23:59:26 +0800]  "GET /assets/tinymce/plugins/paste/plugin.js HTTP/1.1" 200 17750 "https://www.wondercv.com/zh-CN/cvs/dNZ98oQ/works?client=android" "Mozilla/5.0 (Linux; Android 7.1.2; vivo Y79A Build/N2G47H; wv) AppleWebKit/537.36 (KHTML, like Gecko) Version/4.0 Chrome/55.0.2883.91 Mobile Safari/537.36android_wondercv_app&android_app_version=2.2.0" -
14.20.88.188 - - [26/Apr/2019:23:59:26 +0800]  "GET /assets/tinymce/plugins/autoresize/plugin.js HTTP/1.1" 200 1903 "https://www.wondercv.com/zh-CN/cvs/dNZ98oQ/works?client=android" "Mozilla/5.0 (Linux; Android 7.1.2; vivo Y79A Build/N2G47H; wv) AppleWebKit/537.36 (KHTML, like Gecko) Version/4.0 Chrome/55.0.2883.91 Mobile Safari/537.36android_wondercv_app&android_app_version=2.2.0" -
123.4.52.4 - - [26/Apr/2019:23:59:26 +0800]  "GET /assets/application-3e5f44e19e50027709573ede0932e044413fda22d1cf07a0cbd1d3284c17dd64.js HTTP/1.1" 302 170 "https://www.wondercv.com/zh-CN/cvs/UUUz8P8/edus" "Mozilla/5.0 (Linux; Android 5.1.1; vivo X6S A Build/LMY47V; wv) AppleWebKit/537.36 (KHTML, like Gecko) Version/4.0 Chrome/67.0.3396.87 XWEB/673 MMWEBSDK/180803 Mobile Safari/537.36 MMWEBID/9678 MicroMessenger/6.7.3.1360(0x260703E6) NetType/WIFI Language/zh_CN Process/appbrand0 miniProgram" -
14.20.88.188 - - [26/Apr/2019:23:59:26 +0800]  "GET /assets/tinymce/plugins/table/plugin.js HTTP/1.1" 200 46897 "https://www.wondercv.com/zh-CN/cvs/dNZ98oQ/works?client=android" "Mozilla/5.0 (Linux; Android 7.1.2; vivo Y79A Build/N2G47H; wv) AppleWebKit/537.36 (KHTML, like Gecko) Version/4.0 Chrome/55.0.2883.91 Mobile Safari/537.36android_wondercv_app&android_app_version=2.2.0" -
112.87.205.189 - - [26/Apr/2019:23:59:26 +0800]  "GET /example_entries?lang=cn&tag=%E5%92%A8%E8%AF%A2&example_type=%E5%85%A8%E8%81%8C%E5%B7%A5%E4%BD%9C%E7%BB%8F%E5%8E%86&template=white_cn&_=1556289369119 HTTP/1.1" 301 194 "https://www.wondercv.com/zh-CN/cvs/mwy_lu0/editor" "Mozilla/5.0 (Macintosh; Intel Mac OS X 10_12_6) AppleWebKit/537.36 (KHTML, like Gecko) Chrome/74.0.3729.108 Safari/537.36" -
125.119.186.109 - - [26/Apr/2019:23:59:26 +0800]  "POST /zh-CN/cvs/1582597/works/2187868 HTTP/1.1" 200 168 "https://www.wondercv.com/zh-CN/cvs/m9izrJQ/editor" "Mozilla/5.0 (Macintosh; Intel Mac OS X 10_14_3) AppleWebKit/537.36 (KHTML, like Gecko) Chrome/73.0.3683.103 Safari/537.36" -
58.48.207.124 - - [26/Apr/2019:23:59:27 +0800]  "GET /zh-CN/resume_templates?from=singlemessage&isappinstalled=0 HTTP/1.1" 200 10145 "-" "Mozilla/5.0 (iPad; CPU OS 12_2 like Mac OS X) AppleWebKit/605.1.15 (KHTML, like Gecko) Version/12.1 Mobile/15E148 Safari/604.1" -
223.104.16.86 - - [26/Apr/2019:23:59:27 +0800]  "GET /jianlizhushou?for=cv_report&amp;locale=zh-CN&amp;navbar=no&from=timeline&isappinstalled=0 HTTP/1.1" 200 5299 "-" "Mozilla/5.0 (iPhone; CPU iPhone OS 12_2 like Mac OS X) AppleWebKit/605.1.15 (KHTML, like Gecko) Mobile/15E148 MicroMessenger/7.0.3(0x17000321) NetType/4G Language/zh_CN" -
117.136.46.120 - - [26/Apr/2019:23:59:27 +0800]  "POST /zh-CN/cvs/RlHk3kk/edus/updates HTTP/1.1" 200 3215 "https://www.wondercv.com/zh-CN/cvs/RlHk3kk/edus" "Mozilla/5.0 (iPhone; CPU iPhone OS 12_1_2 like Mac OS X) AppleWebKit/605.1.15 (KHTML, like Gecko) Mobile/16C101 MicroMessenger/7.0.3(0x17000321) NetType/4G Language/zh_CN miniProgram" -
49.95.107.128 - - [26/Apr/2019:23:59:27 +0800]  "GET /verbs?type=%E4%B8%AA%E4%BA%BA%E6%88%90%E5%B0%B1&display=%E4%B8%AD%E6%96%87&_=1556294366860 HTTP/1.1" 301 194 "https://www.wondercv.com/zh-CN/cvs/Ce84SqQ/custom_sections/1101989/edit?client=ios" "Mozilla/5.0 (iPhone; CPU iPhone OS 12_1_4 like Mac OS X) AppleWebKit/605.1.15 (KHTML, like Gecko) Mobile/16D57/iphonex_series/wondercv_ios/app_version=2.3.1" -
49.95.107.128 - - [26/Apr/2019:23:59:27 +0800]  "GET /verbs?type=%E4%B8%AA%E4%BA%BA%E6%88%90%E5%B0%B1&display=%E4%B8%AD%E6%96%87&_=1556294366859 HTTP/1.1" 301 194 "https://www.wondercv.com/zh-CN/cvs/Ce84SqQ/custom_sections/1101989/edit?client=ios" "Mozilla/5.0 (iPhone; CPU iPhone OS 12_1_4 like Mac OS X) AppleWebKit/605.1.15 (KHTML, like Gecko) Mobile/16D57/iphonex_series/wondercv_ios/app_version=2.3.1" -
223.104.16.86 - - [26/Apr/2019:23:59:27 +0800]  "GET /assets/welcome-819871e4bec4d104d4a04334eb79faac20da027a68b026959e01b68d7cfdb6ea.css HTTP/1.1" 302 170 "https://www.wondercv.com/jianlizhushou?for=cv_report&amp;locale=zh-CN&amp;navbar=no&from=timeline&isappinstalled=0" "Mozilla/5.0 (iPhone; CPU iPhone OS 12_2 like Mac OS X) AppleWebKit/605.1.15 (KHTML, like Gecko) Mobile/15E148 MicroMessenger/7.0.3(0x17000321) NetType/4G Language/zh_CN" -
115.198.188.119 - - [26/Apr/2019:23:59:27 +0800]  "GET /verbs?type=%E4%B8%AA%E4%BA%BA%E6%88%90%E5%B0%B1&display=%E4%B8%AD%E6%96%87&_=1556294366802 HTTP/1.1" 301 194 "https://www.wondercv.com/zh-CN/cvs/hcGTYaU/works?client=android" "Mozilla/5.0 (Linux; Android 9; BLA-AL00 Build/HUAWEIBLA-AL00; wv) AppleWebKit/537.36 (KHTML, like Gecko) Version/4.0 Chrome/71.0.3578.99 Mobile Safari/537.36android_wondercv_app&android_app_version=2.2.0" -
58.48.207.124 - - [26/Apr/2019:23:59:27 +0800]  "GET /apple-touch-icon-152x152-precomposed.png HTTP/1.1" 500 193 "-" "MobileSafari/604.1 CFNetwork/978.0.7 Darwin/18.5.0" -
14.20.88.188 - - [26/Apr/2019:23:59:27 +0800]  "GET /assets/tinymce/skins/lightgray/skin.min.css HTTP/1.1" 200 7609 "https://www.wondercv.com/zh-CN/cvs/dNZ98oQ/works?client=android" "Mozilla/5.0 (Linux; Android 7.1.2; vivo Y79A Build/N2G47H; wv) AppleWebKit/537.36 (KHTML, like Gecko) Version/4.0 Chrome/55.0.2883.91 Mobile Safari/537.36android_wondercv_app&android_app_version=2.2.0" -
112.87.205.189 - - [26/Apr/2019:23:59:27 +0800]  "GET /example_entries?lang=cn&tag=%E5%92%A8%E8%AF%A2&example_type=%E5%85%A8%E8%81%8C%E5%B7%A5%E4%BD%9C%E7%BB%8F%E5%8E%86&template=white_cn& HTTP/1.1" 304 0 "https://www.wondercv.com/zh-CN/cvs/mwy_lu0/editor" "Mozilla/5.0 (Macintosh; Intel Mac OS X 10_12_6) AppleWebKit/537.36 (KHTML, like Gecko) Chrome/74.0.3729.108 Safari/537.36" HIT
58.48.207.124 - - [26/Apr/2019:23:59:27 +0800]  "GET /apple-touch-icon-152x152.png HTTP/1.1" 500 193 "-" "MobileSafari/604.1 CFNetwork/978.0.7 Darwin/18.5.0" -
115.198.188.119 - - [26/Apr/2019:23:59:27 +0800]  "GET /verbs?type=%E4%B8%AA%E4%BA%BA%E6%88%90%E5%B0%B1&display=%E4%B8%AD%E6%96%87&_=1556294366801 HTTP/1.1" 301 194 "https://www.wondercv.com/zh-CN/cvs/hcGTYaU/works?client=android" "Mozilla/5.0 (Linux; Android 9; BLA-AL00 Build/HUAWEIBLA-AL00; wv) AppleWebKit/537.36 (KHTML, like Gecko) Version/4.0 Chrome/71.0.3578.99 Mobile Safari/537.36android_wondercv_app&android_app_version=2.2.0" -
